Archive member included to satisfy reference by file (symbol)

D:/tool/cmake/cmake_zip/arm-gnu-toolchain/bin/../lib/gcc/arm-none-eabi/14.2.1/thumb/v7e-m+dp/hard\libc_nano.a(libc_a-exit.o)
                              D:/tool/cmake/cmake_zip/arm-gnu-toolchain/bin/../lib/gcc/arm-none-eabi/14.2.1/thumb/v7e-m+dp/hard/crt0.o (exit)
D:/tool/cmake/cmake_zip/arm-gnu-toolchain/bin/../lib/gcc/arm-none-eabi/14.2.1/thumb/v7e-m+dp/hard\libc_nano.a(libc_a-findfp.o)
                              D:/tool/cmake/cmake_zip/arm-gnu-toolchain/bin/../lib/gcc/arm-none-eabi/14.2.1/thumb/v7e-m+dp/hard\libc_nano.a(libc_a-exit.o) (__stdio_exit_handler)
D:/tool/cmake/cmake_zip/arm-gnu-toolchain/bin/../lib/gcc/arm-none-eabi/14.2.1/thumb/v7e-m+dp/hard\libc_nano.a(libc_a-fwalk.o)
                              D:/tool/cmake/cmake_zip/arm-gnu-toolchain/bin/../lib/gcc/arm-none-eabi/14.2.1/thumb/v7e-m+dp/hard\libc_nano.a(libc_a-findfp.o) (_fwalk_sglue)
D:/tool/cmake/cmake_zip/arm-gnu-toolchain/bin/../lib/gcc/arm-none-eabi/14.2.1/thumb/v7e-m+dp/hard\libc_nano.a(libc_a-stdio.o)
                              D:/tool/cmake/cmake_zip/arm-gnu-toolchain/bin/../lib/gcc/arm-none-eabi/14.2.1/thumb/v7e-m+dp/hard\libc_nano.a(libc_a-findfp.o) (__sread)
D:/tool/cmake/cmake_zip/arm-gnu-toolchain/bin/../lib/gcc/arm-none-eabi/14.2.1/thumb/v7e-m+dp/hard\libc_nano.a(libc_a-memset.o)
                              D:/tool/cmake/cmake_zip/arm-gnu-toolchain/bin/../lib/gcc/arm-none-eabi/14.2.1/thumb/v7e-m+dp/hard/crt0.o (memset)
D:/tool/cmake/cmake_zip/arm-gnu-toolchain/bin/../lib/gcc/arm-none-eabi/14.2.1/thumb/v7e-m+dp/hard\libc_nano.a(libc_a-closer.o)
                              D:/tool/cmake/cmake_zip/arm-gnu-toolchain/bin/../lib/gcc/arm-none-eabi/14.2.1/thumb/v7e-m+dp/hard\libc_nano.a(libc_a-stdio.o) (_close_r)
D:/tool/cmake/cmake_zip/arm-gnu-toolchain/bin/../lib/gcc/arm-none-eabi/14.2.1/thumb/v7e-m+dp/hard\libc_nano.a(libc_a-reent.o)
                              D:/tool/cmake/cmake_zip/arm-gnu-toolchain/bin/../lib/gcc/arm-none-eabi/14.2.1/thumb/v7e-m+dp/hard\libc_nano.a(libc_a-closer.o) (errno)
D:/tool/cmake/cmake_zip/arm-gnu-toolchain/bin/../lib/gcc/arm-none-eabi/14.2.1/thumb/v7e-m+dp/hard\libc_nano.a(libc_a-impure.o)
                              D:/tool/cmake/cmake_zip/arm-gnu-toolchain/bin/../lib/gcc/arm-none-eabi/14.2.1/thumb/v7e-m+dp/hard\libc_nano.a(libc_a-reent.o) (_impure_ptr)
D:/tool/cmake/cmake_zip/arm-gnu-toolchain/bin/../lib/gcc/arm-none-eabi/14.2.1/thumb/v7e-m+dp/hard\libc_nano.a(libc_a-lseekr.o)
                              D:/tool/cmake/cmake_zip/arm-gnu-toolchain/bin/../lib/gcc/arm-none-eabi/14.2.1/thumb/v7e-m+dp/hard\libc_nano.a(libc_a-stdio.o) (_lseek_r)
D:/tool/cmake/cmake_zip/arm-gnu-toolchain/bin/../lib/gcc/arm-none-eabi/14.2.1/thumb/v7e-m+dp/hard\libc_nano.a(libc_a-readr.o)
                              D:/tool/cmake/cmake_zip/arm-gnu-toolchain/bin/../lib/gcc/arm-none-eabi/14.2.1/thumb/v7e-m+dp/hard\libc_nano.a(libc_a-stdio.o) (_read_r)
D:/tool/cmake/cmake_zip/arm-gnu-toolchain/bin/../lib/gcc/arm-none-eabi/14.2.1/thumb/v7e-m+dp/hard\libc_nano.a(libc_a-writer.o)
                              D:/tool/cmake/cmake_zip/arm-gnu-toolchain/bin/../lib/gcc/arm-none-eabi/14.2.1/thumb/v7e-m+dp/hard\libc_nano.a(libc_a-stdio.o) (_write_r)
D:/tool/cmake/cmake_zip/arm-gnu-toolchain/bin/../lib/gcc/arm-none-eabi/14.2.1/thumb/v7e-m+dp/hard\libc_nano.a(libc_a-init.o)
                              D:/tool/cmake/cmake_zip/arm-gnu-toolchain/bin/../lib/gcc/arm-none-eabi/14.2.1/thumb/v7e-m+dp/hard/crt0.o (__libc_init_array)
D:/tool/cmake/cmake_zip/arm-gnu-toolchain/bin/../lib/gcc/arm-none-eabi/14.2.1/thumb/v7e-m+dp/hard\libc_nano.a(libc_a-lock.o)
                              D:/tool/cmake/cmake_zip/arm-gnu-toolchain/bin/../lib/gcc/arm-none-eabi/14.2.1/thumb/v7e-m+dp/hard\libc_nano.a(libc_a-findfp.o) (__retarget_lock_init_recursive)
D:/tool/cmake/cmake_zip/arm-gnu-toolchain/bin/../lib/gcc/arm-none-eabi/14.2.1/thumb/v7e-m+dp/hard\libc_nano.a(libc_a-freer.o)
                              D:/tool/cmake/cmake_zip/arm-gnu-toolchain/bin/../lib/gcc/arm-none-eabi/14.2.1/thumb/v7e-m+dp/hard\libc_nano.a(libc_a-reent.o) (_free_r)
D:/tool/cmake/cmake_zip/arm-gnu-toolchain/bin/../lib/gcc/arm-none-eabi/14.2.1/thumb/v7e-m+dp/hard\libc_nano.a(libc_a-mallocr.o)
                              D:/tool/cmake/cmake_zip/arm-gnu-toolchain/bin/../lib/gcc/arm-none-eabi/14.2.1/thumb/v7e-m+dp/hard\libc_nano.a(libc_a-findfp.o) (_malloc_r)
D:/tool/cmake/cmake_zip/arm-gnu-toolchain/bin/../lib/gcc/arm-none-eabi/14.2.1/thumb/v7e-m+dp/hard\libc_nano.a(libc_a-mlock.o)
                              D:/tool/cmake/cmake_zip/arm-gnu-toolchain/bin/../lib/gcc/arm-none-eabi/14.2.1/thumb/v7e-m+dp/hard\libc_nano.a(libc_a-freer.o) (__malloc_lock)
D:/tool/cmake/cmake_zip/arm-gnu-toolchain/bin/../lib/gcc/arm-none-eabi/14.2.1/thumb/v7e-m+dp/hard\libc_nano.a(libc_a-fflush.o)
[...]
Memory Configuration

Name             Origin             Length             Attributes
DTCMRAM          0x20000000         0x00020000         xrw
RAM              0x24000000         0x00080000         xrw
RAM_D2           0x30000000         0x00048000         xrw
RAM_D3           0x38000000         0x00010000         xrw
ITCMRAM          0x00000000         0x00010000         xrw
FLASH            0x08000000         0x00020000         xr
*default*        0x00000000         0xffffffff

Linker script and memory map

LOAD D:/tool/cmake/cmake_zip/arm-gnu-toolchain/bin/../lib/gcc/arm-none-eabi/14.2.1/thumb/v7e-m+dp/hard/crti.o
LOAD D:/tool/cmake/cmake_zip/arm-gnu-toolchain/bin/../lib/gcc/arm-none-eabi/14.2.1/thumb/v7e-m+dp/hard/crtbegin.o
LOAD D:/tool/cmake/cmake_zip/arm-gnu-toolchain/bin/../lib/gcc/arm-none-eabi/14.2.1/thumb/v7e-m+dp/hard/crt0.o
START GROUP
LOAD D:/tool/cmake/cmake_zip/arm-gnu-toolchain/bin/../lib/gcc/arm-none-eabi/14.2.1/thumb/v7e-m+dp/hard\libc_nano.a
LOAD D:/tool/cmake/cmake_zip/arm-gnu-toolchain/bin/../lib/gcc/arm-none-eabi/14.2.1/thumb/v7e-m+dp/hard\libm.a
END GROUP
LOAD CMakeFiles/TEST_ADC_1.dir/Core/Src/main.c.obj
LOAD CMakeFiles/TEST_ADC_1.dir/Core/Src/stm32h7xx_it.c.obj
LOAD CMakeFiles/TEST_ADC_1.dir/Core/Src/stm32h7xx_hal_msp.c.obj
LOAD CMakeFiles/TEST_ADC_1.dir/Drivers/STM32H7xx_HAL_Driver/Src/stm32h7xx_hal_adc.c.obj
LOAD CMakeFiles/TEST_ADC_1.dir/Drivers/STM32H7xx_HAL_Driver/Src/stm32h7xx_hal_adc_ex.c.obj
LOAD CMakeFiles/TEST_ADC_1.dir/Drivers/STM32H7xx_HAL_Driver/Src/stm32h7xx_hal_rcc.c.obj
LOAD CMakeFiles/TEST_ADC_1.dir/Drivers/STM32H7xx_HAL_Driver/Src/stm32h7xx_hal_rcc_ex.c.obj
LOAD CMakeFiles/TEST_ADC_1.dir/Drivers/STM32H7xx_HAL_Driver/Src/stm32h7xx_hal_flash.c.obj
LOAD CMakeFiles/TEST_ADC_1.dir/Drivers/STM32H7xx_HAL_Driver/Src/stm32h7xx_hal_flash_ex.c.obj
LOAD CMakeFiles/TEST_ADC_1.dir/Drivers/STM32H7xx_HAL_Driver/Src/stm32h7xx_hal_gpio.c.obj
LOAD CMakeFiles/TEST_ADC_1.dir/Drivers/STM32H7xx_HAL_Driver/Src/stm32h7xx_hal_hsem.c.obj
LOAD CMakeFiles/TEST_ADC_1.dir/Drivers/STM32H7xx_HAL_Driver/Src/stm32h7xx_hal_dma.c.obj
LOAD CMakeFiles/TEST_ADC_1.dir/Drivers/STM32H7xx_HAL_Driver/Src/stm32h7xx_hal_dma_ex.c.obj
LOAD CMakeFiles/TEST_ADC_1.dir/Drivers/STM32H7xx_HAL_Driver/Src/stm32h7xx_hal_mdma.c.obj
LOAD CMakeFiles/TEST_ADC_1.dir/Drivers/STM32H7xx_HAL_Driver/Src/stm32h7xx_hal_pwr.c.obj
LOAD CMakeFiles/TEST_ADC_1.dir/Drivers/STM32H7xx_HAL_Driver/Src/stm32h7xx_hal_pwr_ex.c.obj
LOAD CMakeFiles/TEST_ADC_1.dir/Drivers/STM32H7xx_HAL_Driver/Src/stm32h7xx_hal_cortex.c.obj
LOAD CMakeFiles/TEST_ADC_1.dir/Drivers/STM32H7xx_HAL_Driver/Src/stm32h7xx_hal.c.obj
LOAD CMakeFiles/TEST_ADC_1.dir/Drivers/STM32H7xx_HAL_Driver/Src/stm32h7xx_hal_i2c.c.obj
LOAD CMakeFiles/TEST_ADC_1.dir/Drivers/STM32H7xx_HAL_Driver/Src/stm32h7xx_hal_i2c_ex.c.obj
LOAD CMakeFiles/TEST_ADC_1.dir/Drivers/STM32H7xx_HAL_Driver/Src/stm32h7xx_hal_exti.c.obj
LOAD CMakeFiles/TEST_ADC_1.dir/Drivers/STM32H7xx_HAL_Driver/Src/stm32h7xx_hal_uart.c.obj
LOAD CMakeFiles/TEST_ADC_1.dir/Drivers/STM32H7xx_HAL_Driver/Src/stm32h7xx_hal_uart_ex.c.obj
LOAD CMakeFiles/TEST_ADC_1.dir/Core/Src/system_stm32h7xx.c.obj
LOAD CMakeFiles/TEST_ADC_1.dir/Core/Src/sysmem.c.obj
LOAD CMakeFiles/TEST_ADC_1.dir/Core/Src/syscalls.c.obj
LOAD CMakeFiles/TEST_ADC_1.dir/startup_stm32h750xx.s.obj
START GROUP
LOAD D:/tool/cmake/cmake_zip/arm-gnu-toolchain/bin/../lib/gcc/arm-none-eabi/14.2.1/thumb/v7e-m+dp/hard\libgcc.a
LOAD D:/tool/cmake/cmake_zip/arm-gnu-toolchain/bin/../lib/gcc/arm-none-eabi/14.2.1/thumb/v7e-m+dp/hard\libg_nano.a
LOAD D:/tool/cmake/cmake_zip/arm-gnu-toolchain/bin/../lib/gcc/arm-none-eabi/14.2.1/thumb/v7e-m+dp/hard\libc_nano.a
END GROUP
START GROUP
LOAD D:/tool/cmake/cmake_zip/arm-gnu-toolchain/bin/../lib/gcc/arm-none-eabi/14.2.1/thumb/v7e-m+dp/hard\libgcc.a
LOAD D:/tool/cmake/cmake_zip/arm-gnu-toolchain/bin/../lib/gcc/arm-none-eabi/14.2.1/thumb/v7e-m+dp/hard\libc_nano.a
END GROUP
LOAD D:/tool/cmake/cmake_zip/arm-gnu-toolchain/bin/../lib/gcc/arm-none-eabi/14.2.1/thumb/v7e-m+dp/hard/crtend.o
LOAD D:/tool/cmake/cmake_zip/arm-gnu-toolchain/bin/../lib/gcc/arm-none-eabi/14.2.1/thumb/v7e-m+dp/hard/crtn.o
                0x20020000                        _estack = (ORIGIN (DTCMRAM) + LENGTH (DTCMRAM))
                0x00000200                        _Min_Heap_Size = 0x200
                0x00000400                        _Min_Stack_Size = 0x400

.isr_vector     0x08000000      0x298
                0x08000000                        . = ALIGN (0x4)
 *(.isr_vector)
 .isr_vector    0x08000000      0x298 CMakeFiles/TEST_ADC_1.dir/startup_stm32h750xx.s.obj
                0x08000000                g_pfnVectors
                0x08000298                        . = ALIGN (0x4)

.text           0x080002a0     0x8970
                0x080002a0                        . = ALIGN (0x4)
 *(.text)
 .text          0x080002a0       0x30 D:/tool/cmake/cmake_zip/arm-gnu-toolchain/bin/../lib/gcc/arm-none-eabi/14.2.1/thumb/v7e-m+dp/hard\libgcc.a(_aeabi_uldivmod.o)
                0x080002a0                __aeabi_uldivmod
 .text          0x080002d0        0x4 D:/tool/cmake/cmake_zip/arm-gnu-toolchain/bin/../lib/gcc/arm-none-eabi/14.2.1/thumb/v7e-m+dp/hard\libgcc.a(_dvmd_tls.o)
                0x080002d0                __aeabi_idiv0
                0x080002d0                __aeabi_ldiv0
 .text          0x080002d4       0x10 D:/tool/cmake/cmake_zip/arm-gnu-toolchain/bin/../lib/gcc/arm-none-eabi/14.2.1/thumb/v7e-m+dp/hard\libg_nano.a(libc_a-strlen.o)
                0x080002d4                strlen
 *fill*         0x080002e4        0xc 
 .text          0x080002f0       0xa0 D:/tool/cmake/cmake_zip/arm-gnu-toolchain/bin/../lib/gcc/arm-none-eabi/14.2.1/thumb/v7e-m+dp/hard\libg_nano.a(libc_a-memchr.o)
                0x080002f0                memchr
 *(.text*)
 .text.deregister_tm_clones
                0x08000390       0x1c D:/tool/cmake/cmake_zip/arm-gnu-toolchain/bin/../lib/gcc/arm-none-eabi/14.2.1/thumb/v7e-m+dp/hard/crtbegin.o
 .text.register_tm_clones
                0x080003ac       0x24 D:/tool/cmake/cmake_zip/arm-gnu-toolchain/bin/../lib/gcc/arm-none-eabi/14.2.1/thumb/v7e-m+dp/hard/crtbegin.o
 .text.__do_global_dtors_aux
                0x080003d0       0x28 D:/tool/cmake/cmake_zip/arm-gnu-toolchain/bin/../lib/gcc/arm-none-eabi/14.2.1/thumb/v7e-m+dp/hard/crtbegin.o
 .text.frame_dummy
                0x080003f8       0x24 D:/tool/cmake/cmake_zip/arm-gnu-toolchain/bin/../lib/gcc/arm-none-eabi/14.2.1/thumb/v7e-m+dp/hard/crtbegin.o
 .text.memset   0x0800041c       0x10 D:/tool/cmake/cmake_zip/arm-gnu-toolchain/bin/../lib/gcc/arm-none-eabi/14.2.1/thumb/v7e-m+dp/hard\libc_nano.a(libc_a-memset.o)
                0x0800041c                memset
 .text.__libc_init_array
                0x0800042c       0x48 D:/tool/cmake/cmake_zip/arm-gnu-toolchain/bin/../lib/gcc/arm-none-eabi/14.2.1/thumb/v7e-m+dp/hard\libc_nano.a(libc_a-init.o)
                0x0800042c                __libc_init_array
 .text.__retarget_lock_acquire_recursive
                0x08000474        0x2 D:/tool/cmake/cmake_zip/arm-gnu-toolchain/bin/../lib/gcc/arm-none-eabi/14.2.1/thumb/v7e-m+dp/hard\libc_nano.a(libc_a-lock.o)
                0x08000474                __retarget_lock_acquire_recursive
 .text.__retarget_lock_release_recursive
                0x08000476        0x2 D:/tool/cmake/cmake_zip/arm-gnu-toolchain/bin/../lib/gcc/arm-none-eabi/14.2.1/thumb/v7e-m+dp/hard\libc_nano.a(libc_a-lock.o)
                0x08000476                __retarget_lock_release_recursive
 .text._free_r  0x08000478       0x94 D:/tool/cmake/cmake_zip/arm-gnu-toolchain/bin/../lib/gcc/arm-none-eabi/14.2.1/thumb/v7e-m+dp/hard\libc_nano.a(libc_a-freer.o)
                0x08000478                _free_r
 .text.sbrk_aligned
                0x0800050c       0x44 D:/tool/cmake/cmake_zip/arm-gnu-toolchain/bin/../lib/gcc/arm-none-eabi/14.2.1/thumb/v7e-m+dp/hard\libc_nano.a(libc_a-mallocr.o)
 .text._malloc_r
                0x08000550      0x100 D:/tool/cmake/cmake_zip/arm-gnu-toolchain/bin/../lib/gcc/arm-none-eabi/14.2.1/thumb/v7e-m+dp/hard\libc_nano.a(libc_a-mallocr.o)
                0x08000550                _malloc_r
 .text.__malloc_lock
                0x08000650        0xc D:/tool/cmake/cmake_zip/arm-gnu-toolchain/bin/../lib/gcc/arm-none-eabi/14.2.1/thumb/v7e-m+dp/hard\libc_nano.a(libc_a-mlock.o)
                0x08000650                __malloc_lock
 .text.__malloc_unlock
                0x0800065c        0xc D:/tool/cmake/cmake_zip/arm-gnu-toolchain/bin/../lib/gcc/arm-none-eabi/14.2.1/thumb/v7e-m+dp/hard\libc_nano.a(libc_a-mlock.o)
                0x0800065c                __malloc_unlock
 .text._sbrk_r  0x08000668       0x20 D:/tool/cmake/cmake_zip/arm-gnu-toolchain/bin/../lib/gcc/arm-none-eabi/14.2.1/thumb/v7e-m+dp/hard\libc_nano.a(libc_a-sbrkr.o)
                0x08000668                _sbrk_r
 .text.main     0x08000688      0x184 CMakeFiles/TEST_ADC_1.dir/Core/Src/main.c.obj
                0x08000688                main
 .text.SystemClock_Config
                0x0800080c       0xe4 CMakeFiles/TEST_ADC_1.dir/Core/Src/main.c.obj
                0x0800080c                SystemClock_Config
 .text.PeriphCommonClock_Config
                0x080008f0       0x5e CMakeFiles/TEST_ADC_1.dir/Core/Src/main.c.obj
                0x080008f0                PeriphCommonClock_Config
 *fill*         0x0800094e        0x2 
 .text.MX_ADC1_Init
                0x08000950       0xf8 CMakeFiles/TEST_ADC_1.dir/Core/Src/main.c.obj
 .text.MX_ADC2_Init
                0x08000a48       0xd4 CMakeFiles/TEST_ADC_1.dir/Core/Src/main.c.obj
 .text.MX_I2C1_Init
                0x08000b1c       0x80 CMakeFiles/TEST_ADC_1.dir/Core/Src/main.c.obj
 .text.MX_UART4_Init
                0x08000b9c       0x98 CMakeFiles/TEST_ADC_1.dir/Core/Src/main.c.obj
 .text.MX_GPIO_Init
                0x08000c34       0x70 CMakeFiles/TEST_ADC_1.dir/Core/Src/main.c.obj
 .text.MPU_Config
                0x08000ca4       0x58 CMakeFiles/TEST_ADC_1.dir/Core/Src/main.c.obj
 .text.Error_Handler
                0x08000cfc        0xc CMakeFiles/TEST_ADC_1.dir/Core/Src/main.c.obj
                0x08000cfc                Error_Handler
 .text.NMI_Handler
                0x08000d08        0x8 CMakeFiles/TEST_ADC_1.dir/Core/Src/stm32h7xx_it.c.obj
                0x08000d08                NMI_Handler
 .text.HardFault_Handler
                0x08000d10        0x8 CMakeFiles/TEST_ADC_1.dir/Core/Src/stm32h7xx_it.c.obj
                0x08000d10                HardFault_Handler
 .text.MemManage_Handler
                0x08000d18        0x8 CMakeFiles/TEST_ADC_1.dir/Core/Src/stm32h7xx_it.c.obj
                0x08000d18                MemManage_Handler
 .text.BusFault_Handler
                0x08000d20        0x8 CMakeFiles/TEST_ADC_1.dir/Core/Src/stm32h7xx_it.c.obj
                0x08000d20                BusFault_Handler
 .text.UsageFault_Handler
                0x08000d28        0x8 CMakeFiles/TEST_ADC_1.dir/Core/Src/stm32h7xx_it.c.obj
                0x08000d28                UsageFault_Handler
 .text.SVC_Handler
                0x08000d30        0xe CMakeFiles/TEST_ADC_1.dir/Core/Src/stm32h7xx_it.c.obj
                0x08000d30                SVC_Handler
 .text.DebugMon_Handler
                0x08000d3e        0xe CMakeFiles/TEST_ADC_1.dir/Core/Src/stm32h7xx_it.c.obj
                0x08000d3e                DebugMon_Handler
 .text.PendSV_Handler
                0x08000d4c        0xe CMakeFiles/TEST_ADC_1.dir/Core/Src/stm32h7xx_it.c.obj
                0x08000d4c                PendSV_Handler
 .text.SysTick_Handler
                0x08000d5a        0xc CMakeFiles/TEST_ADC_1.dir/Core/Src/stm32h7xx_it.c.obj
                0x08000d5a                SysTick_Handler
 *fill*         0x08000d66        0x2 
 .text.HAL_MspInit
                0x08000d68       0x34 CMakeFiles/TEST_ADC_1.dir/Core/Src/stm32h7xx_hal_msp.c.obj
                0x08000d68                HAL_MspInit
 .text.HAL_ADC_MspInit
                0x08000d9c      0x118 CMakeFiles/TEST_ADC_1.dir/Core/Src/stm32h7xx_hal_msp.c.obj
                0x08000d9c                HAL_ADC_MspInit
 .text.HAL_I2C_MspInit
                0x08000eb4       0xd0 CMakeFiles/TEST_ADC_1.dir/Core/Src/stm32h7xx_hal_msp.c.obj
                0x08000eb4                HAL_I2C_MspInit
 .text.HAL_UART_MspInit
                0x08000f84       0xfc CMakeFiles/TEST_ADC_1.dir/Core/Src/stm32h7xx_hal_msp.c.obj
                0x08000f84                HAL_UART_MspInit
 .text.LL_ADC_SetCommonClock
                0x08001080       0x26 CMakeFiles/TEST_ADC_1.dir/Drivers/STM32H7xx_HAL_Driver/Src/stm32h7xx_hal_adc.c.obj
 .text.LL_ADC_SetCommonPathInternalCh
                0x080010a6       0x26 CMakeFiles/TEST_ADC_1.dir/Drivers/STM32H7xx_HAL_Driver/Src/stm32h7xx_hal_adc.c.obj
 .text.LL_ADC_GetCommonPathInternalCh
                0x080010cc       0x1c CMakeFiles/TEST_ADC_1.dir/Drivers/STM32H7xx_HAL_Driver/Src/stm32h7xx_hal_adc.c.obj
 .text.LL_ADC_SetChannelPreselection
                0x080010e8       0x66 CMakeFiles/TEST_ADC_1.dir/Drivers/STM32H7xx_HAL_Driver/Src/stm32h7xx_hal_adc.c.obj
 .text.LL_ADC_SetOffset
                0x0800114e       0x40 CMakeFiles/TEST_ADC_1.dir/Drivers/STM32H7xx_HAL_Driver/Src/stm32h7xx_hal_adc.c.obj
 .text.LL_ADC_SetDataRightShift
                0x0800118e       0x32 CMakeFiles/TEST_ADC_1.dir/Drivers/STM32H7xx_HAL_Driver/Src/stm32h7xx_hal_adc.c.obj
 .text.LL_ADC_SetOffsetSignedSaturation
                0x080011c0       0x36 CMakeFiles/TEST_ADC_1.dir/Drivers/STM32H7xx_HAL_Driver/Src/stm32h7xx_hal_adc.c.obj
 .text.LL_ADC_REG_IsTriggerSourceSWStart
                0x080011f6       0x26 CMakeFiles/TEST_ADC_1.dir/Drivers/STM32H7xx_HAL_Driver/Src/stm32h7xx_hal_adc.c.obj
 .text.LL_ADC_REG_SetSequencerRanks
                0x0800121c       0x58 CMakeFiles/TEST_ADC_1.dir/Drivers/STM32H7xx_HAL_Driver/Src/stm32h7xx_hal_adc.c.obj
 .text.LL_ADC_SetChannelSamplingTime
                0x08001274       0x56 CMakeFiles/TEST_ADC_1.dir/Drivers/STM32H7xx_HAL_Driver/Src/stm32h7xx_hal_adc.c.obj
 *fill*         0x080012ca        0x2 
 .text.LL_ADC_SetChannelSingleDiff
                0x080012cc       0x48 CMakeFiles/TEST_ADC_1.dir/Drivers/STM32H7xx_HAL_Driver/Src/stm32h7xx_hal_adc.c.obj
 .text.LL_ADC_GetMultimode
                0x08001314       0x1c CMakeFiles/TEST_ADC_1.dir/Drivers/STM32H7xx_HAL_Driver/Src/stm32h7xx_hal_adc.c.obj
 .text.LL_ADC_GetMultiDMATransfer
                0x08001330       0x1c CMakeFiles/TEST_ADC_1.dir/Drivers/STM32H7xx_HAL_Driver/Src/stm32h7xx_hal_adc.c.obj
 .text.LL_ADC_DisableDeepPowerDown
                0x0800134c       0x24 CMakeFiles/TEST_ADC_1.dir/Drivers/STM32H7xx_HAL_Driver/Src/stm32h7xx_hal_adc.c.obj
 .text.LL_ADC_IsDeepPowerDownEnabled
                0x08001370       0x28 CMakeFiles/TEST_ADC_1.dir/Drivers/STM32H7xx_HAL_Driver/Src/stm32h7xx_hal_adc.c.obj
 .text.LL_ADC_EnableInternalRegulator
                0x08001398       0x28 CMakeFiles/TEST_ADC_1.dir/Drivers/STM32H7xx_HAL_Driver/Src/stm32h7xx_hal_adc.c.obj
 .text.LL_ADC_IsInternalRegulatorEnabled
                0x080013c0       0x28 CMakeFiles/TEST_ADC_1.dir/Drivers/STM32H7xx_HAL_Driver/Src/stm32h7xx_hal_adc.c.obj
 .text.LL_ADC_Enable
                0x080013e8       0x28 CMakeFiles/TEST_ADC_1.dir/Drivers/STM32H7xx_HAL_Driver/Src/stm32h7xx_hal_adc.c.obj
 .text.LL_ADC_Disable
                0x08001410       0x28 CMakeFiles/TEST_ADC_1.dir/Drivers/STM32H7xx_HAL_Driver/Src/stm32h7xx_hal_adc.c.obj
 .text.LL_ADC_IsEnabled
                0x08001438       0x26 CMakeFiles/TEST_ADC_1.dir/Drivers/STM32H7xx_HAL_Driver/Src/stm32h7xx_hal_adc.c.obj
 .text.LL_ADC_IsDisableOngoing
                0x0800145e       0x26 CMakeFiles/TEST_ADC_1.dir/Drivers/STM32H7xx_HAL_Driver/Src/stm32h7xx_hal_adc.c.obj
 .text.LL_ADC_REG_StartConversion
                0x08001484       0x28 CMakeFiles/TEST_ADC_1.dir/Drivers/STM32H7xx_HAL_Driver/Src/stm32h7xx_hal_adc.c.obj
 .text.LL_ADC_REG_IsConversionOngoing
                0x080014ac       0x26 CMakeFiles/TEST_ADC_1.dir/Drivers/STM32H7xx_HAL_Driver/Src/stm32h7xx_hal_adc.c.obj
 .text.LL_ADC_INJ_IsConversionOngoing
                0x080014d2       0x26 CMakeFiles/TEST_ADC_1.dir/Drivers/STM32H7xx_HAL_Driver/Src/stm32h7xx_hal_adc.c.obj
 .text.HAL_ADC_Init
                0x080014f8      0x344 CMakeFiles/TEST_ADC_1.dir/Drivers/STM32H7xx_HAL_Driver/Src/stm32h7xx_hal_adc.c.obj
                0x080014f8                HAL_ADC_Init
 .text.HAL_ADC_Start
                0x0800183c      0x194 CMakeFiles/TEST_ADC_1.dir/Drivers/STM32H7xx_HAL_Driver/Src/stm32h7xx_hal_adc.c.obj
                0x0800183c                HAL_ADC_Start
 .text.HAL_ADC_PollForConversion
                0x080019d0      0x1e8 CMakeFiles/TEST_ADC_1.dir/Drivers/STM32H7xx_HAL_Driver/Src/stm32h7xx_hal_adc.c.obj
                0x080019d0                HAL_ADC_PollForConversion
 .text.HAL_ADC_GetValue
                0x08001bb8       0x1a CMakeFiles/TEST_ADC_1.dir/Drivers/STM32H7xx_HAL_Driver/Src/stm32h7xx_hal_adc.c.obj
                0x08001bb8                HAL_ADC_GetValue
 *fill*         0x08001bd2        0x2 
 .text.HAL_ADC_ConfigChannel
                0x08001bd4      0x5e0 CMakeFiles/TEST_ADC_1.dir/Drivers/STM32H7xx_HAL_Driver/Src/stm32h7xx_hal_adc.c.obj
                0x08001bd4                HAL_ADC_ConfigChannel
 .text.ADC_Enable
                0x080021b4      0x114 CMakeFiles/TEST_ADC_1.dir/Drivers/STM32H7xx_HAL_Driver/Src/stm32h7xx_hal_adc.c.obj
                0x080021b4                ADC_Enable
 .text.ADC_Disable
                0x080022c8       0xbe CMakeFiles/TEST_ADC_1.dir/Drivers/STM32H7xx_HAL_Driver/Src/stm32h7xx_hal_adc.c.obj
                0x080022c8                ADC_Disable
 *fill*         0x08002386        0x2 
 .text.ADC_ConfigureBoostMode
                0x08002388      0x218 CMakeFiles/TEST_ADC_1.dir/Drivers/STM32H7xx_HAL_Driver/Src/stm32h7xx_hal_adc.c.obj
                0x08002388                ADC_ConfigureBoostMode
 .text.LL_ADC_IsEnabled
                0x080025a0       0x26 CMakeFiles/TEST_ADC_1.dir/Drivers/STM32H7xx_HAL_Driver/Src/stm32h7xx_hal_adc_ex.c.obj
 *fill*         0x080025c6        0x2 
 .text.LL_ADC_StartCalibration
                0x080025c8       0x3c CMakeFiles/TEST_ADC_1.dir/Drivers/STM32H7xx_HAL_Driver/Src/stm32h7xx_hal_adc_ex.c.obj
 .text.LL_ADC_IsCalibrationOnGoing
                0x08002604       0x28 CMakeFiles/TEST_ADC_1.dir/Drivers/STM32H7xx_HAL_Driver/Src/stm32h7xx_hal_adc_ex.c.obj
 .text.LL_ADC_REG_IsConversionOngoing
                0x0800262c       0x26 CMakeFiles/TEST_ADC_1.dir/Drivers/STM32H7xx_HAL_Driver/Src/stm32h7xx_hal_adc_ex.c.obj
 *fill*         0x08002652        0x2 
 .text.HAL_ADCEx_Calibration_Start
                0x08002654       0xc8 CMakeFiles/TEST_ADC_1.dir/Drivers/STM32H7xx_HAL_Driver/Src/stm32h7xx_hal_adc_ex.c.obj
                0x08002654                HAL_ADCEx_Calibration_Start
 .text.HAL_ADCEx_MultiModeConfigChannel
                0x0800271c      0x1bc CMakeFiles/TEST_ADC_1.dir/Drivers/STM32H7xx_HAL_Driver/Src/stm32h7xx_hal_adc_ex.c.obj
                0x0800271c                HAL_ADCEx_MultiModeConfigChannel
 .text.HAL_RCC_OscConfig
                0x080028d8      0x8b4 CMakeFiles/TEST_ADC_1.dir/Drivers/STM32H7xx_HAL_Driver/Src/stm32h7xx_hal_rcc.c.obj
                0x080028d8                HAL_RCC_OscConfig
 .text.HAL_RCC_ClockConfig
                0x0800318c      0x36c CMakeFiles/TEST_ADC_1.dir/Drivers/STM32H7xx_HAL_Driver/Src/stm32h7xx_hal_rcc.c.obj
                0x0800318c                HAL_RCC_ClockConfig
 .text.HAL_RCC_GetSysClockFreq
                0x080034f8      0x2f4 CMakeFiles/TEST_ADC_1.dir/Drivers/STM32H7xx_HAL_Driver/Src/stm32h7xx_hal_rcc.c.obj
                0x080034f8                HAL_RCC_GetSysClockFreq
 .text.HAL_RCC_GetHCLKFreq
                0x080037ec       0x60 CMakeFiles/TEST_ADC_1.dir/Drivers/STM32H7xx_HAL_Driver/Src/stm32h7xx_hal_rcc.c.obj
                0x080037ec                HAL_RCC_GetHCLKFreq
 .text.HAL_RCC_GetPCLK1Freq
                0x0800384c       0x2c CMakeFiles/TEST_ADC_1.dir/Drivers/STM32H7xx_HAL_Driver/Src/stm32h7xx_hal_rcc.c.obj
                0x0800384c                HAL_RCC_GetPCLK1Freq
 .text.HAL_RCC_GetPCLK2Freq
                0x08003878       0x2c CMakeFiles/TEST_ADC_1.dir/Drivers/STM32H7xx_HAL_Driver/Src/stm32h7xx_hal_rcc.c.obj
                0x08003878                HAL_RCC_GetPCLK2Freq
 .text.HAL_RCCEx_PeriphCLKConfig
                0x080038a4     0x1414 CMakeFiles/TEST_ADC_1.dir/Drivers/STM32H7xx_HAL_Driver/Src/stm32h7xx_hal_rcc_ex.c.obj
                0x080038a4                HAL_RCCEx_PeriphCLKConfig
 .text.HAL_RCCEx_GetPeriphCLKFreq
                0x08004cb8      0xb00 CMakeFiles/TEST_ADC_1.dir/Drivers/STM32H7xx_HAL_Driver/Src/stm32h7xx_hal_rcc_ex.c.obj
                0x08004cb8                HAL_RCCEx_GetPeriphCLKFreq
 .text.HAL_RCCEx_GetD3PCLK1Freq
                0x080057b8       0x2c CMakeFiles/TEST_ADC_1.dir/Drivers/STM32H7xx_HAL_Driver/Src/stm32h7xx_hal_rcc_ex.c.obj
                0x080057b8                HAL_RCCEx_GetD3PCLK1Freq
 .text.HAL_RCCEx_GetPLL2ClockFreq
                0x080057e4      0x2a8 CMakeFiles/TEST_ADC_1.dir/Drivers/STM32H7xx_HAL_Driver/Src/stm32h7xx_hal_rcc_ex.c.obj
                0x080057e4                HAL_RCCEx_GetPLL2ClockFreq
 .text.HAL_RCCEx_GetPLL3ClockFreq
                0x08005a8c      0x2a8 CMakeFiles/TEST_ADC_1.dir/Drivers/STM32H7xx_HAL_Driver/Src/stm32h7xx_hal_rcc_ex.c.obj
                0x08005a8c                HAL_RCCEx_GetPLL3ClockFreq
 .text.HAL_RCCEx_GetPLL1ClockFreq
                0x08005d34      0x2a4 CMakeFiles/TEST_ADC_1.dir/Drivers/STM32H7xx_HAL_Driver/Src/stm32h7xx_hal_rcc_ex.c.obj
                0x08005d34                HAL_RCCEx_GetPLL1ClockFreq
 .text.RCCEx_PLL2_Config
                0x08005fd8      0x164 CMakeFiles/TEST_ADC_1.dir/Drivers/STM32H7xx_HAL_Driver/Src/stm32h7xx_hal_rcc_ex.c.obj
 .text.RCCEx_PLL3_Config
                0x0800613c      0x164 CMakeFiles/TEST_ADC_1.dir/Drivers/STM32H7xx_HAL_Driver/Src/stm32h7xx_hal_rcc_ex.c.obj
 .text.HAL_GPIO_Init
                0x080062a0      0x360 CMakeFiles/TEST_ADC_1.dir/Drivers/STM32H7xx_HAL_Driver/Src/stm32h7xx_hal_gpio.c.obj
                0x080062a0                HAL_GPIO_Init
 .text.HAL_PWREx_ConfigSupply
                0x08006600       0x74 CMakeFiles/TEST_ADC_1.dir/Drivers/STM32H7xx_HAL_Driver/Src/stm32h7xx_hal_pwr_ex.c.obj
                0x08006600                HAL_PWREx_ConfigSupply
 .text.__NVIC_SetPriorityGrouping
                0x08006674       0x48 CMakeFiles/TEST_ADC_1.dir/Drivers/STM32H7xx_HAL_Driver/Src/stm32h7xx_hal_cortex.c.obj
 .text.__NVIC_GetPriorityGrouping
                0x080066bc       0x1c CMakeFiles/TEST_ADC_1.dir/Drivers/STM32H7xx_HAL_Driver/Src/stm32h7xx_hal_cortex.c.obj
 .text.__NVIC_SetPriority
                0x080066d8       0x54 CMakeFiles/TEST_ADC_1.dir/Drivers/STM32H7xx_HAL_Driver/Src/stm32h7xx_hal_cortex.c.obj
 .text.NVIC_EncodePriority
                0x0800672c       0x66 CMakeFiles/TEST_ADC_1.dir/Drivers/STM32H7xx_HAL_Driver/Src/stm32h7xx_hal_cortex.c.obj
 *fill*         0x08006792        0x2 
 .text.SysTick_Config
                0x08006794       0x44 CMakeFiles/TEST_ADC_1.dir/Drivers/STM32H7xx_HAL_Driver/Src/stm32h7xx_hal_cortex.c.obj
 .text.HAL_NVIC_SetPriorityGrouping
                0x080067d8       0x16 CMakeFiles/TEST_ADC_1.dir/Drivers/STM32H7xx_HAL_Driver/Src/stm32h7xx_hal_cortex.c.obj
                0x080067d8                HAL_NVIC_SetPriorityGrouping
 .text.HAL_NVIC_SetPriority
                0x080067ee       0x34 CMakeFiles/TEST_ADC_1.dir/Drivers/STM32H7xx_HAL_Driver/Src/stm32h7xx_hal_cortex.c.obj
                0x080067ee                HAL_NVIC_SetPriority
 .text.HAL_SYSTICK_Config
                0x08006822       0x18 CMakeFiles/TEST_ADC_1.dir/Drivers/STM32H7xx_HAL_Driver/Src/stm32h7xx_hal_cortex.c.obj
                0x08006822                HAL_SYSTICK_Config
 *fill*         0x0800683a        0x2 
 .text.HAL_MPU_Disable
                0x0800683c       0x30 CMakeFiles/TEST_ADC_1.dir/Drivers/STM32H7xx_HAL_Driver/Src/stm32h7xx_hal_cortex.c.obj
                0x0800683c                HAL_MPU_Disable
 .text.HAL_MPU_Enable
                0x0800686c       0x40 CMakeFiles/TEST_ADC_1.dir/Drivers/STM32H7xx_HAL_Driver/Src/stm32h7xx_hal_cortex.c.obj
                0x0800686c                HAL_MPU_Enable
 .text.HAL_MPU_ConfigRegion
                0x080068ac       0x80 CMakeFiles/TEST_ADC_1.dir/Drivers/STM32H7xx_HAL_Driver/Src/stm32h7xx_hal_cortex.c.obj
                0x080068ac                HAL_MPU_ConfigRegion
 .text.HAL_Init
                0x0800692c       0x78 CMakeFiles/TEST_ADC_1.dir/Drivers/STM32H7xx_HAL_Driver/Src/stm32h7xx_hal.c.obj
                0x0800692c                HAL_Init
 .text.HAL_InitTick
                0x080069a4       0x6c CMakeFiles/TEST_ADC_1.dir/Drivers/STM32H7xx_HAL_Driver/Src/stm32h7xx_hal.c.obj
                0x080069a4                HAL_InitTick
 .text.HAL_IncTick
                0x08006a10       0x28 CMakeFiles/TEST_ADC_1.dir/Drivers/STM32H7xx_HAL_Driver/Src/stm32h7xx_hal.c.obj
                0x08006a10                HAL_IncTick
 .text.HAL_GetTick
                0x08006a38       0x18 CMakeFiles/TEST_ADC_1.dir/Drivers/STM32H7xx_HAL_Driver/Src/stm32h7xx_hal.c.obj
                0x08006a38                HAL_GetTick
 .text.HAL_Delay
                0x08006a50       0x48 CMakeFiles/TEST_ADC_1.dir/Drivers/STM32H7xx_HAL_Driver/Src/stm32h7xx_hal.c.obj
                0x08006a50                HAL_Delay
 .text.HAL_GetREVID
                0x08006a98       0x18 CMakeFiles/TEST_ADC_1.dir/Drivers/STM32H7xx_HAL_Driver/Src/stm32h7xx_hal.c.obj
                0x08006a98                HAL_GetREVID
 .text.HAL_I2C_Init
                0x08006ab0      0x138 CMakeFiles/TEST_ADC_1.dir/Drivers/STM32H7xx_HAL_Driver/Src/stm32h7xx_hal_i2c.c.obj
                0x08006ab0                HAL_I2C_Init
 .text.HAL_I2CEx_ConfigAnalogFilter
                0x08006be8       0x96 CMakeFiles/TEST_ADC_1.dir/Drivers/STM32H7xx_HAL_Driver/Src/stm32h7xx_hal_i2c_ex.c.obj
                0x08006be8                HAL_I2CEx_ConfigAnalogFilter
 .text.HAL_I2CEx_ConfigDigitalFilter
                0x08006c7e       0x98 CMakeFiles/TEST_ADC_1.dir/Drivers/STM32H7xx_HAL_Driver/Src/stm32h7xx_hal_i2c_ex.c.obj
                0x08006c7e                HAL_I2CEx_ConfigDigitalFilter
 .text.HAL_UART_Init
                0x08006d16       0xa0 CMakeFiles/TEST_ADC_1.dir/Drivers/STM32H7xx_HAL_Driver/Src/stm32h7xx_hal_uart.c.obj
                0x08006d16                HAL_UART_Init
 .text.HAL_UART_Transmit
                0x08006db6      0x11c CMakeFiles/TEST_ADC_1.dir/Drivers/STM32H7xx_HAL_Driver/Src/stm32h7xx_hal_uart.c.obj
                0x08006db6                HAL_UART_Transmit
 *fill*         0x08006ed2        0x2 
 .text.UART_SetConfig
                0x08006ed4      0xad0 CMakeFiles/TEST_ADC_1.dir/Drivers/STM32H7xx_HAL_Driver/Src/stm32h7xx_hal_uart.c.obj
                0x08006ed4                UART_SetConfig
 .text.UART_AdvFeatureConfig
                0x080079a4      0x144 CMakeFiles/TEST_ADC_1.dir/Drivers/STM32H7xx_HAL_Driver/Src/stm32h7xx_hal_uart.c.obj
                0x080079a4                UART_AdvFeatureConfig
 .text.UART_CheckIdleState
                0x08007ae8      0x154 CMakeFiles/TEST_ADC_1.dir/Drivers/STM32H7xx_HAL_Driver/Src/stm32h7xx_hal_uart.c.obj
                0x08007ae8                UART_CheckIdleState
 .text.UART_WaitOnFlagUntilTimeout
                0x08007c3c       0xda CMakeFiles/TEST_ADC_1.dir/Drivers/STM32H7xx_HAL_Driver/Src/stm32h7xx_hal_uart.c.obj
                0x08007c3c                UART_WaitOnFlagUntilTimeout
 *fill*         0x08007d16        0x2 
 .text.UART_EndRxTransfer
                0x08007d18       0xcc CMakeFiles/TEST_ADC_1.dir/Drivers/STM32H7xx_HAL_Driver/Src/stm32h7xx_hal_uart.c.obj
 .text.HAL_UARTEx_DisableFifoMode
                0x08007de4       0x72 CMakeFiles/TEST_ADC_1.dir/Drivers/STM32H7xx_HAL_Driver/Src/stm32h7xx_hal_uart_ex.c.obj
                0x08007de4                HAL_UARTEx_DisableFifoMode
 .text.HAL_UARTEx_SetTxFifoThreshold
                0x08007e56       0x7c CMakeFiles/TEST_ADC_1.dir/Drivers/STM32H7xx_HAL_Driver/Src/stm32h7xx_hal_uart_ex.c.obj
                0x08007e56                HAL_UARTEx_SetTxFifoThreshold
 .text.HAL_UARTEx_SetRxFifoThreshold
                0x08007ed2       0x7c CMakeFiles/TEST_ADC_1.dir/Drivers/STM32H7xx_HAL_Driver/Src/stm32h7xx_hal_uart_ex.c.obj
                0x08007ed2                HAL_UARTEx_SetRxFifoThreshold
 *fill*         0x08007f4e        0x2 
 .text.UARTEx_SetNbDataToProcess
                0x08007f50       0x9c CMakeFiles/TEST_ADC_1.dir/Drivers/STM32H7xx_HAL_Driver/Src/stm32h7xx_hal_uart_ex.c.obj
 .text.SystemInit
                0x08007fec      0x140 CMakeFiles/TEST_ADC_1.dir/Core/Src/system_stm32h7xx.c.obj
                0x08007fec                SystemInit
 .text.ExitRun0Mode
                0x0800812c       0x30 CMakeFiles/TEST_ADC_1.dir/Core/Src/system_stm32h7xx.c.obj
                0x0800812c                ExitRun0Mode
 .text._sbrk    0x0800815c       0x6c CMakeFiles/TEST_ADC_1.dir/Core/Src/sysmem.c.obj
                0x0800815c                _sbrk
 .text.Reset_Handler
                0x080081c8       0x54 CMakeFiles/TEST_ADC_1.dir/startup_stm32h750xx.s.obj
                0x080081c8                Reset_Handler
 .text.Default_Handler
                0x0800821c        0x2 CMakeFiles/TEST_ADC_1.dir/startup_stm32h750xx.s.obj
                0x0800821c                RTC_Alarm_IRQHandler
                0x0800821c                HASH_RNG_IRQHandler
                0x0800821c                EXTI2_IRQHandler
                0x0800821c                TIM8_CC_IRQHandler
                0x0800821c                HRTIM1_Master_IRQHandler
                0x0800821c                UART8_IRQHandler
                0x0800821c                SPI4_IRQHandler
                0x0800821c                TIM1_CC_IRQHandler
                0x0800821c                BDMA_Channel6_IRQHandler
                0x0800821c                DMA2_Stream5_IRQHandler
                0x0800821c                HRTIM1_FLT_IRQHandler
                0x0800821c                JPEG_IRQHandler
                0x0800821c                DMA1_Stream5_IRQHandler
                0x0800821c                BDMA_Channel1_IRQHandler
                0x0800821c                HRTIM1_TIMD_IRQHandler
                0x0800821c                TAMP_STAMP_IRQHandler
                0x0800821c                EXTI3_IRQHandler
                0x0800821c                LPTIM4_IRQHandler
                0x0800821c                TIM8_TRG_COM_TIM14_IRQHandler
                0x0800821c                LPTIM2_IRQHandler
                0x0800821c                DFSDM1_FLT1_IRQHandler
                0x0800821c                DMAMUX2_OVR_IRQHandler
                0x0800821c                TIM8_UP_TIM13_IRQHandler
                0x0800821c                I2C3_ER_IRQHandler
                0x0800821c                DFSDM1_FLT2_IRQHandler
                0x0800821c                MDMA_IRQHandler
                0x0800821c                LPTIM3_IRQHandler
                0x0800821c                HSEM1_IRQHandler
                0x0800821c                EXTI0_IRQHandler
                0x0800821c                I2C2_EV_IRQHandler
                0x0800821c                DMA1_Stream2_IRQHandler
                0x0800821c                FPU_IRQHandler
                0x0800821c                OTG_HS_WKUP_IRQHandler
                0x0800821c                FDCAN1_IT1_IRQHandler
                0x0800821c                LTDC_ER_IRQHandler
                0x0800821c                DMA2_Stream2_IRQHandler
                0x0800821c                HRTIM1_TIME_IRQHandler
                0x0800821c                SPI1_IRQHandler
                0x0800821c                TIM6_DAC_IRQHandler
                0x0800821c                DCMI_IRQHandler
                0x0800821c                HRTIM1_TIMC_IRQHandler
                0x0800821c                DMA2_Stream3_IRQHandler
                0x0800821c                SAI2_IRQHandler
                0x0800821c                DFSDM1_FLT3_IRQHandler
                0x0800821c                USART6_IRQHandler
                0x0800821c                TIM17_IRQHandler
                0x0800821c                USART3_IRQHandler
                0x0800821c                BDMA_Channel7_IRQHandler
                0x0800821c                CRYP_IRQHandler
                0x0800821c                LPTIM5_IRQHandler
                0x0800821c                UART5_IRQHandler
                0x0800821c                ADC3_IRQHandler
                0x0800821c                DMA2_Stream0_IRQHandler
                0x0800821c                TIM4_IRQHandler
                0x0800821c                BDMA_Channel2_IRQHandler
                0x0800821c                QUADSPI_IRQHandler
                0x0800821c                I2C1_EV_IRQHandler
                0x0800821c                DMA1_Stream6_IRQHandler
                0x0800821c                DMAMUX1_OVR_IRQHandler
                0x0800821c                DMA1_Stream1_IRQHandler
                0x0800821c                TIM16_IRQHandler
                0x0800821c                UART4_IRQHandler
                0x0800821c                BDMA_Channel5_IRQHandler
                0x0800821c                TIM3_IRQHandler
                0x0800821c                RCC_IRQHandler
                0x0800821c                TIM8_BRK_TIM12_IRQHandler
                0x0800821c                TIM1_TRG_COM_IRQHandler
                0x0800821c                Default_Handler
                0x0800821c                ECC_IRQHandler
                0x0800821c                CEC_IRQHandler
                0x0800821c                EXTI15_10_IRQHandler
                0x0800821c                BDMA_Channel0_IRQHandler
                0x0800821c                ADC_IRQHandler
                0x0800821c                DMA1_Stream7_IRQHandler
                0x0800821c                HRTIM1_TIMA_IRQHandler
                0x0800821c                SPI5_IRQHandler
                0x0800821c                TIM7_IRQHandler
                0x0800821c                SDMMC1_IRQHandler
                0x0800821c                TIM5_IRQHandler
                0x0800821c                DMA2_Stream7_IRQHandler
                0x0800821c                TIM15_IRQHandler
                0x0800821c                PVD_AVD_IRQHandler
                0x0800821c                I2C3_EV_IRQHandler
                0x0800821c                EXTI9_5_IRQHandler
                0x0800821c                RTC_WKUP_IRQHandler
                0x0800821c                LTDC_IRQHandler
                0x0800821c                SAI3_IRQHandler
                0x0800821c                ETH_WKUP_IRQHandler
                0x0800821c                SPDIF_RX_IRQHandler
                0x0800821c                SPI2_IRQHandler
                0x0800821c                OTG_HS_EP1_IN_IRQHandler
                0x0800821c                DMA1_Stream0_IRQHandler
                0x0800821c                CRS_IRQHandler
                0x0800821c                EXTI4_IRQHandler
                0x0800821c                HRTIM1_TIMB_IRQHandler
                0x0800821c                FDCAN2_IT1_IRQHandler
                0x0800821c                ETH_IRQHandler
                0x0800821c                TIM1_UP_IRQHandler
                0x0800821c                BDMA_Channel4_IRQHandler
                0x0800821c                OTG_HS_EP1_OUT_IRQHandler
                0x0800821c                WWDG_IRQHandler
                0x0800821c                SPI6_IRQHandler
                0x0800821c                MDIOS_IRQHandler
                0x0800821c                I2C4_EV_IRQHandler
                0x0800821c                FDCAN2_IT0_IRQHandler
                0x0800821c                LPUART1_IRQHandler
                0x0800821c                FDCAN1_IT0_IRQHandler
                0x0800821c                TIM2_IRQHandler
                0x0800821c                OTG_FS_WKUP_IRQHandler
                0x0800821c                OTG_HS_IRQHandler
                0x0800821c                DMA2D_IRQHandler
                0x0800821c                TIM1_BRK_IRQHandler
                0x0800821c                EXTI1_IRQHandler
                0x0800821c                SDMMC2_IRQHandler
                0x0800821c                OTG_FS_EP1_OUT_IRQHandler
                0x0800821c                BDMA_Channel3_IRQHandler
                0x0800821c                UART7_IRQHandler
                0x0800821c                MDIOS_WKUP_IRQHandler
                0x0800821c                USART2_IRQHandler
                0x0800821c                DFSDM1_FLT0_IRQHandler
                0x0800821c                SAI4_IRQHandler
                0x0800821c                I2C2_ER_IRQHandler
                0x0800821c                DMA2_Stream1_IRQHandler
                0x0800821c                FLASH_IRQHandler
                0x0800821c                DMA2_Stream4_IRQHandler
                0x0800821c                USART1_IRQHandler
                0x0800821c                OTG_FS_IRQHandler
                0x0800821c                SPI3_IRQHandler
                0x0800821c                WAKEUP_PIN_IRQHandler
                0x0800821c                DMA1_Stream4_IRQHandler
                0x0800821c                OTG_FS_EP1_IN_IRQHandler
                0x0800821c                I2C1_ER_IRQHandler
                0x0800821c                FMC_IRQHandler
                0x0800821c                FDCAN_CAL_IRQHandler
                0x0800821c                SWPMI1_IRQHandler
                0x0800821c                COMP1_IRQHandler
                0x0800821c                LPTIM1_IRQHandler
                0x0800821c                I2C4_ER_IRQHandler
                0x0800821c                DMA2_Stream6_IRQHandler
                0x0800821c                SAI1_IRQHandler
                0x0800821c                DMA1_Stream3_IRQHandler
 *fill*         0x0800821e        0x2 
 .text.__udivmoddi4
                0x08008220      0x2f8 D:/tool/cmake/cmake_zip/arm-gnu-toolchain/bin/../lib/gcc/arm-none-eabi/14.2.1/thumb/v7e-m+dp/hard\libgcc.a(_udivmoddi4.o)
                0x08008220                __udivmoddi4
 .text.sprintf  0x08008518       0x44 D:/tool/cmake/cmake_zip/arm-gnu-toolchain/bin/../lib/gcc/arm-none-eabi/14.2.1/thumb/v7e-m+dp/hard\libg_nano.a(libc_a-sprintf.o)
                0x08008518                siprintf
                0x08008518                sprintf
 .text.__errno  0x0800855c        0xc D:/tool/cmake/cmake_zip/arm-gnu-toolchain/bin/../lib/gcc/arm-none-eabi/14.2.1/thumb/v7e-m+dp/hard\libg_nano.a(libc_a-errno.o)
                0x0800855c                __errno
 .text.__ssputs_r
                0x08008568       0xc0 D:/tool/cmake/cmake_zip/arm-gnu-toolchain/bin/../lib/gcc/arm-none-eabi/14.2.1/thumb/v7e-m+dp/hard\libg_nano.a(libc_a-nano-svfprintf.o)
                0x08008568                __ssputs_r
 .text._svfprintf_r
                0x08008628      0x1f8 D:/tool/cmake/cmake_zip/arm-gnu-toolchain/bin/../lib/gcc/arm-none-eabi/14.2.1/thumb/v7e-m+dp/hard\libg_nano.a(libc_a-nano-svfprintf.o)
                0x08008628                _svfiprintf_r
                0x08008628                _svfprintf_r
 .text._printf_common
                0x08008820       0xda D:/tool/cmake/cmake_zip/arm-gnu-toolchain/bin/../lib/gcc/arm-none-eabi/14.2.1/thumb/v7e-m+dp/hard\libg_nano.a(libc_a-nano-vfprintf_i.o)
                0x08008820                _printf_common
 *fill*         0x080088fa        0x2 
 .text._printf_i
                0x080088fc      0x240 D:/tool/cmake/cmake_zip/arm-gnu-toolchain/bin/../lib/gcc/arm-none-eabi/14.2.1/thumb/v7e-m+dp/hard\libg_nano.a(libc_a-nano-vfprintf_i.o)
                0x080088fc                _printf_i
 .text.memmove  0x08008b3c       0x32 D:/tool/cmake/cmake_zip/arm-gnu-toolchain/bin/../lib/gcc/arm-none-eabi/14.2.1/thumb/v7e-m+dp/hard\libg_nano.a(libc_a-memmove.o)
                0x08008b3c                memmove
 .text.memcpy   0x08008b6e       0x1c D:/tool/cmake/cmake_zip/arm-gnu-toolchain/bin/../lib/gcc/arm-none-eabi/14.2.1/thumb/v7e-m+dp/hard\libg_nano.a(libc_a-memcpy-stub.o)
                0x08008b6e                memcpy
 .text._realloc_r
                0x08008b8a       0x5c D:/tool/cmake/cmake_zip/arm-gnu-toolchain/bin/../lib/gcc/arm-none-eabi/14.2.1/thumb/v7e-m+dp/hard\libg_nano.a(libc_a-reallocr.o)
                0x08008b8a                _realloc_r
 .text._malloc_usable_size_r
                0x08008be6       0x10 D:/tool/cmake/cmake_zip/arm-gnu-toolchain/bin/../lib/gcc/arm-none-eabi/14.2.1/thumb/v7e-m+dp/hard\libg_nano.a(libc_a-msizer.o)
                0x08008be6                _malloc_usable_size_r
 *(.glue_7)
 .glue_7        0x08008bf6        0x0 linker stubs
 *(.glue_7t)
 .glue_7t       0x08008bf6        0x0 linker stubs
 *(.eh_frame)
 *fill*         0x08008bf6        0x2 
 .eh_frame      0x08008bf8        0x0 D:/tool/cmake/cmake_zip/arm-gnu-toolchain/bin/../lib/gcc/arm-none-eabi/14.2.1/thumb/v7e-m+dp/hard/crtbegin.o
 *(.init)
 .init          0x08008bf8        0x4 D:/tool/cmake/cmake_zip/arm-gnu-toolchain/bin/../lib/gcc/arm-none-eabi/14.2.1/thumb/v7e-m+dp/hard/crti.o
                0x08008bf8                _init
 .init          0x08008bfc        0x8 D:/tool/cmake/cmake_zip/arm-gnu-toolchain/bin/../lib/gcc/arm-none-eabi/14.2.1/thumb/v7e-m+dp/hard/crtn.o
 *(.fini)
 .fini          0x08008c04        0x4 D:/tool/cmake/cmake_zip/arm-gnu-toolchain/bin/../lib/gcc/arm-none-eabi/14.2.1/thumb/v7e-m+dp/hard/crti.o
                0x08008c04                _fini
 .fini          0x08008c08        0x8 D:/tool/cmake/cmake_zip/arm-gnu-toolchain/bin/../lib/gcc/arm-none-eabi/14.2.1/thumb/v7e-m+dp/hard/crtn.o
                0x08008c10                        . = ALIGN (0x4)
                0x08008c10                        _etext = .

.vfp11_veneer   0x08008c10        0x0
 .vfp11_veneer  0x08008c10        0x0 linker stubs

.v4_bx          0x08008c10        0x0
 .v4_bx         0x08008c10        0x0 linker stubs

.iplt           0x08008c10        0x0
 .iplt          0x08008c10        0x0 D:/tool/cmake/cmake_zip/arm-gnu-toolchain/bin/../lib/gcc/arm-none-eabi/14.2.1/thumb/v7e-m+dp/hard/crtbegin.o

.rodata         0x08008c10       0xa4
                0x08008c10                        . = ALIGN (0x4)
 *(.rodata)
 .rodata        0x08008c10       0x37 CMakeFiles/TEST_ADC_1.dir/Core/Src/main.c.obj
 *(.rodata*)
 *fill*         0x08008c47        0x1 
 .rodata.UARTPrescTable
                0x08008c48       0x18 CMakeFiles/TEST_ADC_1.dir/Drivers/STM32H7xx_HAL_Driver/Src/stm32h7xx_hal_uart.c.obj
                0x08008c48                UARTPrescTable
 .rodata.numerator.1
                0x08008c60        0x8 CMakeFiles/TEST_ADC_1.dir/Drivers/STM32H7xx_HAL_Driver/Src/stm32h7xx_hal_uart_ex.c.obj
 .rodata.denominator.0
                0x08008c68        0x8 CMakeFiles/TEST_ADC_1.dir/Drivers/STM32H7xx_HAL_Driver/Src/stm32h7xx_hal_uart_ex.c.obj
 .rodata.D1CorePrescTable
                0x08008c70       0x10 CMakeFiles/TEST_ADC_1.dir/Core/Src/system_stm32h7xx.c.obj
                0x08008c70                D1CorePrescTable
 .rodata._svfprintf_r.str1.1
                0x08008c80       0x33 D:/tool/cmake/cmake_zip/arm-gnu-toolchain/bin/../lib/gcc/arm-none-eabi/14.2.1/thumb/v7e-m+dp/hard\libg_nano.a(libc_a-nano-svfprintf.o)
                                 0x11 (size before relaxing)
 .rodata._printf_i.str1.1
                0x08008cb3       0x22 D:/tool/cmake/cmake_zip/arm-gnu-toolchain/bin/../lib/gcc/arm-none-eabi/14.2.1/thumb/v7e-m+dp/hard\libg_nano.a(libc_a-nano-vfprintf_i.o)
                0x08008cd8                        . = ALIGN (0x4)
 *fill*         0x08008cb3        0x1 

.ARM.extab
 *(.ARM.extab* .gnu.linkonce.armextab.*)

.ARM            0x08008cb4        0x8
                0x08008cb4                        __exidx_start = .
 *(.ARM.exidx*)
 .ARM.exidx     0x08008cb4        0x8 D:/tool/cmake/cmake_zip/arm-gnu-toolchain/bin/../lib/gcc/arm-none-eabi/14.2.1/thumb/v7e-m+dp/hard\libg_nano.a(libc_a-strlen.o)
 .ARM.exidx     0x08008cbc        0x0 D:/tool/cmake/cmake_zip/arm-gnu-toolchain/bin/../lib/gcc/arm-none-eabi/14.2.1/thumb/v7e-m+dp/hard\libg_nano.a(libc_a-memchr.o)
                                  0x8 (size before relaxing)
 .ARM.exidx.text.__udivmoddi4
                0x08008cbc        0x0 D:/tool/cmake/cmake_zip/arm-gnu-toolchain/bin/../lib/gcc/arm-none-eabi/14.2.1/thumb/v7e-m+dp/hard\libgcc.a(_udivmoddi4.o)
                                  0x8 (size before relaxing)
                0x08008cbc                        __exidx_end = .

.rel.dyn        0x08008cbc        0x0
 .rel.iplt      0x08008cbc        0x0 D:/tool/cmake/cmake_zip/arm-gnu-toolchain/bin/../lib/gcc/arm-none-eabi/14.2.1/thumb/v7e-m+dp/hard/crtbegin.o

.preinit_array  0x08008cbc        0x0
                0x08008cbc                        PROVIDE (__preinit_array_start = .)
 *(.preinit_array*)
                0x08008cbc                        PROVIDE (__preinit_array_end = .)

.init_array     0x08008cbc        0x4
                0x08008cbc                        PROVIDE (__init_array_start = .)
 *(SORT_BY_NAME(.init_array.*))
 *(.init_array*)
 .init_array    0x08008cbc        0x4 D:/tool/cmake/cmake_zip/arm-gnu-toolchain/bin/../lib/gcc/arm-none-eabi/14.2.1/thumb/v7e-m+dp/hard/crtbegin.o
                0x08008cc0                        PROVIDE (__init_array_end = .)

.fini_array     0x08008cc0        0x4
                [!provide]                        PROVIDE (__fini_array_start = .)
 *(SORT_BY_NAME(.fini_array.*))
 *(.fini_array*)
 .fini_array    0x08008cc0        0x4 D:/tool/cmake/cmake_zip/arm-gnu-toolchain/bin/../lib/gcc/arm-none-eabi/14.2.1/thumb/v7e-m+dp/hard/crtbegin.o
                [!provide]                        PROVIDE (__fini_array_end = .)
                0x08008cc4                        _sidata = LOADADDR (.data)

.data           0x20000000       0x60 load address 0x08008cc4
                0x20000000                        . = ALIGN (0x4)
                0x20000000                        _sdata = .
 *(.data)
 *(.data*)
 .data._impure_ptr
                0x20000000        0x4 D:/tool/cmake/cmake_zip/arm-gnu-toolchain/bin/../lib/gcc/arm-none-eabi/14.2.1/thumb/v7e-m+dp/hard\libc_nano.a(libc_a-impure.o)
                0x20000000                _impure_ptr
 .data._impure_data
                0x20000004       0x4c D:/tool/cmake/cmake_zip/arm-gnu-toolchain/bin/../lib/gcc/arm-none-eabi/14.2.1/thumb/v7e-m+dp/hard\libc_nano.a(libc_a-impure.o)
                0x20000004                _impure_data
 .data.uwTickPrio
                0x20000050        0x4 CMakeFiles/TEST_ADC_1.dir/Drivers/STM32H7xx_HAL_Driver/Src/stm32h7xx_hal.c.obj
                0x20000050                uwTickPrio
 .data.uwTickFreq
                0x20000054        0x1 CMakeFiles/TEST_ADC_1.dir/Drivers/STM32H7xx_HAL_Driver/Src/stm32h7xx_hal.c.obj
                0x20000054                uwTickFreq
 *fill*         0x20000055        0x3 
 .data.SystemCoreClock
                0x20000058        0x4 CMakeFiles/TEST_ADC_1.dir/Core/Src/system_stm32h7xx.c.obj
                0x20000058                SystemCoreClock
 .data.SystemD2Clock
                0x2000005c        0x4 CMakeFiles/TEST_ADC_1.dir/Core/Src/system_stm32h7xx.c.obj
                0x2000005c                SystemD2Clock
                0x20000060                        . = ALIGN (0x4)
                0x20000060                        _edata = .

.tm_clone_table
                0x20000060        0x0 load address 0x08008d24
 .tm_clone_table
                0x20000060        0x0 D:/tool/cmake/cmake_zip/arm-gnu-toolchain/bin/../lib/gcc/arm-none-eabi/14.2.1/thumb/v7e-m+dp/hard/crtbegin.o
 .tm_clone_table
                0x20000060        0x0 D:/tool/cmake/cmake_zip/arm-gnu-toolchain/bin/../lib/gcc/arm-none-eabi/14.2.1/thumb/v7e-m+dp/hard/crtend.o

.igot.plt       0x20000060        0x0 load address 0x08008d24
 .igot.plt      0x20000060        0x0 D:/tool/cmake/cmake_zip/arm-gnu-toolchain/bin/../lib/gcc/arm-none-eabi/14.2.1/thumb/v7e-m+dp/hard/crtbegin.o
                0x20000060                        . = ALIGN (0x4)

.bss            0x20000060      0x360 load address 0x08008d24
                0x20000060                        _sbss = .
                0x20000060                        __bss_start__ = _sbss
 *(.bss)
 *(.bss*)
 .bss.completed.1
                0x20000060        0x1 D:/tool/cmake/cmake_zip/arm-gnu-toolchain/bin/../lib/gcc/arm-none-eabi/14.2.1/thumb/v7e-m+dp/hard/crtbegin.o
 *fill*         0x20000061        0x3 
 .bss.object.0  0x20000064       0x18 D:/tool/cmake/cmake_zip/arm-gnu-toolchain/bin/../lib/gcc/arm-none-eabi/14.2.1/thumb/v7e-m+dp/hard/crtbegin.o
 .bss.__sf      0x2000007c      0x138 D:/tool/cmake/cmake_zip/arm-gnu-toolchain/bin/../lib/gcc/arm-none-eabi/14.2.1/thumb/v7e-m+dp/hard\libc_nano.a(libc_a-findfp.o)
                0x2000007c                __sf
 .bss.errno     0x200001b4        0x4 D:/tool/cmake/cmake_zip/arm-gnu-toolchain/bin/../lib/gcc/arm-none-eabi/14.2.1/thumb/v7e-m+dp/hard\libc_nano.a(libc_a-reent.o)
                0x200001b4                errno
 .bss.__lock___malloc_recursive_mutex
                0x200001b8        0x1 D:/tool/cmake/cmake_zip/arm-gnu-toolchain/bin/../lib/gcc/arm-none-eabi/14.2.1/thumb/v7e-m+dp/hard\libc_nano.a(libc_a-lock.o)
                0x200001b8                __lock___malloc_recursive_mutex
 *fill*         0x200001b9        0x3 
 .bss.__malloc_sbrk_start
                0x200001bc        0x4 D:/tool/cmake/cmake_zip/arm-gnu-toolchain/bin/../lib/gcc/arm-none-eabi/14.2.1/thumb/v7e-m+dp/hard\libc_nano.a(libc_a-mallocr.o)
                0x200001bc                __malloc_sbrk_start
 .bss.__malloc_free_list
                0x200001c0        0x4 D:/tool/cmake/cmake_zip/arm-gnu-toolchain/bin/../lib/gcc/arm-none-eabi/14.2.1/thumb/v7e-m+dp/hard\libc_nano.a(libc_a-mallocr.o)
                0x200001c0                __malloc_free_list
 .bss.hadc1     0x200001c4       0x64 CMakeFiles/TEST_ADC_1.dir/Core/Src/main.c.obj
                0x200001c4                hadc1
 .bss.hadc2     0x20000228       0x64 CMakeFiles/TEST_ADC_1.dir/Core/Src/main.c.obj
                0x20000228                hadc2
 .bss.hi2c1     0x2000028c       0x54 CMakeFiles/TEST_ADC_1.dir/Core/Src/main.c.obj
                0x2000028c                hi2c1
 .bss.huart4    0x200002e0       0x94 CMakeFiles/TEST_ADC_1.dir/Core/Src/main.c.obj
                0x200002e0                huart4
 .bss.adc1_value
                0x20000374        0x2 CMakeFiles/TEST_ADC_1.dir/Core/Src/main.c.obj
                0x20000374                adc1_value
 .bss.adc2_value
                0x20000376        0x2 CMakeFiles/TEST_ADC_1.dir/Core/Src/main.c.obj
                0x20000376                adc2_value
 .bss.uart_buffer
                0x20000378       0x32 CMakeFiles/TEST_ADC_1.dir/Core/Src/main.c.obj
                0x20000378                uart_buffer
 *fill*         0x200003aa        0x2 
 .bss.voltage1_mv
                0x200003ac        0x4 CMakeFiles/TEST_ADC_1.dir/Core/Src/main.c.obj
                0x200003ac                voltage1_mv
 .bss.voltage2_mv
                0x200003b0        0x4 CMakeFiles/TEST_ADC_1.dir/Core/Src/main.c.obj
                0x200003b0                voltage2_mv
 .bss.HAL_RCC_ADC12_CLK_ENABLED
                0x200003b4        0x4 CMakeFiles/TEST_ADC_1.dir/Core/Src/stm32h7xx_hal_msp.c.obj
 .bss.uwTick    0x200003b8        0x4 CMakeFiles/TEST_ADC_1.dir/Drivers/STM32H7xx_HAL_Driver/Src/stm32h7xx_hal.c.obj
                0x200003b8                uwTick
 .bss.__sbrk_heap_end
                0x200003bc        0x4 CMakeFiles/TEST_ADC_1.dir/Core/Src/sysmem.c.obj
 *(COMMON)
                0x200003c0                        . = ALIGN (0x4)
                0x200003c0                        _ebss = .
                0x200003c0                        __bss_end__ = _ebss

._user_heap_stack
                0x200003c0      0x600 load address 0x08008d24
                0x200003c0                        . = ALIGN (0x8)
                [!provide]                        PROVIDE (end = .)
                0x200003c0                        PROVIDE (_end = .)
                0x200005c0                        . = (. + _Min_Heap_Size)
 *fill*         0x200003c0      0x200 
                0x200009c0                        . = (. + _Min_Stack_Size)
 *fill*         0x200005c0      0x400 
                0x200009c0                        . = ALIGN (0x8)

/DISCARD/
 libc.a(*)
 libm.a(*)
 libgcc.a(*)
OUTPUT(TEST_ADC_1.elf elf32-littlearm)
LOAD linker stubs
LOAD D:/tool/cmake/cmake_zip/arm-gnu-toolchain/bin/../lib/gcc/arm-none-eabi/14.2.1/thumb/v7e-m+dp/hard\libc.a
LOAD D:/tool/cmake/cmake_zip/arm-gnu-toolchain/bin/../lib/gcc/arm-none-eabi/14.2.1/thumb/v7e-m+dp/hard\libm.a
LOAD D:/tool/cmake/cmake_zip/arm-gnu-toolchain/bin/../lib/gcc/arm-none-eabi/14.2.1/thumb/v7e-m+dp/hard\libgcc.a

.ARM.attributes
                0x00000000       0x2e
 .ARM.attributes
                0x00000000       0x20 D:/tool/cmake/cmake_zip/arm-gnu-toolchain/bin/../lib/gcc/arm-none-eabi/14.2.1/thumb/v7e-m+dp/hard/crti.o
 .ARM.attributes
                0x00000020       0x32 D:/tool/cmake/cmake_zip/arm-gnu-toolchain/bin/../lib/gcc/arm-none-eabi/14.2.1/thumb/v7e-m+dp/hard/crtbegin.o
 .ARM.attributes
                0x00000052       0x32 D:/tool/cmake/cmake_zip/arm-gnu-toolchain/bin/../lib/gcc/arm-none-eabi/14.2.1/thumb/v7e-m+dp/hard\libc_nano.a(libc_a-findfp.o)
 .ARM.attributes
                0x00000084       0x32 D:/tool/cmake/cmake_zip/arm-gnu-toolchain/bin/../lib/gcc/arm-none-eabi/14.2.1/thumb/v7e-m+dp/hard\libc_nano.a(libc_a-memset.o)
 .ARM.attributes
                0x000000b6       0x32 D:/tool/cmake/cmake_zip/arm-gnu-toolchain/bin/../lib/gcc/arm-none-eabi/14.2.1/thumb/v7e-m+dp/hard\libc_nano.a(libc_a-reent.o)
 .ARM.attributes
                0x000000e8       0x32 D:/tool/cmake/cmake_zip/arm-gnu-toolchain/bin/../lib/gcc/arm-none-eabi/14.2.1/thumb/v7e-m+dp/hard\libc_nano.a(libc_a-impure.o)
 .ARM.attributes
                0x0000011a       0x32 D:/tool/cmake/cmake_zip/arm-gnu-toolchain/bin/../lib/gcc/arm-none-eabi/14.2.1/thumb/v7e-m+dp/hard\libc_nano.a(libc_a-init.o)
 .ARM.attributes
                0x0000014c       0x32 D:/tool/cmake/cmake_zip/arm-gnu-toolchain/bin/../lib/gcc/arm-none-eabi/14.2.1/thumb/v7e-m+dp/hard\libc_nano.a(libc_a-lock.o)
 .ARM.attributes
                0x0000017e       0x32 D:/tool/cmake/cmake_zip/arm-gnu-toolchain/bin/../lib/gcc/arm-none-eabi/14.2.1/thumb/v7e-m+dp/hard\libc_nano.a(libc_a-freer.o)
 .ARM.attributes
                0x000001b0       0x32 D:/tool/cmake/cmake_zip/arm-gnu-toolchain/bin/../lib/gcc/arm-none-eabi/14.2.1/thumb/v7e-m+dp/hard\libc_nano.a(libc_a-mallocr.o)
 .ARM.attributes
                0x000001e2       0x32 D:/tool/cmake/cmake_zip/arm-gnu-toolchain/bin/../lib/gcc/arm-none-eabi/14.2.1/thumb/v7e-m+dp/hard\libc_nano.a(libc_a-mlock.o)
 .ARM.attributes
                0x00000214       0x32 D:/tool/cmake/cmake_zip/arm-gnu-toolchain/bin/../lib/gcc/arm-none-eabi/14.2.1/thumb/v7e-m+dp/hard\libc_nano.a(libc_a-sbrkr.o)
 .ARM.attributes
                0x00000246       0x32 CMakeFiles/TEST_ADC_1.dir/Core/Src/main.c.obj
 .ARM.attributes
                0x00000278       0x32 CMakeFiles/TEST_ADC_1.dir/Core/Src/stm32h7xx_it.c.obj
 .ARM.attributes
                0x000002aa       0x32 CMakeFiles/TEST_ADC_1.dir/Core/Src/stm32h7xx_hal_msp.c.obj
 .ARM.attributes
                0x000002dc       0x32 CMakeFiles/TEST_ADC_1.dir/Drivers/STM32H7xx_HAL_Driver/Src/stm32h7xx_hal_adc.c.obj
 .ARM.attributes
                0x0000030e       0x32 CMakeFiles/TEST_ADC_1.dir/Drivers/STM32H7xx_HAL_Driver/Src/stm32h7xx_hal_adc_ex.c.obj
 .ARM.attributes
                0x00000340       0x32 CMakeFiles/TEST_ADC_1.dir/Drivers/STM32H7xx_HAL_Driver/Src/stm32h7xx_hal_rcc.c.obj
 .ARM.attributes
                0x00000372       0x32 CMakeFiles/TEST_ADC_1.dir/Drivers/STM32H7xx_HAL_Driver/Src/stm32h7xx_hal_rcc_ex.c.obj
 .ARM.attributes
                0x000003a4       0x32 CMakeFiles/TEST_ADC_1.dir/Drivers/STM32H7xx_HAL_Driver/Src/stm32h7xx_hal_gpio.c.obj
 .ARM.attributes
                0x000003d6       0x32 CMakeFiles/TEST_ADC_1.dir/Drivers/STM32H7xx_HAL_Driver/Src/stm32h7xx_hal_pwr_ex.c.obj
 .ARM.attributes
                0x00000408       0x32 CMakeFiles/TEST_ADC_1.dir/Drivers/STM32H7xx_HAL_Driver/Src/stm32h7xx_hal_cortex.c.obj
 .ARM.attributes
                0x0000043a       0x32 CMakeFiles/TEST_ADC_1.dir/Drivers/STM32H7xx_HAL_Driver/Src/stm32h7xx_hal.c.obj
 .ARM.attributes
                0x0000046c       0x32 CMakeFiles/TEST_ADC_1.dir/Drivers/STM32H7xx_HAL_Driver/Src/stm32h7xx_hal_i2c.c.obj
 .ARM.attributes
                0x0000049e       0x32 CMakeFiles/TEST_ADC_1.dir/Drivers/STM32H7xx_HAL_Driver/Src/stm32h7xx_hal_i2c_ex.c.obj
 .ARM.attributes
                0x000004d0       0x32 CMakeFiles/TEST_ADC_1.dir/Drivers/STM32H7xx_HAL_Driver/Src/stm32h7xx_hal_uart.c.obj
 .ARM.attributes
                0x00000502       0x32 CMakeFiles/TEST_ADC_1.dir/Drivers/STM32H7xx_HAL_Driver/Src/stm32h7xx_hal_uart_ex.c.obj
 .ARM.attributes
                0x00000534       0x32 CMakeFiles/TEST_ADC_1.dir/Core/Src/system_stm32h7xx.c.obj
 .ARM.attributes
                0x00000566       0x32 CMakeFiles/TEST_ADC_1.dir/Core/Src/sysmem.c.obj
 .ARM.attributes
                0x00000598       0x21 CMakeFiles/TEST_ADC_1.dir/startup_stm32h750xx.s.obj
 .ARM.attributes
                0x000005b9       0x20 D:/tool/cmake/cmake_zip/arm-gnu-toolchain/bin/../lib/gcc/arm-none-eabi/14.2.1/thumb/v7e-m+dp/hard\libgcc.a(_aeabi_uldivmod.o)
 .ARM.attributes
                0x000005d9       0x32 D:/tool/cmake/cmake_zip/arm-gnu-toolchain/bin/../lib/gcc/arm-none-eabi/14.2.1/thumb/v7e-m+dp/hard\libgcc.a(_udivmoddi4.o)
 .ARM.attributes
                0x0000060b       0x20 D:/tool/cmake/cmake_zip/arm-gnu-toolchain/bin/../lib/gcc/arm-none-eabi/14.2.1/thumb/v7e-m+dp/hard\libgcc.a(_dvmd_tls.o)
 .ARM.attributes
                0x0000062b       0x32 D:/tool/cmake/cmake_zip/arm-gnu-toolchain/bin/../lib/gcc/arm-none-eabi/14.2.1/thumb/v7e-m+dp/hard\libg_nano.a(libc_a-sprintf.o)
 .ARM.attributes
                0x0000065d       0x32 D:/tool/cmake/cmake_zip/arm-gnu-toolchain/bin/../lib/gcc/arm-none-eabi/14.2.1/thumb/v7e-m+dp/hard\libg_nano.a(libc_a-errno.o)
 .ARM.attributes
                0x0000068f       0x17 D:/tool/cmake/cmake_zip/arm-gnu-toolchain/bin/../lib/gcc/arm-none-eabi/14.2.1/thumb/v7e-m+dp/hard\libg_nano.a(libc_a-strlen.o)
 .ARM.attributes
                0x000006a6       0x32 D:/tool/cmake/cmake_zip/arm-gnu-toolchain/bin/../lib/gcc/arm-none-eabi/14.2.1/thumb/v7e-m+dp/hard\libg_nano.a(libc_a-nano-svfprintf.o)
 .ARM.attributes
                0x000006d8       0x32 D:/tool/cmake/cmake_zip/arm-gnu-toolchain/bin/../lib/gcc/arm-none-eabi/14.2.1/thumb/v7e-m+dp/hard\libg_nano.a(libc_a-nano-vfprintf_i.o)
 .ARM.attributes
                0x0000070a       0x32 D:/tool/cmake/cmake_zip/arm-gnu-toolchain/bin/../lib/gcc/arm-none-eabi/14.2.1/thumb/v7e-m+dp/hard\libg_nano.a(libc_a-memmove.o)
 .ARM.attributes
                0x0000073c       0x1c D:/tool/cmake/cmake_zip/arm-gnu-toolchain/bin/../lib/gcc/arm-none-eabi/14.2.1/thumb/v7e-m+dp/hard\libg_nano.a(libc_a-memchr.o)
 .ARM.attributes
                0x00000758       0x32 D:/tool/cmake/cmake_zip/arm-gnu-toolchain/bin/../lib/gcc/arm-none-eabi/14.2.1/thumb/v7e-m+dp/hard\libg_nano.a(libc_a-memcpy-stub.o)
 .ARM.attributes
                0x0000078a       0x32 D:/tool/cmake/cmake_zip/arm-gnu-toolchain/bin/../lib/gcc/arm-none-eabi/14.2.1/thumb/v7e-m+dp/hard\libg_nano.a(libc_a-reallocr.o)
 .ARM.attributes
                0x000007bc       0x32 D:/tool/cmake/cmake_zip/arm-gnu-toolchain/bin/../lib/gcc/arm-none-eabi/14.2.1/thumb/v7e-m+dp/hard\libg_nano.a(libc_a-msizer.o)
 .ARM.attributes
                0x000007ee       0x32 D:/tool/cmake/cmake_zip/arm-gnu-toolchain/bin/../lib/gcc/arm-none-eabi/14.2.1/thumb/v7e-m+dp/hard/crtend.o
 .ARM.attributes
                0x00000820       0x20 D:/tool/cmake/cmake_zip/arm-gnu-toolchain/bin/../lib/gcc/arm-none-eabi/14.2.1/thumb/v7e-m+dp/hard/crtn.o

.comment        0x00000000       0x45
 .comment       0x00000000       0x45 CMakeFiles/TEST_ADC_1.dir/Core/Src/main.c.obj
                                 0x46 (size before relaxing)
 .comment       0x00000045       0x46 CMakeFiles/TEST_ADC_1.dir/Core/Src/stm32h7xx_it.c.obj
 .comment       0x00000045       0x46 CMakeFiles/TEST_ADC_1.dir/Core/Src/stm32h7xx_hal_msp.c.obj
 .comment       0x00000045       0x46 CMakeFiles/TEST_ADC_1.dir/Drivers/STM32H7xx_HAL_Driver/Src/stm32h7xx_hal_adc.c.obj
 .comment       0x00000045       0x46 CMakeFiles/TEST_ADC_1.dir/Drivers/STM32H7xx_HAL_Driver/Src/stm32h7xx_hal_adc_ex.c.obj
 .comment       0x00000045       0x46 CMakeFiles/TEST_ADC_1.dir/Drivers/STM32H7xx_HAL_Driver/Src/stm32h7xx_hal_rcc.c.obj
 .comment       0x00000045       0x46 CMakeFiles/TEST_ADC_1.dir/Drivers/STM32H7xx_HAL_Driver/Src/stm32h7xx_hal_rcc_ex.c.obj
 .comment       0x00000045       0x46 CMakeFiles/TEST_ADC_1.dir/Drivers/STM32H7xx_HAL_Driver/Src/stm32h7xx_hal_gpio.c.obj
 .comment       0x00000045       0x46 CMakeFiles/TEST_ADC_1.dir/Drivers/STM32H7xx_HAL_Driver/Src/stm32h7xx_hal_pwr_ex.c.obj
 .comment       0x00000045       0x46 CMakeFiles/TEST_ADC_1.dir/Drivers/STM32H7xx_HAL_Driver/Src/stm32h7xx_hal_cortex.c.obj
 .comment       0x00000045       0x46 CMakeFiles/TEST_ADC_1.dir/Drivers/STM32H7xx_HAL_Driver/Src/stm32h7xx_hal.c.obj
 .comment       0x00000045       0x46 CMakeFiles/TEST_ADC_1.dir/Drivers/STM32H7xx_HAL_Driver/Src/stm32h7xx_hal_i2c.c.obj
 .comment       0x00000045       0x46 CMakeFiles/TEST_ADC_1.dir/Drivers/STM32H7xx_HAL_Driver/Src/stm32h7xx_hal_i2c_ex.c.obj
 .comment       0x00000045       0x46 CMakeFiles/TEST_ADC_1.dir/Drivers/STM32H7xx_HAL_Driver/Src/stm32h7xx_hal_uart.c.obj
 .comment       0x00000045       0x46 CMakeFiles/TEST_ADC_1.dir/Drivers/STM32H7xx_HAL_Driver/Src/stm32h7xx_hal_uart_ex.c.obj
 .comment       0x00000045       0x46 CMakeFiles/TEST_ADC_1.dir/Core/Src/system_stm32h7xx.c.obj
 .comment       0x00000045       0x46 CMakeFiles/TEST_ADC_1.dir/Core/Src/sysmem.c.obj

.debug_frame    0x00000000     0x5088
 .debug_frame   0x00000000      0x144 D:/tool/cmake/cmake_zip/arm-gnu-toolchain/bin/../lib/gcc/arm-none-eabi/14.2.1/thumb/v7e-m+dp/hard\libc_nano.a(libc_a-findfp.o)
 .debug_frame   0x00000144       0x20 D:/tool/cmake/cmake_zip/arm-gnu-toolchain/bin/../lib/gcc/arm-none-eabi/14.2.1/thumb/v7e-m+dp/hard\libc_nano.a(libc_a-memset.o)
 .debug_frame   0x00000164       0x38 D:/tool/cmake/cmake_zip/arm-gnu-toolchain/bin/../lib/gcc/arm-none-eabi/14.2.1/thumb/v7e-m+dp/hard\libc_nano.a(libc_a-reent.o)
 .debug_frame   0x0000019c       0x2c D:/tool/cmake/cmake_zip/arm-gnu-toolchain/bin/../lib/gcc/arm-none-eabi/14.2.1/thumb/v7e-m+dp/hard\libc_nano.a(libc_a-init.o)
 .debug_frame   0x000001c8       0xb0 D:/tool/cmake/cmake_zip/arm-gnu-toolchain/bin/../lib/gcc/arm-none-eabi/14.2.1/thumb/v7e-m+dp/hard\libc_nano.a(libc_a-lock.o)
 .debug_frame   0x00000278       0x38 D:/tool/cmake/cmake_zip/arm-gnu-toolchain/bin/../lib/gcc/arm-none-eabi/14.2.1/thumb/v7e-m+dp/hard\libc_nano.a(libc_a-freer.o)
 .debug_frame   0x000002b0       0x50 D:/tool/cmake/cmake_zip/arm-gnu-toolchain/bin/../lib/gcc/arm-none-eabi/14.2.1/thumb/v7e-m+dp/hard\libc_nano.a(libc_a-mallocr.o)
 .debug_frame   0x00000300       0x30 D:/tool/cmake/cmake_zip/arm-gnu-toolchain/bin/../lib/gcc/arm-none-eabi/14.2.1/thumb/v7e-m+dp/hard\libc_nano.a(libc_a-mlock.o)
 .debug_frame   0x00000330       0x2c D:/tool/cmake/cmake_zip/arm-gnu-toolchain/bin/../lib/gcc/arm-none-eabi/14.2.1/thumb/v7e-m+dp/hard\libc_nano.a(libc_a-sbrkr.o)
 .debug_frame   0x0000035c      0x160 CMakeFiles/TEST_ADC_1.dir/Core/Src/main.c.obj
 .debug_frame   0x000004bc      0x104 CMakeFiles/TEST_ADC_1.dir/Core/Src/stm32h7xx_it.c.obj
 .debug_frame   0x000005c0      0x118 CMakeFiles/TEST_ADC_1.dir/Core/Src/stm32h7xx_hal_msp.c.obj
 .debug_frame   0x000006d8      0xa50 CMakeFiles/TEST_ADC_1.dir/Drivers/STM32H7xx_HAL_Driver/Src/stm32h7xx_hal_adc.c.obj
 .debug_frame   0x00001128      0x8b4 CMakeFiles/TEST_ADC_1.dir/Drivers/STM32H7xx_HAL_Driver/Src/stm32h7xx_hal_adc_ex.c.obj
 .debug_frame   0x000019dc      0x1f8 CMakeFiles/TEST_ADC_1.dir/Drivers/STM32H7xx_HAL_Driver/Src/stm32h7xx_hal_rcc.c.obj
 .debug_frame   0x00001bd4      0x414 CMakeFiles/TEST_ADC_1.dir/Drivers/STM32H7xx_HAL_Driver/Src/stm32h7xx_hal_rcc_ex.c.obj
 .debug_frame   0x00001fe8      0x14c CMakeFiles/TEST_ADC_1.dir/Drivers/STM32H7xx_HAL_Driver/Src/stm32h7xx_hal_gpio.c.obj
 .debug_frame   0x00002134      0x580 CMakeFiles/TEST_ADC_1.dir/Drivers/STM32H7xx_HAL_Driver/Src/stm32h7xx_hal_pwr_ex.c.obj
 .debug_frame   0x000026b4      0x508 CMakeFiles/TEST_ADC_1.dir/Drivers/STM32H7xx_HAL_Driver/Src/stm32h7xx_hal_cortex.c.obj
 .debug_frame   0x00002bbc      0x690 CMakeFiles/TEST_ADC_1.dir/Drivers/STM32H7xx_HAL_Driver/Src/stm32h7xx_hal.c.obj
 .debug_frame   0x0000324c      0xc40 CMakeFiles/TEST_ADC_1.dir/Drivers/STM32H7xx_HAL_Driver/Src/stm32h7xx_hal_i2c.c.obj
 .debug_frame   0x00003e8c      0x100 CMakeFiles/TEST_ADC_1.dir/Drivers/STM32H7xx_HAL_Driver/Src/stm32h7xx_hal_i2c_ex.c.obj
 .debug_frame   0x00003f8c      0xa94 CMakeFiles/TEST_ADC_1.dir/Drivers/STM32H7xx_HAL_Driver/Src/stm32h7xx_hal_uart.c.obj
 .debug_frame   0x00004a20      0x2c0 CMakeFiles/TEST_ADC_1.dir/Drivers/STM32H7xx_HAL_Driver/Src/stm32h7xx_hal_uart_ex.c.obj
 .debug_frame   0x00004ce0       0x78 CMakeFiles/TEST_ADC_1.dir/Core/Src/system_stm32h7xx.c.obj
 .debug_frame   0x00004d58       0x34 CMakeFiles/TEST_ADC_1.dir/Core/Src/sysmem.c.obj
 .debug_frame   0x00004d8c       0x2c D:/tool/cmake/cmake_zip/arm-gnu-toolchain/bin/../lib/gcc/arm-none-eabi/14.2.1/thumb/v7e-m+dp/hard\libgcc.a(_aeabi_uldivmod.o)
 .debug_frame   0x00004db8       0x34 D:/tool/cmake/cmake_zip/arm-gnu-toolchain/bin/../lib/gcc/arm-none-eabi/14.2.1/thumb/v7e-m+dp/hard\libgcc.a(_udivmoddi4.o)
 .debug_frame   0x00004dec       0x74 D:/tool/cmake/cmake_zip/arm-gnu-toolchain/bin/../lib/gcc/arm-none-eabi/14.2.1/thumb/v7e-m+dp/hard\libg_nano.a(libc_a-sprintf.o)
 .debug_frame   0x00004e60       0x20 D:/tool/cmake/cmake_zip/arm-gnu-toolchain/bin/../lib/gcc/arm-none-eabi/14.2.1/thumb/v7e-m+dp/hard\libg_nano.a(libc_a-errno.o)
 .debug_frame   0x00004e80       0x20 D:/tool/cmake/cmake_zip/arm-gnu-toolchain/bin/../lib/gcc/arm-none-eabi/14.2.1/thumb/v7e-m+dp/hard\libg_nano.a(libc_a-strlen.o)
 .debug_frame   0x00004ea0       0x90 D:/tool/cmake/cmake_zip/arm-gnu-toolchain/bin/../lib/gcc/arm-none-eabi/14.2.1/thumb/v7e-m+dp/hard\libg_nano.a(libc_a-nano-svfprintf.o)
 .debug_frame   0x00004f30       0x60 D:/tool/cmake/cmake_zip/arm-gnu-toolchain/bin/../lib/gcc/arm-none-eabi/14.2.1/thumb/v7e-m+dp/hard\libg_nano.a(libc_a-nano-vfprintf_i.o)
 .debug_frame   0x00004f90       0x28 D:/tool/cmake/cmake_zip/arm-gnu-toolchain/bin/../lib/gcc/arm-none-eabi/14.2.1/thumb/v7e-m+dp/hard\libg_nano.a(libc_a-memmove.o)
 .debug_frame   0x00004fb8       0x4c D:/tool/cmake/cmake_zip/arm-gnu-toolchain/bin/../lib/gcc/arm-none-eabi/14.2.1/thumb/v7e-m+dp/hard\libg_nano.a(libc_a-memchr.o)
 .debug_frame   0x00005004       0x28 D:/tool/cmake/cmake_zip/arm-gnu-toolchain/bin/../lib/gcc/arm-none-eabi/14.2.1/thumb/v7e-m+dp/hard\libg_nano.a(libc_a-memcpy-stub.o)
 .debug_frame   0x0000502c       0x3c D:/tool/cmake/cmake_zip/arm-gnu-toolchain/bin/../lib/gcc/arm-none-eabi/14.2.1/thumb/v7e-m+dp/hard\libg_nano.a(libc_a-reallocr.o)
 .debug_frame   0x00005068       0x20 D:/tool/cmake/cmake_zip/arm-gnu-toolchain/bin/../lib/gcc/arm-none-eabi/14.2.1/thumb/v7e-m+dp/hard\libg_nano.a(libc_a-msizer.o)

.debug_info     0x00000000    0x17414
 .debug_info    0x00000000     0x2058 CMakeFiles/TEST_ADC_1.dir/Core/Src/main.c.obj
 .debug_info    0x00002058      0x128 CMakeFiles/TEST_ADC_1.dir/Core/Src/stm32h7xx_it.c.obj
 .debug_info    0x00002180     0x1903 CMakeFiles/TEST_ADC_1.dir/Core/Src/stm32h7xx_hal_msp.c.obj
 .debug_info    0x00003a83     0x1d85 CMakeFiles/TEST_ADC_1.dir/Drivers/STM32H7xx_HAL_Driver/Src/stm32h7xx_hal_adc.c.obj
 .debug_info    0x00005808     0x1ea6 CMakeFiles/TEST_ADC_1.dir/Drivers/STM32H7xx_HAL_Driver/Src/stm32h7xx_hal_adc_ex.c.obj
 .debug_info    0x000076ae      0xe6a CMakeFiles/TEST_ADC_1.dir/Drivers/STM32H7xx_HAL_Driver/Src/stm32h7xx_hal_rcc.c.obj
 .debug_info    0x00008518     0x1225 CMakeFiles/TEST_ADC_1.dir/Drivers/STM32H7xx_HAL_Driver/Src/stm32h7xx_hal_rcc_ex.c.obj
 .debug_info    0x0000973d      0xc5a CMakeFiles/TEST_ADC_1.dir/Drivers/STM32H7xx_HAL_Driver/Src/stm32h7xx_hal_gpio.c.obj
 .debug_info    0x0000a397     0x1012 CMakeFiles/TEST_ADC_1.dir/Drivers/STM32H7xx_HAL_Driver/Src/stm32h7xx_hal_pwr_ex.c.obj
 .debug_info    0x0000b3a9     0x10b7 CMakeFiles/TEST_ADC_1.dir/Drivers/STM32H7xx_HAL_Driver/Src/stm32h7xx_hal_cortex.c.obj
 .debug_info    0x0000c460     0x1541 CMakeFiles/TEST_ADC_1.dir/Drivers/STM32H7xx_HAL_Driver/Src/stm32h7xx_hal.c.obj
 .debug_info    0x0000d9a1     0x22c9 CMakeFiles/TEST_ADC_1.dir/Drivers/STM32H7xx_HAL_Driver/Src/stm32h7xx_hal_i2c.c.obj
 .debug_info    0x0000fc6a      0xd84 CMakeFiles/TEST_ADC_1.dir/Drivers/STM32H7xx_HAL_Driver/Src/stm32h7xx_hal_i2c_ex.c.obj
 .debug_info    0x000109ee     0x4b1d CMakeFiles/TEST_ADC_1.dir/Drivers/STM32H7xx_HAL_Driver/Src/stm32h7xx_hal_uart.c.obj
 .debug_info    0x0001550b      0xfbf CMakeFiles/TEST_ADC_1.dir/Drivers/STM32H7xx_HAL_Driver/Src/stm32h7xx_hal_uart_ex.c.obj
 .debug_info    0x000164ca      0xdb2 CMakeFiles/TEST_ADC_1.dir/Core/Src/system_stm32h7xx.c.obj
 .debug_info    0x0001727c      0x168 CMakeFiles/TEST_ADC_1.dir/Core/Src/sysmem.c.obj
 .debug_info    0x000173e4       0x30 CMakeFiles/TEST_ADC_1.dir/startup_stm32h750xx.s.obj

.debug_abbrev   0x00000000     0x27e1
 .debug_abbrev  0x00000000      0x2e2 CMakeFiles/TEST_ADC_1.dir/Core/Src/main.c.obj
 .debug_abbrev  0x000002e2       0x73 CMakeFiles/TEST_ADC_1.dir/Core/Src/stm32h7xx_it.c.obj
 .debug_abbrev  0x00000355      0x250 CMakeFiles/TEST_ADC_1.dir/Core/Src/stm32h7xx_hal_msp.c.obj
 .debug_abbrev  0x000005a5      0x2d1 CMakeFiles/TEST_ADC_1.dir/Drivers/STM32H7xx_HAL_Driver/Src/stm32h7xx_hal_adc.c.obj
 .debug_abbrev  0x00000876      0x31a CMakeFiles/TEST_ADC_1.dir/Drivers/STM32H7xx_HAL_Driver/Src/stm32h7xx_hal_adc_ex.c.obj
 .debug_abbrev  0x00000b90      0x2c8 CMakeFiles/TEST_ADC_1.dir/Drivers/STM32H7xx_HAL_Driver/Src/stm32h7xx_hal_rcc.c.obj
 .debug_abbrev  0x00000e58      0x269 CMakeFiles/TEST_ADC_1.dir/Drivers/STM32H7xx_HAL_Driver/Src/stm32h7xx_hal_rcc_ex.c.obj
 .debug_abbrev  0x000010c1      0x205 CMakeFiles/TEST_ADC_1.dir/Drivers/STM32H7xx_HAL_Driver/Src/stm32h7xx_hal_gpio.c.obj
 .debug_abbrev  0x000012c6      0x2a7 CMakeFiles/TEST_ADC_1.dir/Drivers/STM32H7xx_HAL_Driver/Src/stm32h7xx_hal_pwr_ex.c.obj
 .debug_abbrev  0x0000156d      0x339 CMakeFiles/TEST_ADC_1.dir/Drivers/STM32H7xx_HAL_Driver/Src/stm32h7xx_hal_cortex.c.obj
 .debug_abbrev  0x000018a6      0x295 CMakeFiles/TEST_ADC_1.dir/Drivers/STM32H7xx_HAL_Driver/Src/stm32h7xx_hal.c.obj
 .debug_abbrev  0x00001b3b      0x25d CMakeFiles/TEST_ADC_1.dir/Drivers/STM32H7xx_HAL_Driver/Src/stm32h7xx_hal_i2c.c.obj
 .debug_abbrev  0x00001d98      0x1f5 CMakeFiles/TEST_ADC_1.dir/Drivers/STM32H7xx_HAL_Driver/Src/stm32h7xx_hal_i2c_ex.c.obj
 .debug_abbrev  0x00001f8d      0x33d CMakeFiles/TEST_ADC_1.dir/Drivers/STM32H7xx_HAL_Driver/Src/stm32h7xx_hal_uart.c.obj
 .debug_abbrev  0x000022ca      0x2d2 CMakeFiles/TEST_ADC_1.dir/Drivers/STM32H7xx_HAL_Driver/Src/stm32h7xx_hal_uart_ex.c.obj
 .debug_abbrev  0x0000259c      0x165 CMakeFiles/TEST_ADC_1.dir/Core/Src/system_stm32h7xx.c.obj
 .debug_abbrev  0x00002701       0xbc CMakeFiles/TEST_ADC_1.dir/Core/Src/sysmem.c.obj
 .debug_abbrev  0x000027bd       0x24 CMakeFiles/TEST_ADC_1.dir/startup_stm32h750xx.s.obj

.debug_aranges  0x00000000     0x1170
 .debug_aranges
                0x00000000       0x68 CMakeFiles/TEST_ADC_1.dir/Core/Src/main.c.obj
 .debug_aranges
                0x00000068       0x60 CMakeFiles/TEST_ADC_1.dir/Core/Src/stm32h7xx_it.c.obj
 .debug_aranges
                0x000000c8       0x50 CMakeFiles/TEST_ADC_1.dir/Core/Src/stm32h7xx_hal_msp.c.obj
 .debug_aranges
                0x00000118      0x230 CMakeFiles/TEST_ADC_1.dir/Drivers/STM32H7xx_HAL_Driver/Src/stm32h7xx_hal_adc.c.obj
 .debug_aranges
                0x00000348      0x1e0 CMakeFiles/TEST_ADC_1.dir/Drivers/STM32H7xx_HAL_Driver/Src/stm32h7xx_hal_adc_ex.c.obj
 .debug_aranges
                0x00000528       0x88 CMakeFiles/TEST_ADC_1.dir/Drivers/STM32H7xx_HAL_Driver/Src/stm32h7xx_hal_rcc.c.obj
 .debug_aranges
                0x000005b0       0xf8 CMakeFiles/TEST_ADC_1.dir/Drivers/STM32H7xx_HAL_Driver/Src/stm32h7xx_hal_rcc_ex.c.obj
 .debug_aranges
                0x000006a8       0x58 CMakeFiles/TEST_ADC_1.dir/Drivers/STM32H7xx_HAL_Driver/Src/stm32h7xx_hal_gpio.c.obj
 .debug_aranges
                0x00000700      0x158 CMakeFiles/TEST_ADC_1.dir/Drivers/STM32H7xx_HAL_Driver/Src/stm32h7xx_hal_pwr_ex.c.obj
 .debug_aranges
                0x00000858      0x130 CMakeFiles/TEST_ADC_1.dir/Drivers/STM32H7xx_HAL_Driver/Src/stm32h7xx_hal_cortex.c.obj
 .debug_aranges
                0x00000988      0x198 CMakeFiles/TEST_ADC_1.dir/Drivers/STM32H7xx_HAL_Driver/Src/stm32h7xx_hal.c.obj
 .debug_aranges
                0x00000b20      0x2a0 CMakeFiles/TEST_ADC_1.dir/Drivers/STM32H7xx_HAL_Driver/Src/stm32h7xx_hal_i2c.c.obj
 .debug_aranges
                0x00000dc0       0x48 CMakeFiles/TEST_ADC_1.dir/Drivers/STM32H7xx_HAL_Driver/Src/stm32h7xx_hal_i2c_ex.c.obj
 .debug_aranges
                0x00000e08      0x248 CMakeFiles/TEST_ADC_1.dir/Drivers/STM32H7xx_HAL_Driver/Src/stm32h7xx_hal_uart.c.obj
 .debug_aranges
                0x00001050       0xa8 CMakeFiles/TEST_ADC_1.dir/Drivers/STM32H7xx_HAL_Driver/Src/stm32h7xx_hal_uart_ex.c.obj
 .debug_aranges
                0x000010f8       0x30 CMakeFiles/TEST_ADC_1.dir/Core/Src/system_stm32h7xx.c.obj
 .debug_aranges
                0x00001128       0x20 CMakeFiles/TEST_ADC_1.dir/Core/Src/sysmem.c.obj
 .debug_aranges
                0x00001148       0x28 CMakeFiles/TEST_ADC_1.dir/startup_stm32h750xx.s.obj

.debug_rnglists
                0x00000000      0xd91
 .debug_rnglists
                0x00000000       0x4f CMakeFiles/TEST_ADC_1.dir/Core/Src/main.c.obj
 .debug_rnglists
                0x0000004f       0x43 CMakeFiles/TEST_ADC_1.dir/Core/Src/stm32h7xx_it.c.obj
 .debug_rnglists
                0x00000092       0x3b CMakeFiles/TEST_ADC_1.dir/Core/Src/stm32h7xx_hal_msp.c.obj
 .debug_rnglists
                0x000000cd      0x1af CMakeFiles/TEST_ADC_1.dir/Drivers/STM32H7xx_HAL_Driver/Src/stm32h7xx_hal_adc.c.obj
 .debug_rnglists
                0x0000027c      0x175 CMakeFiles/TEST_ADC_1.dir/Drivers/STM32H7xx_HAL_Driver/Src/stm32h7xx_hal_adc_ex.c.obj
 .debug_rnglists
                0x000003f1       0x68 CMakeFiles/TEST_ADC_1.dir/Drivers/STM32H7xx_HAL_Driver/Src/stm32h7xx_hal_rcc.c.obj
 .debug_rnglists
                0x00000459       0xc0 CMakeFiles/TEST_ADC_1.dir/Drivers/STM32H7xx_HAL_Driver/Src/stm32h7xx_hal_rcc_ex.c.obj
 .debug_rnglists
                0x00000519       0x3f CMakeFiles/TEST_ADC_1.dir/Drivers/STM32H7xx_HAL_Driver/Src/stm32h7xx_hal_gpio.c.obj
 .debug_rnglists
                0x00000558      0x103 CMakeFiles/TEST_ADC_1.dir/Drivers/STM32H7xx_HAL_Driver/Src/stm32h7xx_hal_pwr_ex.c.obj
 .debug_rnglists
                0x0000065b       0xe0 CMakeFiles/TEST_ADC_1.dir/Drivers/STM32H7xx_HAL_Driver/Src/stm32h7xx_hal_cortex.c.obj
 .debug_rnglists
                0x0000073b      0x131 CMakeFiles/TEST_ADC_1.dir/Drivers/STM32H7xx_HAL_Driver/Src/stm32h7xx_hal.c.obj
 .debug_rnglists
                0x0000086c      0x22a CMakeFiles/TEST_ADC_1.dir/Drivers/STM32H7xx_HAL_Driver/Src/stm32h7xx_hal_i2c.c.obj
 .debug_rnglists
                0x00000a96       0x35 CMakeFiles/TEST_ADC_1.dir/Drivers/STM32H7xx_HAL_Driver/Src/stm32h7xx_hal_i2c_ex.c.obj
 .debug_rnglists
                0x00000acb      0x1fa CMakeFiles/TEST_ADC_1.dir/Drivers/STM32H7xx_HAL_Driver/Src/stm32h7xx_hal_uart.c.obj
 .debug_rnglists
                0x00000cc5       0x7f CMakeFiles/TEST_ADC_1.dir/Drivers/STM32H7xx_HAL_Driver/Src/stm32h7xx_hal_uart_ex.c.obj
 .debug_rnglists
                0x00000d44       0x21 CMakeFiles/TEST_ADC_1.dir/Core/Src/system_stm32h7xx.c.obj
 .debug_rnglists
                0x00000d65       0x13 CMakeFiles/TEST_ADC_1.dir/Core/Src/sysmem.c.obj
 .debug_rnglists
                0x00000d78       0x19 CMakeFiles/TEST_ADC_1.dir/startup_stm32h750xx.s.obj

.debug_macro    0x00000000    0x38b7f
 .debug_macro   0x00000000      0x311 CMakeFiles/TEST_ADC_1.dir/Core/Src/main.c.obj
 .debug_macro   0x00000311      0xaf6 CMakeFiles/TEST_ADC_1.dir/Core/Src/main.c.obj
 .debug_macro   0x00000e07      0x238 CMakeFiles/TEST_ADC_1.dir/Core/Src/main.c.obj
 .debug_macro   0x0000103f       0x2e CMakeFiles/TEST_ADC_1.dir/Core/Src/main.c.obj
 .debug_macro   0x0000106d       0x3b CMakeFiles/TEST_ADC_1.dir/Core/Src/main.c.obj
 .debug_macro   0x000010a8       0x22 CMakeFiles/TEST_ADC_1.dir/Core/Src/main.c.obj
 .debug_macro   0x000010ca       0x8e CMakeFiles/TEST_ADC_1.dir/Core/Src/main.c.obj
 .debug_macro   0x00001158       0x51 CMakeFiles/TEST_ADC_1.dir/Core/Src/main.c.obj
 .debug_macro   0x000011a9      0x103 CMakeFiles/TEST_ADC_1.dir/Core/Src/main.c.obj
 .debug_macro   0x000012ac       0x6a CMakeFiles/TEST_ADC_1.dir/Core/Src/main.c.obj
 .debug_macro   0x00001316      0x1df CMakeFiles/TEST_ADC_1.dir/Core/Src/main.c.obj
 .debug_macro   0x000014f5       0x1c CMakeFiles/TEST_ADC_1.dir/Core/Src/main.c.obj
 .debug_macro   0x00001511       0x22 CMakeFiles/TEST_ADC_1.dir/Core/Src/main.c.obj
 .debug_macro   0x00001533       0xfb CMakeFiles/TEST_ADC_1.dir/Core/Src/main.c.obj
 .debug_macro   0x0000162e     0x1305 CMakeFiles/TEST_ADC_1.dir/Core/Src/main.c.obj
 .debug_macro   0x00002933      0x11f CMakeFiles/TEST_ADC_1.dir/Core/Src/main.c.obj
 .debug_macro   0x00002a52       0x27 CMakeFiles/TEST_ADC_1.dir/Core/Src/main.c.obj
 .debug_macro   0x00002a79    0x26197 CMakeFiles/TEST_ADC_1.dir/Core/Src/main.c.obj
 .debug_macro   0x00028c10       0x6d CMakeFiles/TEST_ADC_1.dir/Core/Src/main.c.obj
 .debug_macro   0x00028c7d     0x3d79 CMakeFiles/TEST_ADC_1.dir/Core/Src/main.c.obj
 .debug_macro   0x0002c9f6      0x190 CMakeFiles/TEST_ADC_1.dir/Core/Src/main.c.obj
 .debug_macro   0x0002cb86       0x7b CMakeFiles/TEST_ADC_1.dir/Core/Src/main.c.obj
 .debug_macro   0x0002cc01       0x29 CMakeFiles/TEST_ADC_1.dir/Core/Src/main.c.obj
 .debug_macro   0x0002cc2a       0x3c CMakeFiles/TEST_ADC_1.dir/Core/Src/main.c.obj
 .debug_macro   0x0002cc66       0x34 CMakeFiles/TEST_ADC_1.dir/Core/Src/main.c.obj
 .debug_macro   0x0002cc9a      0x364 CMakeFiles/TEST_ADC_1.dir/Core/Src/main.c.obj
 .debug_macro   0x0002cffe       0x16 CMakeFiles/TEST_ADC_1.dir/Core/Src/main.c.obj
 .debug_macro   0x0002d014       0x4a CMakeFiles/TEST_ADC_1.dir/Core/Src/main.c.obj
 .debug_macro   0x0002d05e       0x34 CMakeFiles/TEST_ADC_1.dir/Core/Src/main.c.obj
 .debug_macro   0x0002d092       0x10 CMakeFiles/TEST_ADC_1.dir/Core/Src/main.c.obj
 .debug_macro   0x0002d0a2       0x58 CMakeFiles/TEST_ADC_1.dir/Core/Src/main.c.obj
 .debug_macro   0x0002d0fa      0x1e5 CMakeFiles/TEST_ADC_1.dir/Core/Src/main.c.obj
 .debug_macro   0x0002d2df      0x19b CMakeFiles/TEST_ADC_1.dir/Core/Src/main.c.obj
 .debug_macro   0x0002d47a       0x5d CMakeFiles/TEST_ADC_1.dir/Core/Src/main.c.obj
 .debug_macro   0x0002d4d7     0x240e CMakeFiles/TEST_ADC_1.dir/Core/Src/main.c.obj
 .debug_macro   0x0002f8e5     0x102c CMakeFiles/TEST_ADC_1.dir/Core/Src/main.c.obj
 .debug_macro   0x00030911      0x154 CMakeFiles/TEST_ADC_1.dir/Core/Src/main.c.obj
 .debug_macro   0x00030a65      0x114 CMakeFiles/TEST_ADC_1.dir/Core/Src/main.c.obj
 .debug_macro   0x00030b79      0x3b6 CMakeFiles/TEST_ADC_1.dir/Core/Src/main.c.obj
 .debug_macro   0x00030f2f       0xac CMakeFiles/TEST_ADC_1.dir/Core/Src/main.c.obj
 .debug_macro   0x00030fdb      0x72d CMakeFiles/TEST_ADC_1.dir/Core/Src/main.c.obj
 .debug_macro   0x00031708      0x228 CMakeFiles/TEST_ADC_1.dir/Core/Src/main.c.obj
 .debug_macro   0x00031930       0x66 CMakeFiles/TEST_ADC_1.dir/Core/Src/main.c.obj
 .debug_macro   0x00031996      0x3bb CMakeFiles/TEST_ADC_1.dir/Core/Src/main.c.obj
 .debug_macro   0x00031d51      0x3e4 CMakeFiles/TEST_ADC_1.dir/Core/Src/main.c.obj
 .debug_macro   0x00032135      0x275 CMakeFiles/TEST_ADC_1.dir/Core/Src/main.c.obj
 .debug_macro   0x000323aa     0x1044 CMakeFiles/TEST_ADC_1.dir/Core/Src/main.c.obj
 .debug_macro   0x000333ee      0x6cc CMakeFiles/TEST_ADC_1.dir/Core/Src/main.c.obj
 .debug_macro   0x00033aba      0x383 CMakeFiles/TEST_ADC_1.dir/Core/Src/main.c.obj
 .debug_macro   0x00033e3d      0x3ca CMakeFiles/TEST_ADC_1.dir/Core/Src/main.c.obj
 .debug_macro   0x00034207      0x3de CMakeFiles/TEST_ADC_1.dir/Core/Src/main.c.obj
 .debug_macro   0x000345e5       0x3c CMakeFiles/TEST_ADC_1.dir/Core/Src/main.c.obj
 .debug_macro   0x00034621       0x4a CMakeFiles/TEST_ADC_1.dir/Core/Src/main.c.obj
 .debug_macro   0x0003466b      0x22c CMakeFiles/TEST_ADC_1.dir/Core/Src/main.c.obj
 .debug_macro   0x00034897       0x67 CMakeFiles/TEST_ADC_1.dir/Core/Src/main.c.obj
 .debug_macro   0x000348fe       0xa5 CMakeFiles/TEST_ADC_1.dir/Core/Src/main.c.obj
 .debug_macro   0x000349a3      0x1c4 CMakeFiles/TEST_ADC_1.dir/Core/Src/main.c.obj
 .debug_macro   0x00034b67      0x25e CMakeFiles/TEST_ADC_1.dir/Core/Src/main.c.obj
 .debug_macro   0x00034dc5       0x35 CMakeFiles/TEST_ADC_1.dir/Core/Src/main.c.obj
 .debug_macro   0x00034dfa      0x693 CMakeFiles/TEST_ADC_1.dir/Core/Src/main.c.obj
 .debug_macro   0x0003548d       0xa6 CMakeFiles/TEST_ADC_1.dir/Core/Src/main.c.obj
 .debug_macro   0x00035533      0x5ac CMakeFiles/TEST_ADC_1.dir/Core/Src/main.c.obj
 .debug_macro   0x00035adf       0x1c CMakeFiles/TEST_ADC_1.dir/Core/Src/main.c.obj
 .debug_macro   0x00035afb       0x3c CMakeFiles/TEST_ADC_1.dir/Core/Src/main.c.obj
 .debug_macro   0x00035b37       0x10 CMakeFiles/TEST_ADC_1.dir/Core/Src/main.c.obj
 .debug_macro   0x00035b47       0x1c CMakeFiles/TEST_ADC_1.dir/Core/Src/main.c.obj
 .debug_macro   0x00035b63       0x16 CMakeFiles/TEST_ADC_1.dir/Core/Src/main.c.obj
 .debug_macro   0x00035b79      0x170 CMakeFiles/TEST_ADC_1.dir/Core/Src/main.c.obj
 .debug_macro   0x00035ce9       0x16 CMakeFiles/TEST_ADC_1.dir/Core/Src/main.c.obj
 .debug_macro   0x00035cff      0x2bc CMakeFiles/TEST_ADC_1.dir/Core/Src/stm32h7xx_it.c.obj
 .debug_macro   0x00035fbb      0x2b2 CMakeFiles/TEST_ADC_1.dir/Core/Src/stm32h7xx_hal_msp.c.obj
 .debug_macro   0x0003626d      0x2cc CMakeFiles/TEST_ADC_1.dir/Drivers/STM32H7xx_HAL_Driver/Src/stm32h7xx_hal_adc.c.obj
 .debug_macro   0x00036539      0x2b4 CMakeFiles/TEST_ADC_1.dir/Drivers/STM32H7xx_HAL_Driver/Src/stm32h7xx_hal_adc_ex.c.obj
 .debug_macro   0x000367ed      0x2cc CMakeFiles/TEST_ADC_1.dir/Drivers/STM32H7xx_HAL_Driver/Src/stm32h7xx_hal_rcc.c.obj
 .debug_macro   0x00036ab9      0x2c6 CMakeFiles/TEST_ADC_1.dir/Drivers/STM32H7xx_HAL_Driver/Src/stm32h7xx_hal_rcc_ex.c.obj
 .debug_macro   0x00036d7f      0x2af CMakeFiles/TEST_ADC_1.dir/Drivers/STM32H7xx_HAL_Driver/Src/stm32h7xx_hal_gpio.c.obj
 .debug_macro   0x0003702e      0x2e1 CMakeFiles/TEST_ADC_1.dir/Drivers/STM32H7xx_HAL_Driver/Src/stm32h7xx_hal_pwr_ex.c.obj
 .debug_macro   0x0003730f      0x2a8 CMakeFiles/TEST_ADC_1.dir/Drivers/STM32H7xx_HAL_Driver/Src/stm32h7xx_hal_cortex.c.obj
 .debug_macro   0x000375b7      0x2d2 CMakeFiles/TEST_ADC_1.dir/Drivers/STM32H7xx_HAL_Driver/Src/stm32h7xx_hal.c.obj
 .debug_macro   0x00037889      0x374 CMakeFiles/TEST_ADC_1.dir/Drivers/STM32H7xx_HAL_Driver/Src/stm32h7xx_hal_i2c.c.obj
 .debug_macro   0x00037bfd      0x2a8 CMakeFiles/TEST_ADC_1.dir/Drivers/STM32H7xx_HAL_Driver/Src/stm32h7xx_hal_i2c_ex.c.obj
 .debug_macro   0x00037ea5      0x2d3 CMakeFiles/TEST_ADC_1.dir/Drivers/STM32H7xx_HAL_Driver/Src/stm32h7xx_hal_uart.c.obj
 .debug_macro   0x00038178      0x2b4 CMakeFiles/TEST_ADC_1.dir/Drivers/STM32H7xx_HAL_Driver/Src/stm32h7xx_hal_uart_ex.c.obj
 .debug_macro   0x0003842c      0x2a8 CMakeFiles/TEST_ADC_1.dir/Core/Src/system_stm32h7xx.c.obj
 .debug_macro   0x000386d4       0xff CMakeFiles/TEST_ADC_1.dir/Core/Src/sysmem.c.obj
 .debug_macro   0x000387d3       0x10 CMakeFiles/TEST_ADC_1.dir/Core/Src/sysmem.c.obj
 .debug_macro   0x000387e3       0x75 CMakeFiles/TEST_ADC_1.dir/Core/Src/sysmem.c.obj
 .debug_macro   0x00038858       0x94 CMakeFiles/TEST_ADC_1.dir/Core/Src/sysmem.c.obj
 .debug_macro   0x000388ec       0x57 CMakeFiles/TEST_ADC_1.dir/Core/Src/sysmem.c.obj
 .debug_macro   0x00038943      0x23c CMakeFiles/TEST_ADC_1.dir/Core/Src/sysmem.c.obj

.debug_line     0x00000000    0x148d8
 .debug_line    0x00000000      0xa41 CMakeFiles/TEST_ADC_1.dir/Core/Src/main.c.obj
 .debug_line    0x00000a41      0x73e CMakeFiles/TEST_ADC_1.dir/Core/Src/stm32h7xx_it.c.obj
 .debug_line    0x0000117f      0x802 CMakeFiles/TEST_ADC_1.dir/Core/Src/stm32h7xx_hal_msp.c.obj
 .debug_line    0x00001981     0x2134 CMakeFiles/TEST_ADC_1.dir/Drivers/STM32H7xx_HAL_Driver/Src/stm32h7xx_hal_adc.c.obj
 .debug_line    0x00003ab5     0x1d01 CMakeFiles/TEST_ADC_1.dir/Drivers/STM32H7xx_HAL_Driver/Src/stm32h7xx_hal_adc_ex.c.obj
 .debug_line    0x000057b6     0x130e CMakeFiles/TEST_ADC_1.dir/Drivers/STM32H7xx_HAL_Driver/Src/stm32h7xx_hal_rcc.c.obj
 .debug_line    0x00006ac4     0x1c1a CMakeFiles/TEST_ADC_1.dir/Drivers/STM32H7xx_HAL_Driver/Src/stm32h7xx_hal_rcc_ex.c.obj
 .debug_line    0x000086de      0xaf0 CMakeFiles/TEST_ADC_1.dir/Drivers/STM32H7xx_HAL_Driver/Src/stm32h7xx_hal_gpio.c.obj
 .debug_line    0x000091ce      0xdeb CMakeFiles/TEST_ADC_1.dir/Drivers/STM32H7xx_HAL_Driver/Src/stm32h7xx_hal_pwr_ex.c.obj
 .debug_line    0x00009fb9      0xc51 CMakeFiles/TEST_ADC_1.dir/Drivers/STM32H7xx_HAL_Driver/Src/stm32h7xx_hal_cortex.c.obj
 .debug_line    0x0000ac0a      0xc67 CMakeFiles/TEST_ADC_1.dir/Drivers/STM32H7xx_HAL_Driver/Src/stm32h7xx_hal.c.obj
 .debug_line    0x0000b871     0x39de CMakeFiles/TEST_ADC_1.dir/Drivers/STM32H7xx_HAL_Driver/Src/stm32h7xx_hal_i2c.c.obj
 .debug_line    0x0000f24f      0x7f5 CMakeFiles/TEST_ADC_1.dir/Drivers/STM32H7xx_HAL_Driver/Src/stm32h7xx_hal_i2c_ex.c.obj
 .debug_line    0x0000fa44     0x36ee CMakeFiles/TEST_ADC_1.dir/Drivers/STM32H7xx_HAL_Driver/Src/stm32h7xx_hal_uart.c.obj
 .debug_line    0x00013132      0xbfd CMakeFiles/TEST_ADC_1.dir/Drivers/STM32H7xx_HAL_Driver/Src/stm32h7xx_hal_uart_ex.c.obj
 .debug_line    0x00013d2f      0x88e CMakeFiles/TEST_ADC_1.dir/Core/Src/system_stm32h7xx.c.obj
 .debug_line    0x000145bd      0x2a0 CMakeFiles/TEST_ADC_1.dir/Core/Src/sysmem.c.obj
 .debug_line    0x0001485d       0x7b CMakeFiles/TEST_ADC_1.dir/startup_stm32h750xx.s.obj

.debug_str      0x00000000   0x16ea85
 .debug_str     0x00000000   0x16ea85 CMakeFiles/TEST_ADC_1.dir/Core/Src/main.c.obj
                             0x169703 (size before relaxing)
 .debug_str     0x0016ea85   0x1679c1 CMakeFiles/TEST_ADC_1.dir/Core/Src/stm32h7xx_it.c.obj
 .debug_str     0x0016ea85   0x168adf CMakeFiles/TEST_ADC_1.dir/Core/Src/stm32h7xx_hal_msp.c.obj
 .debug_str     0x0016ea85   0x168c52 CMakeFiles/TEST_ADC_1.dir/Drivers/STM32H7xx_HAL_Driver/Src/stm32h7xx_hal_adc.c.obj
 .debug_str     0x0016ea85   0x168c91 CMakeFiles/TEST_ADC_1.dir/Drivers/STM32H7xx_HAL_Driver/Src/stm32h7xx_hal_adc_ex.c.obj
 .debug_str     0x0016ea85   0x168230 CMakeFiles/TEST_ADC_1.dir/Drivers/STM32H7xx_HAL_Driver/Src/stm32h7xx_hal_rcc.c.obj
 .debug_str     0x0016ea85   0x168711 CMakeFiles/TEST_ADC_1.dir/Drivers/STM32H7xx_HAL_Driver/Src/stm32h7xx_hal_rcc_ex.c.obj
 .debug_str     0x0016ea85   0x167e4c CMakeFiles/TEST_ADC_1.dir/Drivers/STM32H7xx_HAL_Driver/Src/stm32h7xx_hal_gpio.c.obj
 .debug_str     0x0016ea85   0x16830d CMakeFiles/TEST_ADC_1.dir/Drivers/STM32H7xx_HAL_Driver/Src/stm32h7xx_hal_pwr_ex.c.obj
 .debug_str     0x0016ea85   0x1687f5 CMakeFiles/TEST_ADC_1.dir/Drivers/STM32H7xx_HAL_Driver/Src/stm32h7xx_hal_cortex.c.obj
 .debug_str     0x0016ea85   0x168dba CMakeFiles/TEST_ADC_1.dir/Drivers/STM32H7xx_HAL_Driver/Src/stm32h7xx_hal.c.obj
 .debug_str     0x0016ea85   0x168eed CMakeFiles/TEST_ADC_1.dir/Drivers/STM32H7xx_HAL_Driver/Src/stm32h7xx_hal_i2c.c.obj
 .debug_str     0x0016ea85   0x168291 CMakeFiles/TEST_ADC_1.dir/Drivers/STM32H7xx_HAL_Driver/Src/stm32h7xx_hal_i2c_ex.c.obj
 .debug_str     0x0016ea85   0x168d71 CMakeFiles/TEST_ADC_1.dir/Drivers/STM32H7xx_HAL_Driver/Src/stm32h7xx_hal_uart.c.obj
 .debug_str     0x0016ea85   0x168331 CMakeFiles/TEST_ADC_1.dir/Drivers/STM32H7xx_HAL_Driver/Src/stm32h7xx_hal_uart_ex.c.obj
 .debug_str     0x0016ea85   0x167ed4 CMakeFiles/TEST_ADC_1.dir/Core/Src/system_stm32h7xx.c.obj
 .debug_str     0x0016ea85     0x7166 CMakeFiles/TEST_ADC_1.dir/Core/Src/sysmem.c.obj
 .debug_str     0x0016ea85       0x74 CMakeFiles/TEST_ADC_1.dir/startup_stm32h750xx.s.obj

.debug_line_str
                0x00000000      0x221
 .debug_line_str
                0x00000000      0x221 CMakeFiles/TEST_ADC_1.dir/startup_stm32h750xx.s.obj
                                 0x58 (size before relaxing)
 .debug_line_str
                0x00000221       0xc9 D:/tool/cmake/cmake_zip/arm-gnu-toolchain/bin/../lib/gcc/arm-none-eabi/14.2.1/thumb/v7e-m+dp/hard\libgcc.a(_aeabi_uldivmod.o)
 .debug_line_str
                0x00000221       0xcd D:/tool/cmake/cmake_zip/arm-gnu-toolchain/bin/../lib/gcc/arm-none-eabi/14.2.1/thumb/v7e-m+dp/hard\libgcc.a(_dvmd_tls.o)
 .debug_line_str
                0x00000221       0xeb D:/tool/cmake/cmake_zip/arm-gnu-toolchain/bin/../lib/gcc/arm-none-eabi/14.2.1/thumb/v7e-m+dp/hard\libg_nano.a(libc_a-strlen.o)
 .debug_line_str
                0x00000221       0xe1 D:/tool/cmake/cmake_zip/arm-gnu-toolchain/bin/../lib/gcc/arm-none-eabi/14.2.1/thumb/v7e-m+dp/hard\libg_nano.a(libc_a-memchr.o)
