Archive member included to satisfy reference by file (symbol)

D:/tool/cmake/cmake_zip/arm-gnu-toolchain/bin/../lib/gcc/arm-none-eabi/14.2.1/thumb/v7e-m+dp/hard\libc_nano.a(libc_a-exit.o)
                              D:/tool/cmake/cmake_zip/arm-gnu-toolchain/bin/../lib/gcc/arm-none-eabi/14.2.1/thumb/v7e-m+dp/hard/crt0.o (exit)
D:/tool/cmake/cmake_zip/arm-gnu-toolchain/bin/../lib/gcc/arm-none-eabi/14.2.1/thumb/v7e-m+dp/hard\libc_nano.a(libc_a-findfp.o)
                              D:/tool/cmake/cmake_zip/arm-gnu-toolchain/bin/../lib/gcc/arm-none-eabi/14.2.1/thumb/v7e-m+dp/hard\libc_nano.a(libc_a-exit.o) (__stdio_exit_handler)
D:/tool/cmake/cmake_zip/arm-gnu-toolchain/bin/../lib/gcc/arm-none-eabi/14.2.1/thumb/v7e-m+dp/hard\libc_nano.a(libc_a-fwalk.o)
                              D:/tool/cmake/cmake_zip/arm-gnu-toolchain/bin/../lib/gcc/arm-none-eabi/14.2.1/thumb/v7e-m+dp/hard\libc_nano.a(libc_a-findfp.o) (_fwalk_sglue)
D:/tool/cmake/cmake_zip/arm-gnu-toolchain/bin/../lib/gcc/arm-none-eabi/14.2.1/thumb/v7e-m+dp/hard\libc_nano.a(libc_a-stdio.o)
                              D:/tool/cmake/cmake_zip/arm-gnu-toolchain/bin/../lib/gcc/arm-none-eabi/14.2.1/thumb/v7e-m+dp/hard\libc_nano.a(libc_a-findfp.o) (__sread)
D:/tool/cmake/cmake_zip/arm-gnu-toolchain/bin/../lib/gcc/arm-none-eabi/14.2.1/thumb/v7e-m+dp/hard\libc_nano.a(libc_a-memset.o)
                              D:/tool/cmake/cmake_zip/arm-gnu-toolchain/bin/../lib/gcc/arm-none-eabi/14.2.1/thumb/v7e-m+dp/hard/crt0.o (memset)
D:/tool/cmake/cmake_zip/arm-gnu-toolchain/bin/../lib/gcc/arm-none-eabi/14.2.1/thumb/v7e-m+dp/hard\libc_nano.a(libc_a-closer.o)
                              D:/tool/cmake/cmake_zip/arm-gnu-toolchain/bin/../lib/gcc/arm-none-eabi/14.2.1/thumb/v7e-m+dp/hard\libc_nano.a(libc_a-stdio.o) (_close_r)
D:/tool/cmake/cmake_zip/arm-gnu-toolchain/bin/../lib/gcc/arm-none-eabi/14.2.1/thumb/v7e-m+dp/hard\libc_nano.a(libc_a-reent.o)
                              D:/tool/cmake/cmake_zip/arm-gnu-toolchain/bin/../lib/gcc/arm-none-eabi/14.2.1/thumb/v7e-m+dp/hard\libc_nano.a(libc_a-closer.o) (errno)
D:/tool/cmake/cmake_zip/arm-gnu-toolchain/bin/../lib/gcc/arm-none-eabi/14.2.1/thumb/v7e-m+dp/hard\libc_nano.a(libc_a-impure.o)
                              D:/tool/cmake/cmake_zip/arm-gnu-toolchain/bin/../lib/gcc/arm-none-eabi/14.2.1/thumb/v7e-m+dp/hard\libc_nano.a(libc_a-reent.o) (_impure_ptr)
D:/tool/cmake/cmake_zip/arm-gnu-toolchain/bin/../lib/gcc/arm-none-eabi/14.2.1/thumb/v7e-m+dp/hard\libc_nano.a(libc_a-lseekr.o)
                              D:/tool/cmake/cmake_zip/arm-gnu-toolchain/bin/../lib/gcc/arm-none-eabi/14.2.1/thumb/v7e-m+dp/hard\libc_nano.a(libc_a-stdio.o) (_lseek_r)
D:/tool/cmake/cmake_zip/arm-gnu-toolchain/bin/../lib/gcc/arm-none-eabi/14.2.1/thumb/v7e-m+dp/hard\libc_nano.a(libc_a-readr.o)
                              D:/tool/cmake/cmake_zip/arm-gnu-toolchain/bin/../lib/gcc/arm-none-eabi/14.2.1/thumb/v7e-m+dp/hard\libc_nano.a(libc_a-stdio.o) (_read_r)
D:/tool/cmake/cmake_zip/arm-gnu-toolchain/bin/../lib/gcc/arm-none-eabi/14.2.1/thumb/v7e-m+dp/hard\libc_nano.a(libc_a-writer.o)
                              D:/tool/cmake/cmake_zip/arm-gnu-toolchain/bin/../lib/gcc/arm-none-eabi/14.2.1/thumb/v7e-m+dp/hard\libc_nano.a(libc_a-stdio.o) (_write_r)
D:/tool/cmake/cmake_zip/arm-gnu-toolchain/bin/../lib/gcc/arm-none-eabi/14.2.1/thumb/v7e-m+dp/hard\libc_nano.a(libc_a-init.o)
                              D:/tool/cmake/cmake_zip/arm-gnu-toolchain/bin/../lib/gcc/arm-none-eabi/14.2.1/thumb/v7e-m+dp/hard/crt0.o (__libc_init_array)
D:/tool/cmake/cmake_zip/arm-gnu-toolchain/bin/../lib/gcc/arm-none-eabi/14.2.1/thumb/v7e-m+dp/hard\libc_nano.a(libc_a-lock.o)
                              D:/tool/cmake/cmake_zip/arm-gnu-toolchain/bin/../lib/gcc/arm-none-eabi/14.2.1/thumb/v7e-m+dp/hard\libc_nano.a(libc_a-findfp.o) (__retarget_lock_init_recursive)
D:/tool/cmake/cmake_zip/arm-gnu-toolchain/bin/../lib/gcc/arm-none-eabi/14.2.1/thumb/v7e-m+dp/hard\libc_nano.a(libc_a-freer.o)
                              D:/tool/cmake/cmake_zip/arm-gnu-toolchain/bin/../lib/gcc/arm-none-eabi/14.2.1/thumb/v7e-m+dp/hard\libc_nano.a(libc_a-reent.o) (_free_r)
D:/tool/cmake/cmake_zip/arm-gnu-toolchain/bin/../lib/gcc/arm-none-eabi/14.2.1/thumb/v7e-m+dp/hard\libc_nano.a(libc_a-mallocr.o)
                              D:/tool/cmake/cmake_zip/arm-gnu-toolchain/bin/../lib/gcc/arm-none-eabi/14.2.1/thumb/v7e-m+dp/hard\libc_nano.a(libc_a-findfp.o) (_malloc_r)
D:/tool/cmake/cmake_zip/arm-gnu-toolchain/bin/../lib/gcc/arm-none-eabi/14.2.1/thumb/v7e-m+dp/hard\libc_nano.a(libc_a-mlock.o)
                              D:/tool/cmake/cmake_zip/arm-gnu-toolchain/bin/../lib/gcc/arm-none-eabi/14.2.1/thumb/v7e-m+dp/hard\libc_nano.a(libc_a-freer.o) (__malloc_lock)
D:/tool/cmake/cmake_zip/arm-gnu-toolchain/bin/../lib/gcc/arm-none-eabi/14.2.1/thumb/v7e-m+dp/hard\libc_nano.a(libc_a-fflush.o)
[...]
Memory Configuration

Name             Origin             Length             Attributes
DTCMRAM          0x20000000         0x00020000         xrw
RAM              0x24000000         0x00080000         xrw
RAM_D2           0x30000000         0x00048000         xrw
RAM_D3           0x38000000         0x00010000         xrw
ITCMRAM          0x00000000         0x00010000         xrw
FLASH            0x08000000         0x00020000         xr
*default*        0x00000000         0xffffffff

Linker script and memory map

LOAD D:/tool/cmake/cmake_zip/arm-gnu-toolchain/bin/../lib/gcc/arm-none-eabi/14.2.1/thumb/v7e-m+dp/hard/crti.o
LOAD D:/tool/cmake/cmake_zip/arm-gnu-toolchain/bin/../lib/gcc/arm-none-eabi/14.2.1/thumb/v7e-m+dp/hard/crtbegin.o
LOAD D:/tool/cmake/cmake_zip/arm-gnu-toolchain/bin/../lib/gcc/arm-none-eabi/14.2.1/thumb/v7e-m+dp/hard/crt0.o
START GROUP
LOAD D:/tool/cmake/cmake_zip/arm-gnu-toolchain/bin/../lib/gcc/arm-none-eabi/14.2.1/thumb/v7e-m+dp/hard\libc_nano.a
LOAD D:/tool/cmake/cmake_zip/arm-gnu-toolchain/bin/../lib/gcc/arm-none-eabi/14.2.1/thumb/v7e-m+dp/hard\libm.a
END GROUP
LOAD CMakeFiles/TEST_ADC_1.dir/Core/Src/main.c.obj
LOAD CMakeFiles/TEST_ADC_1.dir/Core/Src/stm32h7xx_it.c.obj
LOAD CMakeFiles/TEST_ADC_1.dir/Core/Src/stm32h7xx_hal_msp.c.obj
LOAD CMakeFiles/TEST_ADC_1.dir/Drivers/STM32H7xx_HAL_Driver/Src/stm32h7xx_hal_adc.c.obj
LOAD CMakeFiles/TEST_ADC_1.dir/Drivers/STM32H7xx_HAL_Driver/Src/stm32h7xx_hal_adc_ex.c.obj
LOAD CMakeFiles/TEST_ADC_1.dir/Drivers/STM32H7xx_HAL_Driver/Src/stm32h7xx_hal_rcc.c.obj
LOAD CMakeFiles/TEST_ADC_1.dir/Drivers/STM32H7xx_HAL_Driver/Src/stm32h7xx_hal_rcc_ex.c.obj
LOAD CMakeFiles/TEST_ADC_1.dir/Drivers/STM32H7xx_HAL_Driver/Src/stm32h7xx_hal_flash.c.obj
LOAD CMakeFiles/TEST_ADC_1.dir/Drivers/STM32H7xx_HAL_Driver/Src/stm32h7xx_hal_flash_ex.c.obj
LOAD CMakeFiles/TEST_ADC_1.dir/Drivers/STM32H7xx_HAL_Driver/Src/stm32h7xx_hal_gpio.c.obj
LOAD CMakeFiles/TEST_ADC_1.dir/Drivers/STM32H7xx_HAL_Driver/Src/stm32h7xx_hal_hsem.c.obj
LOAD CMakeFiles/TEST_ADC_1.dir/Drivers/STM32H7xx_HAL_Driver/Src/stm32h7xx_hal_dma.c.obj
LOAD CMakeFiles/TEST_ADC_1.dir/Drivers/STM32H7xx_HAL_Driver/Src/stm32h7xx_hal_dma_ex.c.obj
LOAD CMakeFiles/TEST_ADC_1.dir/Drivers/STM32H7xx_HAL_Driver/Src/stm32h7xx_hal_mdma.c.obj
LOAD CMakeFiles/TEST_ADC_1.dir/Drivers/STM32H7xx_HAL_Driver/Src/stm32h7xx_hal_pwr.c.obj
LOAD CMakeFiles/TEST_ADC_1.dir/Drivers/STM32H7xx_HAL_Driver/Src/stm32h7xx_hal_pwr_ex.c.obj
LOAD CMakeFiles/TEST_ADC_1.dir/Drivers/STM32H7xx_HAL_Driver/Src/stm32h7xx_hal_cortex.c.obj
LOAD CMakeFiles/TEST_ADC_1.dir/Drivers/STM32H7xx_HAL_Driver/Src/stm32h7xx_hal.c.obj
LOAD CMakeFiles/TEST_ADC_1.dir/Drivers/STM32H7xx_HAL_Driver/Src/stm32h7xx_hal_i2c.c.obj
LOAD CMakeFiles/TEST_ADC_1.dir/Drivers/STM32H7xx_HAL_Driver/Src/stm32h7xx_hal_i2c_ex.c.obj
LOAD CMakeFiles/TEST_ADC_1.dir/Drivers/STM32H7xx_HAL_Driver/Src/stm32h7xx_hal_exti.c.obj
LOAD CMakeFiles/TEST_ADC_1.dir/Drivers/STM32H7xx_HAL_Driver/Src/stm32h7xx_hal_uart.c.obj
LOAD CMakeFiles/TEST_ADC_1.dir/Drivers/STM32H7xx_HAL_Driver/Src/stm32h7xx_hal_uart_ex.c.obj
LOAD CMakeFiles/TEST_ADC_1.dir/Core/Src/system_stm32h7xx.c.obj
LOAD CMakeFiles/TEST_ADC_1.dir/Core/Src/sysmem.c.obj
LOAD CMakeFiles/TEST_ADC_1.dir/Core/Src/syscalls.c.obj
LOAD CMakeFiles/TEST_ADC_1.dir/startup_stm32h750xx.s.obj
START GROUP
LOAD D:/tool/cmake/cmake_zip/arm-gnu-toolchain/bin/../lib/gcc/arm-none-eabi/14.2.1/thumb/v7e-m+dp/hard\libgcc.a
LOAD D:/tool/cmake/cmake_zip/arm-gnu-toolchain/bin/../lib/gcc/arm-none-eabi/14.2.1/thumb/v7e-m+dp/hard\libg_nano.a
LOAD D:/tool/cmake/cmake_zip/arm-gnu-toolchain/bin/../lib/gcc/arm-none-eabi/14.2.1/thumb/v7e-m+dp/hard\libc_nano.a
END GROUP
START GROUP
LOAD D:/tool/cmake/cmake_zip/arm-gnu-toolchain/bin/../lib/gcc/arm-none-eabi/14.2.1/thumb/v7e-m+dp/hard\libgcc.a
LOAD D:/tool/cmake/cmake_zip/arm-gnu-toolchain/bin/../lib/gcc/arm-none-eabi/14.2.1/thumb/v7e-m+dp/hard\libc_nano.a
END GROUP
LOAD D:/tool/cmake/cmake_zip/arm-gnu-toolchain/bin/../lib/gcc/arm-none-eabi/14.2.1/thumb/v7e-m+dp/hard/crtend.o
LOAD D:/tool/cmake/cmake_zip/arm-gnu-toolchain/bin/../lib/gcc/arm-none-eabi/14.2.1/thumb/v7e-m+dp/hard/crtn.o
                0x20020000                        _estack = (ORIGIN (DTCMRAM) + LENGTH (DTCMRAM))
                0x00000200                        _Min_Heap_Size = 0x200
                0x00000400                        _Min_Stack_Size = 0x400

.isr_vector     0x08000000      0x298
                0x08000000                        . = ALIGN (0x4)
 *(.isr_vector)
 .isr_vector    0x08000000      0x298 CMakeFiles/TEST_ADC_1.dir/startup_stm32h750xx.s.obj
                0x08000000                g_pfnVectors
                0x08000298                        . = ALIGN (0x4)

.text           0x080002a0     0x8754
                0x080002a0                        . = ALIGN (0x4)
 *(.text)
 .text          0x080002a0       0x30 D:/tool/cmake/cmake_zip/arm-gnu-toolchain/bin/../lib/gcc/arm-none-eabi/14.2.1/thumb/v7e-m+dp/hard\libgcc.a(_aeabi_uldivmod.o)
                0x080002a0                __aeabi_uldivmod
 .text          0x080002d0        0x4 D:/tool/cmake/cmake_zip/arm-gnu-toolchain/bin/../lib/gcc/arm-none-eabi/14.2.1/thumb/v7e-m+dp/hard\libgcc.a(_dvmd_tls.o)
                0x080002d0                __aeabi_idiv0
                0x080002d0                __aeabi_ldiv0
 .text          0x080002d4       0x10 D:/tool/cmake/cmake_zip/arm-gnu-toolchain/bin/../lib/gcc/arm-none-eabi/14.2.1/thumb/v7e-m+dp/hard\libg_nano.a(libc_a-strlen.o)
                0x080002d4                strlen
 *fill*         0x080002e4        0xc 
 .text          0x080002f0       0xa0 D:/tool/cmake/cmake_zip/arm-gnu-toolchain/bin/../lib/gcc/arm-none-eabi/14.2.1/thumb/v7e-m+dp/hard\libg_nano.a(libc_a-memchr.o)
                0x080002f0                memchr
 *(.text*)
 .text.deregister_tm_clones
                0x08000390       0x1c D:/tool/cmake/cmake_zip/arm-gnu-toolchain/bin/../lib/gcc/arm-none-eabi/14.2.1/thumb/v7e-m+dp/hard/crtbegin.o
 .text.register_tm_clones
                0x080003ac       0x24 D:/tool/cmake/cmake_zip/arm-gnu-toolchain/bin/../lib/gcc/arm-none-eabi/14.2.1/thumb/v7e-m+dp/hard/crtbegin.o
 .text.__do_global_dtors_aux
                0x080003d0       0x28 D:/tool/cmake/cmake_zip/arm-gnu-toolchain/bin/../lib/gcc/arm-none-eabi/14.2.1/thumb/v7e-m+dp/hard/crtbegin.o
 .text.frame_dummy
                0x080003f8       0x24 D:/tool/cmake/cmake_zip/arm-gnu-toolchain/bin/../lib/gcc/arm-none-eabi/14.2.1/thumb/v7e-m+dp/hard/crtbegin.o
 .text.memset   0x0800041c       0x10 D:/tool/cmake/cmake_zip/arm-gnu-toolchain/bin/../lib/gcc/arm-none-eabi/14.2.1/thumb/v7e-m+dp/hard\libc_nano.a(libc_a-memset.o)
                0x0800041c                memset
 .text.__libc_init_array
                0x0800042c       0x48 D:/tool/cmake/cmake_zip/arm-gnu-toolchain/bin/../lib/gcc/arm-none-eabi/14.2.1/thumb/v7e-m+dp/hard\libc_nano.a(libc_a-init.o)
                0x0800042c                __libc_init_array
 .text.__retarget_lock_acquire_recursive
                0x08000474        0x2 D:/tool/cmake/cmake_zip/arm-gnu-toolchain/bin/../lib/gcc/arm-none-eabi/14.2.1/thumb/v7e-m+dp/hard\libc_nano.a(libc_a-lock.o)
                0x08000474                __retarget_lock_acquire_recursive
 .text.__retarget_lock_release_recursive
                0x08000476        0x2 D:/tool/cmake/cmake_zip/arm-gnu-toolchain/bin/../lib/gcc/arm-none-eabi/14.2.1/thumb/v7e-m+dp/hard\libc_nano.a(libc_a-lock.o)
                0x08000476                __retarget_lock_release_recursive
 .text._free_r  0x08000478       0x94 D:/tool/cmake/cmake_zip/arm-gnu-toolchain/bin/../lib/gcc/arm-none-eabi/14.2.1/thumb/v7e-m+dp/hard\libc_nano.a(libc_a-freer.o)
                0x08000478                _free_r
 .text.sbrk_aligned
                0x0800050c       0x44 D:/tool/cmake/cmake_zip/arm-gnu-toolchain/bin/../lib/gcc/arm-none-eabi/14.2.1/thumb/v7e-m+dp/hard\libc_nano.a(libc_a-mallocr.o)
 .text._malloc_r
                0x08000550      0x100 D:/tool/cmake/cmake_zip/arm-gnu-toolchain/bin/../lib/gcc/arm-none-eabi/14.2.1/thumb/v7e-m+dp/hard\libc_nano.a(libc_a-mallocr.o)
                0x08000550                _malloc_r
 .text.__malloc_lock
                0x08000650        0xc D:/tool/cmake/cmake_zip/arm-gnu-toolchain/bin/../lib/gcc/arm-none-eabi/14.2.1/thumb/v7e-m+dp/hard\libc_nano.a(libc_a-mlock.o)
                0x08000650                __malloc_lock
 .text.__malloc_unlock
                0x0800065c        0xc D:/tool/cmake/cmake_zip/arm-gnu-toolchain/bin/../lib/gcc/arm-none-eabi/14.2.1/thumb/v7e-m+dp/hard\libc_nano.a(libc_a-mlock.o)
                0x0800065c                __malloc_unlock
 .text._sbrk_r  0x08000668       0x20 D:/tool/cmake/cmake_zip/arm-gnu-toolchain/bin/../lib/gcc/arm-none-eabi/14.2.1/thumb/v7e-m+dp/hard\libc_nano.a(libc_a-sbrkr.o)
                0x08000668                _sbrk_r
 .text.main     0x08000688       0xfc CMakeFiles/TEST_ADC_1.dir/Core/Src/main.c.obj
                0x08000688                main
 .text.SystemClock_Config
                0x08000784       0xe4 CMakeFiles/TEST_ADC_1.dir/Core/Src/main.c.obj
                0x08000784                SystemClock_Config
 .text.MX_ADC1_Init
                0x08000868       0xf8 CMakeFiles/TEST_ADC_1.dir/Core/Src/main.c.obj
 .text.MX_I2C1_Init
                0x08000960       0x80 CMakeFiles/TEST_ADC_1.dir/Core/Src/main.c.obj
 .text.MX_UART4_Init
                0x080009e0       0x98 CMakeFiles/TEST_ADC_1.dir/Core/Src/main.c.obj
 .text.MX_GPIO_Init
                0x08000a78       0x70 CMakeFiles/TEST_ADC_1.dir/Core/Src/main.c.obj
 .text.MPU_Config
                0x08000ae8       0x58 CMakeFiles/TEST_ADC_1.dir/Core/Src/main.c.obj
 .text.Error_Handler
                0x08000b40        0xc CMakeFiles/TEST_ADC_1.dir/Core/Src/main.c.obj
                0x08000b40                Error_Handler
 .text.NMI_Handler
                0x08000b4c        0x8 CMakeFiles/TEST_ADC_1.dir/Core/Src/stm32h7xx_it.c.obj
                0x08000b4c                NMI_Handler
 .text.HardFault_Handler
                0x08000b54        0x8 CMakeFiles/TEST_ADC_1.dir/Core/Src/stm32h7xx_it.c.obj
                0x08000b54                HardFault_Handler
 .text.MemManage_Handler
                0x08000b5c        0x8 CMakeFiles/TEST_ADC_1.dir/Core/Src/stm32h7xx_it.c.obj
                0x08000b5c                MemManage_Handler
 .text.BusFault_Handler
                0x08000b64        0x8 CMakeFiles/TEST_ADC_1.dir/Core/Src/stm32h7xx_it.c.obj
                0x08000b64                BusFault_Handler
 .text.UsageFault_Handler
                0x08000b6c        0x8 CMakeFiles/TEST_ADC_1.dir/Core/Src/stm32h7xx_it.c.obj
                0x08000b6c                UsageFault_Handler
 .text.SVC_Handler
                0x08000b74        0xe CMakeFiles/TEST_ADC_1.dir/Core/Src/stm32h7xx_it.c.obj
                0x08000b74                SVC_Handler
 .text.DebugMon_Handler
                0x08000b82        0xe CMakeFiles/TEST_ADC_1.dir/Core/Src/stm32h7xx_it.c.obj
                0x08000b82                DebugMon_Handler
 .text.PendSV_Handler
                0x08000b90        0xe CMakeFiles/TEST_ADC_1.dir/Core/Src/stm32h7xx_it.c.obj
                0x08000b90                PendSV_Handler
 .text.SysTick_Handler
                0x08000b9e        0xc CMakeFiles/TEST_ADC_1.dir/Core/Src/stm32h7xx_it.c.obj
                0x08000b9e                SysTick_Handler
 *fill*         0x08000baa        0x2 
 .text.HAL_MspInit
                0x08000bac       0x34 CMakeFiles/TEST_ADC_1.dir/Core/Src/stm32h7xx_hal_msp.c.obj
                0x08000bac                HAL_MspInit
 .text.HAL_ADC_MspInit
                0x08000be0       0xe4 CMakeFiles/TEST_ADC_1.dir/Core/Src/stm32h7xx_hal_msp.c.obj
                0x08000be0                HAL_ADC_MspInit
 .text.HAL_I2C_MspInit
                0x08000cc4       0xd0 CMakeFiles/TEST_ADC_1.dir/Core/Src/stm32h7xx_hal_msp.c.obj
                0x08000cc4                HAL_I2C_MspInit
 .text.HAL_UART_MspInit
                0x08000d94       0xd0 CMakeFiles/TEST_ADC_1.dir/Core/Src/stm32h7xx_hal_msp.c.obj
                0x08000d94                HAL_UART_MspInit
 .text.LL_ADC_SetCommonClock
                0x08000e64       0x26 CMakeFiles/TEST_ADC_1.dir/Drivers/STM32H7xx_HAL_Driver/Src/stm32h7xx_hal_adc.c.obj
 .text.LL_ADC_SetCommonPathInternalCh
                0x08000e8a       0x26 CMakeFiles/TEST_ADC_1.dir/Drivers/STM32H7xx_HAL_Driver/Src/stm32h7xx_hal_adc.c.obj
 .text.LL_ADC_GetCommonPathInternalCh
                0x08000eb0       0x1c CMakeFiles/TEST_ADC_1.dir/Drivers/STM32H7xx_HAL_Driver/Src/stm32h7xx_hal_adc.c.obj
 .text.LL_ADC_SetChannelPreselection
                0x08000ecc       0x66 CMakeFiles/TEST_ADC_1.dir/Drivers/STM32H7xx_HAL_Driver/Src/stm32h7xx_hal_adc.c.obj
 .text.LL_ADC_SetOffset
                0x08000f32       0x40 CMakeFiles/TEST_ADC_1.dir/Drivers/STM32H7xx_HAL_Driver/Src/stm32h7xx_hal_adc.c.obj
 .text.LL_ADC_SetDataRightShift
                0x08000f72       0x32 CMakeFiles/TEST_ADC_1.dir/Drivers/STM32H7xx_HAL_Driver/Src/stm32h7xx_hal_adc.c.obj
 .text.LL_ADC_SetOffsetSignedSaturation
                0x08000fa4       0x36 CMakeFiles/TEST_ADC_1.dir/Drivers/STM32H7xx_HAL_Driver/Src/stm32h7xx_hal_adc.c.obj
 .text.LL_ADC_REG_IsTriggerSourceSWStart
                0x08000fda       0x26 CMakeFiles/TEST_ADC_1.dir/Drivers/STM32H7xx_HAL_Driver/Src/stm32h7xx_hal_adc.c.obj
 .text.LL_ADC_REG_SetSequencerRanks
                0x08001000       0x58 CMakeFiles/TEST_ADC_1.dir/Drivers/STM32H7xx_HAL_Driver/Src/stm32h7xx_hal_adc.c.obj
 .text.LL_ADC_SetChannelSamplingTime
                0x08001058       0x56 CMakeFiles/TEST_ADC_1.dir/Drivers/STM32H7xx_HAL_Driver/Src/stm32h7xx_hal_adc.c.obj
 *fill*         0x080010ae        0x2 
 .text.LL_ADC_SetChannelSingleDiff
                0x080010b0       0x48 CMakeFiles/TEST_ADC_1.dir/Drivers/STM32H7xx_HAL_Driver/Src/stm32h7xx_hal_adc.c.obj
 .text.LL_ADC_GetMultimode
                0x080010f8       0x1c CMakeFiles/TEST_ADC_1.dir/Drivers/STM32H7xx_HAL_Driver/Src/stm32h7xx_hal_adc.c.obj
 .text.LL_ADC_GetMultiDMATransfer
                0x08001114       0x1c CMakeFiles/TEST_ADC_1.dir/Drivers/STM32H7xx_HAL_Driver/Src/stm32h7xx_hal_adc.c.obj
 .text.LL_ADC_DisableDeepPowerDown
                0x08001130       0x24 CMakeFiles/TEST_ADC_1.dir/Drivers/STM32H7xx_HAL_Driver/Src/stm32h7xx_hal_adc.c.obj
 .text.LL_ADC_IsDeepPowerDownEnabled
                0x08001154       0x28 CMakeFiles/TEST_ADC_1.dir/Drivers/STM32H7xx_HAL_Driver/Src/stm32h7xx_hal_adc.c.obj
 .text.LL_ADC_EnableInternalRegulator
                0x0800117c       0x28 CMakeFiles/TEST_ADC_1.dir/Drivers/STM32H7xx_HAL_Driver/Src/stm32h7xx_hal_adc.c.obj
 .text.LL_ADC_IsInternalRegulatorEnabled
                0x080011a4       0x28 CMakeFiles/TEST_ADC_1.dir/Drivers/STM32H7xx_HAL_Driver/Src/stm32h7xx_hal_adc.c.obj
 .text.LL_ADC_Enable
                0x080011cc       0x28 CMakeFiles/TEST_ADC_1.dir/Drivers/STM32H7xx_HAL_Driver/Src/stm32h7xx_hal_adc.c.obj
 .text.LL_ADC_Disable
                0x080011f4       0x28 CMakeFiles/TEST_ADC_1.dir/Drivers/STM32H7xx_HAL_Driver/Src/stm32h7xx_hal_adc.c.obj
 .text.LL_ADC_IsEnabled
                0x0800121c       0x26 CMakeFiles/TEST_ADC_1.dir/Drivers/STM32H7xx_HAL_Driver/Src/stm32h7xx_hal_adc.c.obj
 .text.LL_ADC_IsDisableOngoing
                0x08001242       0x26 CMakeFiles/TEST_ADC_1.dir/Drivers/STM32H7xx_HAL_Driver/Src/stm32h7xx_hal_adc.c.obj
 .text.LL_ADC_REG_StartConversion
                0x08001268       0x28 CMakeFiles/TEST_ADC_1.dir/Drivers/STM32H7xx_HAL_Driver/Src/stm32h7xx_hal_adc.c.obj
 .text.LL_ADC_REG_IsConversionOngoing
                0x08001290       0x26 CMakeFiles/TEST_ADC_1.dir/Drivers/STM32H7xx_HAL_Driver/Src/stm32h7xx_hal_adc.c.obj
 .text.LL_ADC_INJ_IsConversionOngoing
                0x080012b6       0x26 CMakeFiles/TEST_ADC_1.dir/Drivers/STM32H7xx_HAL_Driver/Src/stm32h7xx_hal_adc.c.obj
 .text.HAL_ADC_Init
                0x080012dc      0x344 CMakeFiles/TEST_ADC_1.dir/Drivers/STM32H7xx_HAL_Driver/Src/stm32h7xx_hal_adc.c.obj
                0x080012dc                HAL_ADC_Init
 .text.HAL_ADC_Start
                0x08001620      0x194 CMakeFiles/TEST_ADC_1.dir/Drivers/STM32H7xx_HAL_Driver/Src/stm32h7xx_hal_adc.c.obj
                0x08001620                HAL_ADC_Start
 .text.HAL_ADC_PollForConversion
                0x080017b4      0x1e8 CMakeFiles/TEST_ADC_1.dir/Drivers/STM32H7xx_HAL_Driver/Src/stm32h7xx_hal_adc.c.obj
                0x080017b4                HAL_ADC_PollForConversion
 .text.HAL_ADC_GetValue
                0x0800199c       0x1a CMakeFiles/TEST_ADC_1.dir/Drivers/STM32H7xx_HAL_Driver/Src/stm32h7xx_hal_adc.c.obj
                0x0800199c                HAL_ADC_GetValue
 *fill*         0x080019b6        0x2 
 .text.HAL_ADC_ConfigChannel
                0x080019b8      0x5e0 CMakeFiles/TEST_ADC_1.dir/Drivers/STM32H7xx_HAL_Driver/Src/stm32h7xx_hal_adc.c.obj
                0x080019b8                HAL_ADC_ConfigChannel
 .text.ADC_Enable
                0x08001f98      0x114 CMakeFiles/TEST_ADC_1.dir/Drivers/STM32H7xx_HAL_Driver/Src/stm32h7xx_hal_adc.c.obj
                0x08001f98                ADC_Enable
 .text.ADC_Disable
                0x080020ac       0xbe CMakeFiles/TEST_ADC_1.dir/Drivers/STM32H7xx_HAL_Driver/Src/stm32h7xx_hal_adc.c.obj
                0x080020ac                ADC_Disable
 *fill*         0x0800216a        0x2 
 .text.ADC_ConfigureBoostMode
                0x0800216c      0x218 CMakeFiles/TEST_ADC_1.dir/Drivers/STM32H7xx_HAL_Driver/Src/stm32h7xx_hal_adc.c.obj
                0x0800216c                ADC_ConfigureBoostMode
 .text.LL_ADC_IsEnabled
                0x08002384       0x26 CMakeFiles/TEST_ADC_1.dir/Drivers/STM32H7xx_HAL_Driver/Src/stm32h7xx_hal_adc_ex.c.obj
 *fill*         0x080023aa        0x2 
 .text.LL_ADC_StartCalibration
                0x080023ac       0x3c CMakeFiles/TEST_ADC_1.dir/Drivers/STM32H7xx_HAL_Driver/Src/stm32h7xx_hal_adc_ex.c.obj
 .text.LL_ADC_IsCalibrationOnGoing
                0x080023e8       0x28 CMakeFiles/TEST_ADC_1.dir/Drivers/STM32H7xx_HAL_Driver/Src/stm32h7xx_hal_adc_ex.c.obj
 .text.LL_ADC_REG_IsConversionOngoing
                0x08002410       0x26 CMakeFiles/TEST_ADC_1.dir/Drivers/STM32H7xx_HAL_Driver/Src/stm32h7xx_hal_adc_ex.c.obj
 *fill*         0x08002436        0x2 
 .text.HAL_ADCEx_Calibration_Start
                0x08002438       0xc8 CMakeFiles/TEST_ADC_1.dir/Drivers/STM32H7xx_HAL_Driver/Src/stm32h7xx_hal_adc_ex.c.obj
                0x08002438                HAL_ADCEx_Calibration_Start
 .text.HAL_ADCEx_MultiModeConfigChannel
                0x08002500      0x1bc CMakeFiles/TEST_ADC_1.dir/Drivers/STM32H7xx_HAL_Driver/Src/stm32h7xx_hal_adc_ex.c.obj
                0x08002500                HAL_ADCEx_MultiModeConfigChannel
 .text.HAL_RCC_OscConfig
                0x080026bc      0x8b4 CMakeFiles/TEST_ADC_1.dir/Drivers/STM32H7xx_HAL_Driver/Src/stm32h7xx_hal_rcc.c.obj
                0x080026bc                HAL_RCC_OscConfig
 .text.HAL_RCC_ClockConfig
                0x08002f70      0x36c CMakeFiles/TEST_ADC_1.dir/Drivers/STM32H7xx_HAL_Driver/Src/stm32h7xx_hal_rcc.c.obj
                0x08002f70                HAL_RCC_ClockConfig
 .text.HAL_RCC_GetSysClockFreq
                0x080032dc      0x2f4 CMakeFiles/TEST_ADC_1.dir/Drivers/STM32H7xx_HAL_Driver/Src/stm32h7xx_hal_rcc.c.obj
                0x080032dc                HAL_RCC_GetSysClockFreq
 .text.HAL_RCC_GetHCLKFreq
                0x080035d0       0x60 CMakeFiles/TEST_ADC_1.dir/Drivers/STM32H7xx_HAL_Driver/Src/stm32h7xx_hal_rcc.c.obj
                0x080035d0                HAL_RCC_GetHCLKFreq
 .text.HAL_RCC_GetPCLK1Freq
                0x08003630       0x2c CMakeFiles/TEST_ADC_1.dir/Drivers/STM32H7xx_HAL_Driver/Src/stm32h7xx_hal_rcc.c.obj
                0x08003630                HAL_RCC_GetPCLK1Freq
 .text.HAL_RCC_GetPCLK2Freq
                0x0800365c       0x2c CMakeFiles/TEST_ADC_1.dir/Drivers/STM32H7xx_HAL_Driver/Src/stm32h7xx_hal_rcc.c.obj
                0x0800365c                HAL_RCC_GetPCLK2Freq
 .text.HAL_RCCEx_PeriphCLKConfig
                0x08003688     0x1414 CMakeFiles/TEST_ADC_1.dir/Drivers/STM32H7xx_HAL_Driver/Src/stm32h7xx_hal_rcc_ex.c.obj
                0x08003688                HAL_RCCEx_PeriphCLKConfig
 .text.HAL_RCCEx_GetPeriphCLKFreq
                0x08004a9c      0xb00 CMakeFiles/TEST_ADC_1.dir/Drivers/STM32H7xx_HAL_Driver/Src/stm32h7xx_hal_rcc_ex.c.obj
                0x08004a9c                HAL_RCCEx_GetPeriphCLKFreq
 .text.HAL_RCCEx_GetD3PCLK1Freq
                0x0800559c       0x2c CMakeFiles/TEST_ADC_1.dir/Drivers/STM32H7xx_HAL_Driver/Src/stm32h7xx_hal_rcc_ex.c.obj
                0x0800559c                HAL_RCCEx_GetD3PCLK1Freq
 .text.HAL_RCCEx_GetPLL2ClockFreq
                0x080055c8      0x2a8 CMakeFiles/TEST_ADC_1.dir/Drivers/STM32H7xx_HAL_Driver/Src/stm32h7xx_hal_rcc_ex.c.obj
                0x080055c8                HAL_RCCEx_GetPLL2ClockFreq
 .text.HAL_RCCEx_GetPLL3ClockFreq
                0x08005870      0x2a8 CMakeFiles/TEST_ADC_1.dir/Drivers/STM32H7xx_HAL_Driver/Src/stm32h7xx_hal_rcc_ex.c.obj
                0x08005870                HAL_RCCEx_GetPLL3ClockFreq
 .text.HAL_RCCEx_GetPLL1ClockFreq
                0x08005b18      0x2a4 CMakeFiles/TEST_ADC_1.dir/Drivers/STM32H7xx_HAL_Driver/Src/stm32h7xx_hal_rcc_ex.c.obj
                0x08005b18                HAL_RCCEx_GetPLL1ClockFreq
 .text.RCCEx_PLL2_Config
                0x08005dbc      0x164 CMakeFiles/TEST_ADC_1.dir/Drivers/STM32H7xx_HAL_Driver/Src/stm32h7xx_hal_rcc_ex.c.obj
 .text.RCCEx_PLL3_Config
                0x08005f20      0x164 CMakeFiles/TEST_ADC_1.dir/Drivers/STM32H7xx_HAL_Driver/Src/stm32h7xx_hal_rcc_ex.c.obj
 .text.HAL_GPIO_Init
                0x08006084      0x360 CMakeFiles/TEST_ADC_1.dir/Drivers/STM32H7xx_HAL_Driver/Src/stm32h7xx_hal_gpio.c.obj
                0x08006084                HAL_GPIO_Init
 .text.HAL_PWREx_ConfigSupply
                0x080063e4       0x74 CMakeFiles/TEST_ADC_1.dir/Drivers/STM32H7xx_HAL_Driver/Src/stm32h7xx_hal_pwr_ex.c.obj
                0x080063e4                HAL_PWREx_ConfigSupply
 .text.__NVIC_SetPriorityGrouping
                0x08006458       0x48 CMakeFiles/TEST_ADC_1.dir/Drivers/STM32H7xx_HAL_Driver/Src/stm32h7xx_hal_cortex.c.obj
 .text.__NVIC_GetPriorityGrouping
                0x080064a0       0x1c CMakeFiles/TEST_ADC_1.dir/Drivers/STM32H7xx_HAL_Driver/Src/stm32h7xx_hal_cortex.c.obj
 .text.__NVIC_SetPriority
                0x080064bc       0x54 CMakeFiles/TEST_ADC_1.dir/Drivers/STM32H7xx_HAL_Driver/Src/stm32h7xx_hal_cortex.c.obj
 .text.NVIC_EncodePriority
                0x08006510       0x66 CMakeFiles/TEST_ADC_1.dir/Drivers/STM32H7xx_HAL_Driver/Src/stm32h7xx_hal_cortex.c.obj
 *fill*         0x08006576        0x2 
 .text.SysTick_Config
                0x08006578       0x44 CMakeFiles/TEST_ADC_1.dir/Drivers/STM32H7xx_HAL_Driver/Src/stm32h7xx_hal_cortex.c.obj
 .text.HAL_NVIC_SetPriorityGrouping
                0x080065bc       0x16 CMakeFiles/TEST_ADC_1.dir/Drivers/STM32H7xx_HAL_Driver/Src/stm32h7xx_hal_cortex.c.obj
                0x080065bc                HAL_NVIC_SetPriorityGrouping
 .text.HAL_NVIC_SetPriority
                0x080065d2       0x34 CMakeFiles/TEST_ADC_1.dir/Drivers/STM32H7xx_HAL_Driver/Src/stm32h7xx_hal_cortex.c.obj
                0x080065d2                HAL_NVIC_SetPriority
 .text.HAL_SYSTICK_Config
                0x08006606       0x18 CMakeFiles/TEST_ADC_1.dir/Drivers/STM32H7xx_HAL_Driver/Src/stm32h7xx_hal_cortex.c.obj
                0x08006606                HAL_SYSTICK_Config
 *fill*         0x0800661e        0x2 
 .text.HAL_MPU_Disable
                0x08006620       0x30 CMakeFiles/TEST_ADC_1.dir/Drivers/STM32H7xx_HAL_Driver/Src/stm32h7xx_hal_cortex.c.obj
                0x08006620                HAL_MPU_Disable
 .text.HAL_MPU_Enable
                0x08006650       0x40 CMakeFiles/TEST_ADC_1.dir/Drivers/STM32H7xx_HAL_Driver/Src/stm32h7xx_hal_cortex.c.obj
                0x08006650                HAL_MPU_Enable
 .text.HAL_MPU_ConfigRegion
                0x08006690       0x80 CMakeFiles/TEST_ADC_1.dir/Drivers/STM32H7xx_HAL_Driver/Src/stm32h7xx_hal_cortex.c.obj
                0x08006690                HAL_MPU_ConfigRegion
 .text.HAL_Init
                0x08006710       0x78 CMakeFiles/TEST_ADC_1.dir/Drivers/STM32H7xx_HAL_Driver/Src/stm32h7xx_hal.c.obj
                0x08006710                HAL_Init
 .text.HAL_InitTick
                0x08006788       0x6c CMakeFiles/TEST_ADC_1.dir/Drivers/STM32H7xx_HAL_Driver/Src/stm32h7xx_hal.c.obj
                0x08006788                HAL_InitTick
 .text.HAL_IncTick
                0x080067f4       0x28 CMakeFiles/TEST_ADC_1.dir/Drivers/STM32H7xx_HAL_Driver/Src/stm32h7xx_hal.c.obj
                0x080067f4                HAL_IncTick
 .text.HAL_GetTick
                0x0800681c       0x18 CMakeFiles/TEST_ADC_1.dir/Drivers/STM32H7xx_HAL_Driver/Src/stm32h7xx_hal.c.obj
                0x0800681c                HAL_GetTick
 .text.HAL_Delay
                0x08006834       0x48 CMakeFiles/TEST_ADC_1.dir/Drivers/STM32H7xx_HAL_Driver/Src/stm32h7xx_hal.c.obj
                0x08006834                HAL_Delay
 .text.HAL_GetREVID
                0x0800687c       0x18 CMakeFiles/TEST_ADC_1.dir/Drivers/STM32H7xx_HAL_Driver/Src/stm32h7xx_hal.c.obj
                0x0800687c                HAL_GetREVID
 .text.HAL_I2C_Init
                0x08006894      0x138 CMakeFiles/TEST_ADC_1.dir/Drivers/STM32H7xx_HAL_Driver/Src/stm32h7xx_hal_i2c.c.obj
                0x08006894                HAL_I2C_Init
 .text.HAL_I2CEx_ConfigAnalogFilter
                0x080069cc       0x96 CMakeFiles/TEST_ADC_1.dir/Drivers/STM32H7xx_HAL_Driver/Src/stm32h7xx_hal_i2c_ex.c.obj
                0x080069cc                HAL_I2CEx_ConfigAnalogFilter
 .text.HAL_I2CEx_ConfigDigitalFilter
                0x08006a62       0x98 CMakeFiles/TEST_ADC_1.dir/Drivers/STM32H7xx_HAL_Driver/Src/stm32h7xx_hal_i2c_ex.c.obj
                0x08006a62                HAL_I2CEx_ConfigDigitalFilter
 .text.HAL_UART_Init
                0x08006afa       0xa0 CMakeFiles/TEST_ADC_1.dir/Drivers/STM32H7xx_HAL_Driver/Src/stm32h7xx_hal_uart.c.obj
                0x08006afa                HAL_UART_Init
 .text.HAL_UART_Transmit
                0x08006b9a      0x11c CMakeFiles/TEST_ADC_1.dir/Drivers/STM32H7xx_HAL_Driver/Src/stm32h7xx_hal_uart.c.obj
                0x08006b9a                HAL_UART_Transmit
 *fill*         0x08006cb6        0x2 
 .text.UART_SetConfig
                0x08006cb8      0xad0 CMakeFiles/TEST_ADC_1.dir/Drivers/STM32H7xx_HAL_Driver/Src/stm32h7xx_hal_uart.c.obj
                0x08006cb8                UART_SetConfig
 .text.UART_AdvFeatureConfig
                0x08007788      0x144 CMakeFiles/TEST_ADC_1.dir/Drivers/STM32H7xx_HAL_Driver/Src/stm32h7xx_hal_uart.c.obj
                0x08007788                UART_AdvFeatureConfig
 .text.UART_CheckIdleState
                0x080078cc      0x154 CMakeFiles/TEST_ADC_1.dir/Drivers/STM32H7xx_HAL_Driver/Src/stm32h7xx_hal_uart.c.obj
                0x080078cc                UART_CheckIdleState
 .text.UART_WaitOnFlagUntilTimeout
                0x08007a20       0xda CMakeFiles/TEST_ADC_1.dir/Drivers/STM32H7xx_HAL_Driver/Src/stm32h7xx_hal_uart.c.obj
                0x08007a20                UART_WaitOnFlagUntilTimeout
 *fill*         0x08007afa        0x2 
 .text.UART_EndRxTransfer
                0x08007afc       0xcc CMakeFiles/TEST_ADC_1.dir/Drivers/STM32H7xx_HAL_Driver/Src/stm32h7xx_hal_uart.c.obj
 .text.HAL_UARTEx_DisableFifoMode
                0x08007bc8       0x72 CMakeFiles/TEST_ADC_1.dir/Drivers/STM32H7xx_HAL_Driver/Src/stm32h7xx_hal_uart_ex.c.obj
                0x08007bc8                HAL_UARTEx_DisableFifoMode
 .text.HAL_UARTEx_SetTxFifoThreshold
                0x08007c3a       0x7c CMakeFiles/TEST_ADC_1.dir/Drivers/STM32H7xx_HAL_Driver/Src/stm32h7xx_hal_uart_ex.c.obj
                0x08007c3a                HAL_UARTEx_SetTxFifoThreshold
 .text.HAL_UARTEx_SetRxFifoThreshold
                0x08007cb6       0x7c CMakeFiles/TEST_ADC_1.dir/Drivers/STM32H7xx_HAL_Driver/Src/stm32h7xx_hal_uart_ex.c.obj
                0x08007cb6                HAL_UARTEx_SetRxFifoThreshold
 *fill*         0x08007d32        0x2 
 .text.UARTEx_SetNbDataToProcess
                0x08007d34       0x9c CMakeFiles/TEST_ADC_1.dir/Drivers/STM32H7xx_HAL_Driver/Src/stm32h7xx_hal_uart_ex.c.obj
 .text.SystemInit
                0x08007dd0      0x140 CMakeFiles/TEST_ADC_1.dir/Core/Src/system_stm32h7xx.c.obj
                0x08007dd0                SystemInit
 .text.ExitRun0Mode
                0x08007f10       0x30 CMakeFiles/TEST_ADC_1.dir/Core/Src/system_stm32h7xx.c.obj
                0x08007f10                ExitRun0Mode
 .text._sbrk    0x08007f40       0x6c CMakeFiles/TEST_ADC_1.dir/Core/Src/sysmem.c.obj
                0x08007f40                _sbrk
 .text.Reset_Handler
                0x08007fac       0x54 CMakeFiles/TEST_ADC_1.dir/startup_stm32h750xx.s.obj
                0x08007fac                Reset_Handler
 .text.Default_Handler
                0x08008000        0x2 CMakeFiles/TEST_ADC_1.dir/startup_stm32h750xx.s.obj
                0x08008000                RTC_Alarm_IRQHandler
                0x08008000                HASH_RNG_IRQHandler
                0x08008000                EXTI2_IRQHandler
                0x08008000                TIM8_CC_IRQHandler
                0x08008000                HRTIM1_Master_IRQHandler
                0x08008000                UART8_IRQHandler
                0x08008000                SPI4_IRQHandler
                0x08008000                TIM1_CC_IRQHandler
                0x08008000                BDMA_Channel6_IRQHandler
                0x08008000                DMA2_Stream5_IRQHandler
                0x08008000                HRTIM1_FLT_IRQHandler
                0x08008000                JPEG_IRQHandler
                0x08008000                DMA1_Stream5_IRQHandler
                0x08008000                BDMA_Channel1_IRQHandler
                0x08008000                HRTIM1_TIMD_IRQHandler
                0x08008000                TAMP_STAMP_IRQHandler
                0x08008000                EXTI3_IRQHandler
                0x08008000                LPTIM4_IRQHandler
                0x08008000                TIM8_TRG_COM_TIM14_IRQHandler
                0x08008000                LPTIM2_IRQHandler
                0x08008000                DFSDM1_FLT1_IRQHandler
                0x08008000                DMAMUX2_OVR_IRQHandler
                0x08008000                TIM8_UP_TIM13_IRQHandler
                0x08008000                I2C3_ER_IRQHandler
                0x08008000                DFSDM1_FLT2_IRQHandler
                0x08008000                MDMA_IRQHandler
                0x08008000                LPTIM3_IRQHandler
                0x08008000                HSEM1_IRQHandler
                0x08008000                EXTI0_IRQHandler
                0x08008000                I2C2_EV_IRQHandler
                0x08008000                DMA1_Stream2_IRQHandler
                0x08008000                FPU_IRQHandler
                0x08008000                OTG_HS_WKUP_IRQHandler
                0x08008000                FDCAN1_IT1_IRQHandler
                0x08008000                LTDC_ER_IRQHandler
                0x08008000                DMA2_Stream2_IRQHandler
                0x08008000                HRTIM1_TIME_IRQHandler
                0x08008000                SPI1_IRQHandler
                0x08008000                TIM6_DAC_IRQHandler
                0x08008000                DCMI_IRQHandler
                0x08008000                HRTIM1_TIMC_IRQHandler
                0x08008000                DMA2_Stream3_IRQHandler
                0x08008000                SAI2_IRQHandler
                0x08008000                DFSDM1_FLT3_IRQHandler
                0x08008000                USART6_IRQHandler
                0x08008000                TIM17_IRQHandler
                0x08008000                USART3_IRQHandler
                0x08008000                BDMA_Channel7_IRQHandler
                0x08008000                CRYP_IRQHandler
                0x08008000                LPTIM5_IRQHandler
                0x08008000                UART5_IRQHandler
                0x08008000                ADC3_IRQHandler
                0x08008000                DMA2_Stream0_IRQHandler
                0x08008000                TIM4_IRQHandler
                0x08008000                BDMA_Channel2_IRQHandler
                0x08008000                QUADSPI_IRQHandler
                0x08008000                I2C1_EV_IRQHandler
                0x08008000                DMA1_Stream6_IRQHandler
                0x08008000                DMAMUX1_OVR_IRQHandler
                0x08008000                DMA1_Stream1_IRQHandler
                0x08008000                TIM16_IRQHandler
                0x08008000                UART4_IRQHandler
                0x08008000                BDMA_Channel5_IRQHandler
                0x08008000                TIM3_IRQHandler
                0x08008000                RCC_IRQHandler
                0x08008000                TIM8_BRK_TIM12_IRQHandler
                0x08008000                TIM1_TRG_COM_IRQHandler
                0x08008000                Default_Handler
                0x08008000                ECC_IRQHandler
                0x08008000                CEC_IRQHandler
                0x08008000                EXTI15_10_IRQHandler
                0x08008000                BDMA_Channel0_IRQHandler
                0x08008000                ADC_IRQHandler
                0x08008000                DMA1_Stream7_IRQHandler
                0x08008000                HRTIM1_TIMA_IRQHandler
                0x08008000                SPI5_IRQHandler
                0x08008000                TIM7_IRQHandler
                0x08008000                SDMMC1_IRQHandler
                0x08008000                TIM5_IRQHandler
                0x08008000                DMA2_Stream7_IRQHandler
                0x08008000                TIM15_IRQHandler
                0x08008000                PVD_AVD_IRQHandler
                0x08008000                I2C3_EV_IRQHandler
                0x08008000                EXTI9_5_IRQHandler
                0x08008000                RTC_WKUP_IRQHandler
                0x08008000                LTDC_IRQHandler
                0x08008000                SAI3_IRQHandler
                0x08008000                ETH_WKUP_IRQHandler
                0x08008000                SPDIF_RX_IRQHandler
                0x08008000                SPI2_IRQHandler
                0x08008000                OTG_HS_EP1_IN_IRQHandler
                0x08008000                DMA1_Stream0_IRQHandler
                0x08008000                CRS_IRQHandler
                0x08008000                EXTI4_IRQHandler
                0x08008000                HRTIM1_TIMB_IRQHandler
                0x08008000                FDCAN2_IT1_IRQHandler
                0x08008000                ETH_IRQHandler
                0x08008000                TIM1_UP_IRQHandler
                0x08008000                BDMA_Channel4_IRQHandler
                0x08008000                OTG_HS_EP1_OUT_IRQHandler
                0x08008000                WWDG_IRQHandler
                0x08008000                SPI6_IRQHandler
                0x08008000                MDIOS_IRQHandler
                0x08008000                I2C4_EV_IRQHandler
                0x08008000                FDCAN2_IT0_IRQHandler
                0x08008000                LPUART1_IRQHandler
                0x08008000                FDCAN1_IT0_IRQHandler
                0x08008000                TIM2_IRQHandler
                0x08008000                OTG_FS_WKUP_IRQHandler
                0x08008000                OTG_HS_IRQHandler
                0x08008000                DMA2D_IRQHandler
                0x08008000                TIM1_BRK_IRQHandler
                0x08008000                EXTI1_IRQHandler
                0x08008000                SDMMC2_IRQHandler
                0x08008000                OTG_FS_EP1_OUT_IRQHandler
                0x08008000                BDMA_Channel3_IRQHandler
                0x08008000                UART7_IRQHandler
                0x08008000                MDIOS_WKUP_IRQHandler
                0x08008000                USART2_IRQHandler
                0x08008000                DFSDM1_FLT0_IRQHandler
                0x08008000                SAI4_IRQHandler
                0x08008000                I2C2_ER_IRQHandler
                0x08008000                DMA2_Stream1_IRQHandler
                0x08008000                FLASH_IRQHandler
                0x08008000                DMA2_Stream4_IRQHandler
                0x08008000                USART1_IRQHandler
                0x08008000                OTG_FS_IRQHandler
                0x08008000                SPI3_IRQHandler
                0x08008000                WAKEUP_PIN_IRQHandler
                0x08008000                DMA1_Stream4_IRQHandler
                0x08008000                OTG_FS_EP1_IN_IRQHandler
                0x08008000                I2C1_ER_IRQHandler
                0x08008000                FMC_IRQHandler
                0x08008000                FDCAN_CAL_IRQHandler
                0x08008000                SWPMI1_IRQHandler
                0x08008000                COMP1_IRQHandler
                0x08008000                LPTIM1_IRQHandler
                0x08008000                I2C4_ER_IRQHandler
                0x08008000                DMA2_Stream6_IRQHandler
                0x08008000                SAI1_IRQHandler
                0x08008000                DMA1_Stream3_IRQHandler
 *fill*         0x08008002        0x2 
 .text.__udivmoddi4
                0x08008004      0x2f8 D:/tool/cmake/cmake_zip/arm-gnu-toolchain/bin/../lib/gcc/arm-none-eabi/14.2.1/thumb/v7e-m+dp/hard\libgcc.a(_udivmoddi4.o)
                0x08008004                __udivmoddi4
 .text.sprintf  0x080082fc       0x44 D:/tool/cmake/cmake_zip/arm-gnu-toolchain/bin/../lib/gcc/arm-none-eabi/14.2.1/thumb/v7e-m+dp/hard\libg_nano.a(libc_a-sprintf.o)
                0x080082fc                siprintf
                0x080082fc                sprintf
 .text.__errno  0x08008340        0xc D:/tool/cmake/cmake_zip/arm-gnu-toolchain/bin/../lib/gcc/arm-none-eabi/14.2.1/thumb/v7e-m+dp/hard\libg_nano.a(libc_a-errno.o)
                0x08008340                __errno
 .text.__ssputs_r
                0x0800834c       0xc0 D:/tool/cmake/cmake_zip/arm-gnu-toolchain/bin/../lib/gcc/arm-none-eabi/14.2.1/thumb/v7e-m+dp/hard\libg_nano.a(libc_a-nano-svfprintf.o)
                0x0800834c                __ssputs_r
 .text._svfprintf_r
                0x0800840c      0x1f8 D:/tool/cmake/cmake_zip/arm-gnu-toolchain/bin/../lib/gcc/arm-none-eabi/14.2.1/thumb/v7e-m+dp/hard\libg_nano.a(libc_a-nano-svfprintf.o)
                0x0800840c                _svfiprintf_r
                0x0800840c                _svfprintf_r
 .text._printf_common
                0x08008604       0xda D:/tool/cmake/cmake_zip/arm-gnu-toolchain/bin/../lib/gcc/arm-none-eabi/14.2.1/thumb/v7e-m+dp/hard\libg_nano.a(libc_a-nano-vfprintf_i.o)
                0x08008604                _printf_common
 *fill*         0x080086de        0x2 
 .text._printf_i
                0x080086e0      0x240 D:/tool/cmake/cmake_zip/arm-gnu-toolchain/bin/../lib/gcc/arm-none-eabi/14.2.1/thumb/v7e-m+dp/hard\libg_nano.a(libc_a-nano-vfprintf_i.o)
                0x080086e0                _printf_i
 .text.memmove  0x08008920       0x32 D:/tool/cmake/cmake_zip/arm-gnu-toolchain/bin/../lib/gcc/arm-none-eabi/14.2.1/thumb/v7e-m+dp/hard\libg_nano.a(libc_a-memmove.o)
                0x08008920                memmove
 .text.memcpy   0x08008952       0x1c D:/tool/cmake/cmake_zip/arm-gnu-toolchain/bin/../lib/gcc/arm-none-eabi/14.2.1/thumb/v7e-m+dp/hard\libg_nano.a(libc_a-memcpy-stub.o)
                0x08008952                memcpy
 .text._realloc_r
                0x0800896e       0x5c D:/tool/cmake/cmake_zip/arm-gnu-toolchain/bin/../lib/gcc/arm-none-eabi/14.2.1/thumb/v7e-m+dp/hard\libg_nano.a(libc_a-reallocr.o)
                0x0800896e                _realloc_r
 .text._malloc_usable_size_r
                0x080089ca       0x10 D:/tool/cmake/cmake_zip/arm-gnu-toolchain/bin/../lib/gcc/arm-none-eabi/14.2.1/thumb/v7e-m+dp/hard\libg_nano.a(libc_a-msizer.o)
                0x080089ca                _malloc_usable_size_r
 *(.glue_7)
 .glue_7        0x080089da        0x0 linker stubs
 *(.glue_7t)
 .glue_7t       0x080089da        0x0 linker stubs
 *(.eh_frame)
 *fill*         0x080089da        0x2 
 .eh_frame      0x080089dc        0x0 D:/tool/cmake/cmake_zip/arm-gnu-toolchain/bin/../lib/gcc/arm-none-eabi/14.2.1/thumb/v7e-m+dp/hard/crtbegin.o
 *(.init)
 .init          0x080089dc        0x4 D:/tool/cmake/cmake_zip/arm-gnu-toolchain/bin/../lib/gcc/arm-none-eabi/14.2.1/thumb/v7e-m+dp/hard/crti.o
                0x080089dc                _init
 .init          0x080089e0        0x8 D:/tool/cmake/cmake_zip/arm-gnu-toolchain/bin/../lib/gcc/arm-none-eabi/14.2.1/thumb/v7e-m+dp/hard/crtn.o
 *(.fini)
 .fini          0x080089e8        0x4 D:/tool/cmake/cmake_zip/arm-gnu-toolchain/bin/../lib/gcc/arm-none-eabi/14.2.1/thumb/v7e-m+dp/hard/crti.o
                0x080089e8                _fini
 .fini          0x080089ec        0x8 D:/tool/cmake/cmake_zip/arm-gnu-toolchain/bin/../lib/gcc/arm-none-eabi/14.2.1/thumb/v7e-m+dp/hard/crtn.o
                0x080089f4                        . = ALIGN (0x4)
                0x080089f4                        _etext = .

.vfp11_veneer   0x080089f4        0x0
 .vfp11_veneer  0x080089f4        0x0 linker stubs

.v4_bx          0x080089f4        0x0
 .v4_bx         0x080089f4        0x0 linker stubs

.iplt           0x080089f4        0x0
 .iplt          0x080089f4        0x0 D:/tool/cmake/cmake_zip/arm-gnu-toolchain/bin/../lib/gcc/arm-none-eabi/14.2.1/thumb/v7e-m+dp/hard/crtbegin.o

.rodata         0x080089f4       0x84
                0x080089f4                        . = ALIGN (0x4)
 *(.rodata)
 .rodata        0x080089f4       0x16 CMakeFiles/TEST_ADC_1.dir/Core/Src/main.c.obj
 *(.rodata*)
 *fill*         0x08008a0a        0x2 
 .rodata.UARTPrescTable
                0x08008a0c       0x18 CMakeFiles/TEST_ADC_1.dir/Drivers/STM32H7xx_HAL_Driver/Src/stm32h7xx_hal_uart.c.obj
                0x08008a0c                UARTPrescTable
 .rodata.numerator.1
                0x08008a24        0x8 CMakeFiles/TEST_ADC_1.dir/Drivers/STM32H7xx_HAL_Driver/Src/stm32h7xx_hal_uart_ex.c.obj
 .rodata.denominator.0
                0x08008a2c        0x8 CMakeFiles/TEST_ADC_1.dir/Drivers/STM32H7xx_HAL_Driver/Src/stm32h7xx_hal_uart_ex.c.obj
 .rodata.D1CorePrescTable
                0x08008a34       0x10 CMakeFiles/TEST_ADC_1.dir/Core/Src/system_stm32h7xx.c.obj
                0x08008a34                D1CorePrescTable
 .rodata._svfprintf_r.str1.1
                0x08008a44       0x33 D:/tool/cmake/cmake_zip/arm-gnu-toolchain/bin/../lib/gcc/arm-none-eabi/14.2.1/thumb/v7e-m+dp/hard\libg_nano.a(libc_a-nano-svfprintf.o)
                                 0x11 (size before relaxing)
 .rodata._printf_i.str1.1
                0x08008a77       0x22 D:/tool/cmake/cmake_zip/arm-gnu-toolchain/bin/../lib/gcc/arm-none-eabi/14.2.1/thumb/v7e-m+dp/hard\libg_nano.a(libc_a-nano-vfprintf_i.o)
                0x08008a9c                        . = ALIGN (0x4)
 *fill*         0x08008a77        0x1 

.ARM.extab
 *(.ARM.extab* .gnu.linkonce.armextab.*)

.ARM            0x08008a78        0x8
                0x08008a78                        __exidx_start = .
 *(.ARM.exidx*)
 .ARM.exidx     0x08008a78        0x8 D:/tool/cmake/cmake_zip/arm-gnu-toolchain/bin/../lib/gcc/arm-none-eabi/14.2.1/thumb/v7e-m+dp/hard\libg_nano.a(libc_a-strlen.o)
 .ARM.exidx     0x08008a80        0x0 D:/tool/cmake/cmake_zip/arm-gnu-toolchain/bin/../lib/gcc/arm-none-eabi/14.2.1/thumb/v7e-m+dp/hard\libg_nano.a(libc_a-memchr.o)
                                  0x8 (size before relaxing)
 .ARM.exidx.text.__udivmoddi4
                0x08008a80        0x0 D:/tool/cmake/cmake_zip/arm-gnu-toolchain/bin/../lib/gcc/arm-none-eabi/14.2.1/thumb/v7e-m+dp/hard\libgcc.a(_udivmoddi4.o)
                                  0x8 (size before relaxing)
                0x08008a80                        __exidx_end = .

.rel.dyn        0x08008a80        0x0
 .rel.iplt      0x08008a80        0x0 D:/tool/cmake/cmake_zip/arm-gnu-toolchain/bin/../lib/gcc/arm-none-eabi/14.2.1/thumb/v7e-m+dp/hard/crtbegin.o

.preinit_array  0x08008a80        0x0
                0x08008a80                        PROVIDE (__preinit_array_start = .)
 *(.preinit_array*)
                0x08008a80                        PROVIDE (__preinit_array_end = .)

.init_array     0x08008a80        0x4
                0x08008a80                        PROVIDE (__init_array_start = .)
 *(SORT_BY_NAME(.init_array.*))
 *(.init_array*)
 .init_array    0x08008a80        0x4 D:/tool/cmake/cmake_zip/arm-gnu-toolchain/bin/../lib/gcc/arm-none-eabi/14.2.1/thumb/v7e-m+dp/hard/crtbegin.o
                0x08008a84                        PROVIDE (__init_array_end = .)

.fini_array     0x08008a84        0x4
                [!provide]                        PROVIDE (__fini_array_start = .)
 *(SORT_BY_NAME(.fini_array.*))
 *(.fini_array*)
 .fini_array    0x08008a84        0x4 D:/tool/cmake/cmake_zip/arm-gnu-toolchain/bin/../lib/gcc/arm-none-eabi/14.2.1/thumb/v7e-m+dp/hard/crtbegin.o
                [!provide]                        PROVIDE (__fini_array_end = .)
                0x08008a88                        _sidata = LOADADDR (.data)

.data           0x20000000       0x60 load address 0x08008a88
                0x20000000                        . = ALIGN (0x4)
                0x20000000                        _sdata = .
 *(.data)
 *(.data*)
 .data._impure_ptr
                0x20000000        0x4 D:/tool/cmake/cmake_zip/arm-gnu-toolchain/bin/../lib/gcc/arm-none-eabi/14.2.1/thumb/v7e-m+dp/hard\libc_nano.a(libc_a-impure.o)
                0x20000000                _impure_ptr
 .data._impure_data
                0x20000004       0x4c D:/tool/cmake/cmake_zip/arm-gnu-toolchain/bin/../lib/gcc/arm-none-eabi/14.2.1/thumb/v7e-m+dp/hard\libc_nano.a(libc_a-impure.o)
                0x20000004                _impure_data
 .data.uwTickPrio
                0x20000050        0x4 CMakeFiles/TEST_ADC_1.dir/Drivers/STM32H7xx_HAL_Driver/Src/stm32h7xx_hal.c.obj
                0x20000050                uwTickPrio
 .data.uwTickFreq
                0x20000054        0x1 CMakeFiles/TEST_ADC_1.dir/Drivers/STM32H7xx_HAL_Driver/Src/stm32h7xx_hal.c.obj
                0x20000054                uwTickFreq
 *fill*         0x20000055        0x3 
 .data.SystemCoreClock
                0x20000058        0x4 CMakeFiles/TEST_ADC_1.dir/Core/Src/system_stm32h7xx.c.obj
                0x20000058                SystemCoreClock
 .data.SystemD2Clock
                0x2000005c        0x4 CMakeFiles/TEST_ADC_1.dir/Core/Src/system_stm32h7xx.c.obj
                0x2000005c                SystemD2Clock
                0x20000060                        . = ALIGN (0x4)
                0x20000060                        _edata = .

.tm_clone_table
                0x20000060        0x0 load address 0x08008ae8
 .tm_clone_table
                0x20000060        0x0 D:/tool/cmake/cmake_zip/arm-gnu-toolchain/bin/../lib/gcc/arm-none-eabi/14.2.1/thumb/v7e-m+dp/hard/crtbegin.o
 .tm_clone_table
                0x20000060        0x0 D:/tool/cmake/cmake_zip/arm-gnu-toolchain/bin/../lib/gcc/arm-none-eabi/14.2.1/thumb/v7e-m+dp/hard/crtend.o

.igot.plt       0x20000060        0x0 load address 0x08008ae8
 .igot.plt      0x20000060        0x0 D:/tool/cmake/cmake_zip/arm-gnu-toolchain/bin/../lib/gcc/arm-none-eabi/14.2.1/thumb/v7e-m+dp/hard/crtbegin.o
                0x20000060                        . = ALIGN (0x4)

.bss            0x20000060      0x2d4 load address 0x08008ae8
                0x20000060                        _sbss = .
                0x20000060                        __bss_start__ = _sbss
 *(.bss)
 *(.bss*)
 .bss.completed.1
                0x20000060        0x1 D:/tool/cmake/cmake_zip/arm-gnu-toolchain/bin/../lib/gcc/arm-none-eabi/14.2.1/thumb/v7e-m+dp/hard/crtbegin.o
 *fill*         0x20000061        0x3 
 .bss.object.0  0x20000064       0x18 D:/tool/cmake/cmake_zip/arm-gnu-toolchain/bin/../lib/gcc/arm-none-eabi/14.2.1/thumb/v7e-m+dp/hard/crtbegin.o
 .bss.__sf      0x2000007c      0x138 D:/tool/cmake/cmake_zip/arm-gnu-toolchain/bin/../lib/gcc/arm-none-eabi/14.2.1/thumb/v7e-m+dp/hard\libc_nano.a(libc_a-findfp.o)
                0x2000007c                __sf
 .bss.errno     0x200001b4        0x4 D:/tool/cmake/cmake_zip/arm-gnu-toolchain/bin/../lib/gcc/arm-none-eabi/14.2.1/thumb/v7e-m+dp/hard\libc_nano.a(libc_a-reent.o)
                0x200001b4                errno
 .bss.__lock___malloc_recursive_mutex
                0x200001b8        0x1 D:/tool/cmake/cmake_zip/arm-gnu-toolchain/bin/../lib/gcc/arm-none-eabi/14.2.1/thumb/v7e-m+dp/hard\libc_nano.a(libc_a-lock.o)
                0x200001b8                __lock___malloc_recursive_mutex
 *fill*         0x200001b9        0x3 
 .bss.__malloc_sbrk_start
                0x200001bc        0x4 D:/tool/cmake/cmake_zip/arm-gnu-toolchain/bin/../lib/gcc/arm-none-eabi/14.2.1/thumb/v7e-m+dp/hard\libc_nano.a(libc_a-mallocr.o)
                0x200001bc                __malloc_sbrk_start
 .bss.__malloc_free_list
                0x200001c0        0x4 D:/tool/cmake/cmake_zip/arm-gnu-toolchain/bin/../lib/gcc/arm-none-eabi/14.2.1/thumb/v7e-m+dp/hard\libc_nano.a(libc_a-mallocr.o)
                0x200001c0                __malloc_free_list
 .bss.hadc1     0x200001c4       0x64 CMakeFiles/TEST_ADC_1.dir/Core/Src/main.c.obj
                0x200001c4                hadc1
 .bss.hi2c1     0x20000228       0x54 CMakeFiles/TEST_ADC_1.dir/Core/Src/main.c.obj
                0x20000228                hi2c1
 .bss.huart4    0x2000027c       0x94 CMakeFiles/TEST_ADC_1.dir/Core/Src/main.c.obj
                0x2000027c                huart4
 .bss.adc_value
                0x20000310        0x2 CMakeFiles/TEST_ADC_1.dir/Core/Src/main.c.obj
                0x20000310                adc_value
 *fill*         0x20000312        0x2 
 .bss.uart_buffer
                0x20000314       0x14 CMakeFiles/TEST_ADC_1.dir/Core/Src/main.c.obj
                0x20000314                uart_buffer
 .bss.voltage_mv
                0x20000328        0x4 CMakeFiles/TEST_ADC_1.dir/Core/Src/main.c.obj
                0x20000328                voltage_mv
 .bss.uwTick    0x2000032c        0x4 CMakeFiles/TEST_ADC_1.dir/Drivers/STM32H7xx_HAL_Driver/Src/stm32h7xx_hal.c.obj
                0x2000032c                uwTick
 .bss.__sbrk_heap_end
                0x20000330        0x4 CMakeFiles/TEST_ADC_1.dir/Core/Src/sysmem.c.obj
 *(COMMON)
                0x20000334                        . = ALIGN (0x4)
                0x20000334                        _ebss = .
                0x20000334                        __bss_end__ = _ebss

._user_heap_stack
                0x20000334      0x604 load address 0x08008ae8
                0x20000338                        . = ALIGN (0x8)
 *fill*         0x20000334        0x4 
                [!provide]                        PROVIDE (end = .)
                0x20000338                        PROVIDE (_end = .)
                0x20000538                        . = (. + _Min_Heap_Size)
 *fill*         0x20000338      0x200 
                0x20000938                        . = (. + _Min_Stack_Size)
 *fill*         0x20000538      0x400 
                0x20000938                        . = ALIGN (0x8)

/DISCARD/
 libc.a(*)
 libm.a(*)
 libgcc.a(*)
OUTPUT(TEST_ADC_1.elf elf32-littlearm)
LOAD linker stubs
LOAD D:/tool/cmake/cmake_zip/arm-gnu-toolchain/bin/../lib/gcc/arm-none-eabi/14.2.1/thumb/v7e-m+dp/hard\libc.a
LOAD D:/tool/cmake/cmake_zip/arm-gnu-toolchain/bin/../lib/gcc/arm-none-eabi/14.2.1/thumb/v7e-m+dp/hard\libm.a
LOAD D:/tool/cmake/cmake_zip/arm-gnu-toolchain/bin/../lib/gcc/arm-none-eabi/14.2.1/thumb/v7e-m+dp/hard\libgcc.a

.ARM.attributes
                0x00000000       0x2e
 .ARM.attributes
                0x00000000       0x20 D:/tool/cmake/cmake_zip/arm-gnu-toolchain/bin/../lib/gcc/arm-none-eabi/14.2.1/thumb/v7e-m+dp/hard/crti.o
 .ARM.attributes
                0x00000020       0x32 D:/tool/cmake/cmake_zip/arm-gnu-toolchain/bin/../lib/gcc/arm-none-eabi/14.2.1/thumb/v7e-m+dp/hard/crtbegin.o
 .ARM.attributes
                0x00000052       0x32 D:/tool/cmake/cmake_zip/arm-gnu-toolchain/bin/../lib/gcc/arm-none-eabi/14.2.1/thumb/v7e-m+dp/hard\libc_nano.a(libc_a-findfp.o)
 .ARM.attributes
                0x00000084       0x32 D:/tool/cmake/cmake_zip/arm-gnu-toolchain/bin/../lib/gcc/arm-none-eabi/14.2.1/thumb/v7e-m+dp/hard\libc_nano.a(libc_a-memset.o)
 .ARM.attributes
                0x000000b6       0x32 D:/tool/cmake/cmake_zip/arm-gnu-toolchain/bin/../lib/gcc/arm-none-eabi/14.2.1/thumb/v7e-m+dp/hard\libc_nano.a(libc_a-reent.o)
 .ARM.attributes
                0x000000e8       0x32 D:/tool/cmake/cmake_zip/arm-gnu-toolchain/bin/../lib/gcc/arm-none-eabi/14.2.1/thumb/v7e-m+dp/hard\libc_nano.a(libc_a-impure.o)
 .ARM.attributes
                0x0000011a       0x32 D:/tool/cmake/cmake_zip/arm-gnu-toolchain/bin/../lib/gcc/arm-none-eabi/14.2.1/thumb/v7e-m+dp/hard\libc_nano.a(libc_a-init.o)
 .ARM.attributes
                0x0000014c       0x32 D:/tool/cmake/cmake_zip/arm-gnu-toolchain/bin/../lib/gcc/arm-none-eabi/14.2.1/thumb/v7e-m+dp/hard\libc_nano.a(libc_a-lock.o)
 .ARM.attributes
                0x0000017e       0x32 D:/tool/cmake/cmake_zip/arm-gnu-toolchain/bin/../lib/gcc/arm-none-eabi/14.2.1/thumb/v7e-m+dp/hard\libc_nano.a(libc_a-freer.o)
 .ARM.attributes
                0x000001b0       0x32 D:/tool/cmake/cmake_zip/arm-gnu-toolchain/bin/../lib/gcc/arm-none-eabi/14.2.1/thumb/v7e-m+dp/hard\libc_nano.a(libc_a-mallocr.o)
 .ARM.attributes
                0x000001e2       0x32 D:/tool/cmake/cmake_zip/arm-gnu-toolchain/bin/../lib/gcc/arm-none-eabi/14.2.1/thumb/v7e-m+dp/hard\libc_nano.a(libc_a-mlock.o)
 .ARM.attributes
                0x00000214       0x32 D:/tool/cmake/cmake_zip/arm-gnu-toolchain/bin/../lib/gcc/arm-none-eabi/14.2.1/thumb/v7e-m+dp/hard\libc_nano.a(libc_a-sbrkr.o)
 .ARM.attributes
                0x00000246       0x32 CMakeFiles/TEST_ADC_1.dir/Core/Src/main.c.obj
 .ARM.attributes
                0x00000278       0x32 CMakeFiles/TEST_ADC_1.dir/Core/Src/stm32h7xx_it.c.obj
 .ARM.attributes
                0x000002aa       0x32 CMakeFiles/TEST_ADC_1.dir/Core/Src/stm32h7xx_hal_msp.c.obj
 .ARM.attributes
                0x000002dc       0x32 CMakeFiles/TEST_ADC_1.dir/Drivers/STM32H7xx_HAL_Driver/Src/stm32h7xx_hal_adc.c.obj
 .ARM.attributes
                0x0000030e       0x32 CMakeFiles/TEST_ADC_1.dir/Drivers/STM32H7xx_HAL_Driver/Src/stm32h7xx_hal_adc_ex.c.obj
 .ARM.attributes
                0x00000340       0x32 CMakeFiles/TEST_ADC_1.dir/Drivers/STM32H7xx_HAL_Driver/Src/stm32h7xx_hal_rcc.c.obj
 .ARM.attributes
                0x00000372       0x32 CMakeFiles/TEST_ADC_1.dir/Drivers/STM32H7xx_HAL_Driver/Src/stm32h7xx_hal_rcc_ex.c.obj
 .ARM.attributes
                0x000003a4       0x32 CMakeFiles/TEST_ADC_1.dir/Drivers/STM32H7xx_HAL_Driver/Src/stm32h7xx_hal_gpio.c.obj
 .ARM.attributes
                0x000003d6       0x32 CMakeFiles/TEST_ADC_1.dir/Drivers/STM32H7xx_HAL_Driver/Src/stm32h7xx_hal_pwr_ex.c.obj
 .ARM.attributes
                0x00000408       0x32 CMakeFiles/TEST_ADC_1.dir/Drivers/STM32H7xx_HAL_Driver/Src/stm32h7xx_hal_cortex.c.obj
 .ARM.attributes
                0x0000043a       0x32 CMakeFiles/TEST_ADC_1.dir/Drivers/STM32H7xx_HAL_Driver/Src/stm32h7xx_hal.c.obj
 .ARM.attributes
                0x0000046c       0x32 CMakeFiles/TEST_ADC_1.dir/Drivers/STM32H7xx_HAL_Driver/Src/stm32h7xx_hal_i2c.c.obj
 .ARM.attributes
                0x0000049e       0x32 CMakeFiles/TEST_ADC_1.dir/Drivers/STM32H7xx_HAL_Driver/Src/stm32h7xx_hal_i2c_ex.c.obj
 .ARM.attributes
                0x000004d0       0x32 CMakeFiles/TEST_ADC_1.dir/Drivers/STM32H7xx_HAL_Driver/Src/stm32h7xx_hal_uart.c.obj
 .ARM.attributes
                0x00000502       0x32 CMakeFiles/TEST_ADC_1.dir/Drivers/STM32H7xx_HAL_Driver/Src/stm32h7xx_hal_uart_ex.c.obj
 .ARM.attributes
                0x00000534       0x32 CMakeFiles/TEST_ADC_1.dir/Core/Src/system_stm32h7xx.c.obj
 .ARM.attributes
                0x00000566       0x32 CMakeFiles/TEST_ADC_1.dir/Core/Src/sysmem.c.obj
 .ARM.attributes
                0x00000598       0x21 CMakeFiles/TEST_ADC_1.dir/startup_stm32h750xx.s.obj
 .ARM.attributes
                0x000005b9       0x20 D:/tool/cmake/cmake_zip/arm-gnu-toolchain/bin/../lib/gcc/arm-none-eabi/14.2.1/thumb/v7e-m+dp/hard\libgcc.a(_aeabi_uldivmod.o)
 .ARM.attributes
                0x000005d9       0x32 D:/tool/cmake/cmake_zip/arm-gnu-toolchain/bin/../lib/gcc/arm-none-eabi/14.2.1/thumb/v7e-m+dp/hard\libgcc.a(_udivmoddi4.o)
 .ARM.attributes
                0x0000060b       0x20 D:/tool/cmake/cmake_zip/arm-gnu-toolchain/bin/../lib/gcc/arm-none-eabi/14.2.1/thumb/v7e-m+dp/hard\libgcc.a(_dvmd_tls.o)
 .ARM.attributes
                0x0000062b       0x32 D:/tool/cmake/cmake_zip/arm-gnu-toolchain/bin/../lib/gcc/arm-none-eabi/14.2.1/thumb/v7e-m+dp/hard\libg_nano.a(libc_a-sprintf.o)
 .ARM.attributes
                0x0000065d       0x32 D:/tool/cmake/cmake_zip/arm-gnu-toolchain/bin/../lib/gcc/arm-none-eabi/14.2.1/thumb/v7e-m+dp/hard\libg_nano.a(libc_a-errno.o)
 .ARM.attributes
                0x0000068f       0x17 D:/tool/cmake/cmake_zip/arm-gnu-toolchain/bin/../lib/gcc/arm-none-eabi/14.2.1/thumb/v7e-m+dp/hard\libg_nano.a(libc_a-strlen.o)
 .ARM.attributes
                0x000006a6       0x32 D:/tool/cmake/cmake_zip/arm-gnu-toolchain/bin/../lib/gcc/arm-none-eabi/14.2.1/thumb/v7e-m+dp/hard\libg_nano.a(libc_a-nano-svfprintf.o)
 .ARM.attributes
                0x000006d8       0x32 D:/tool/cmake/cmake_zip/arm-gnu-toolchain/bin/../lib/gcc/arm-none-eabi/14.2.1/thumb/v7e-m+dp/hard\libg_nano.a(libc_a-nano-vfprintf_i.o)
 .ARM.attributes
                0x0000070a       0x32 D:/tool/cmake/cmake_zip/arm-gnu-toolchain/bin/../lib/gcc/arm-none-eabi/14.2.1/thumb/v7e-m+dp/hard\libg_nano.a(libc_a-memmove.o)
 .ARM.attributes
                0x0000073c       0x1c D:/tool/cmake/cmake_zip/arm-gnu-toolchain/bin/../lib/gcc/arm-none-eabi/14.2.1/thumb/v7e-m+dp/hard\libg_nano.a(libc_a-memchr.o)
 .ARM.attributes
                0x00000758       0x32 D:/tool/cmake/cmake_zip/arm-gnu-toolchain/bin/../lib/gcc/arm-none-eabi/14.2.1/thumb/v7e-m+dp/hard\libg_nano.a(libc_a-memcpy-stub.o)
 .ARM.attributes
                0x0000078a       0x32 D:/tool/cmake/cmake_zip/arm-gnu-toolchain/bin/../lib/gcc/arm-none-eabi/14.2.1/thumb/v7e-m+dp/hard\libg_nano.a(libc_a-reallocr.o)
 .ARM.attributes
                0x000007bc       0x32 D:/tool/cmake/cmake_zip/arm-gnu-toolchain/bin/../lib/gcc/arm-none-eabi/14.2.1/thumb/v7e-m+dp/hard\libg_nano.a(libc_a-msizer.o)
 .ARM.attributes
                0x000007ee       0x32 D:/tool/cmake/cmake_zip/arm-gnu-toolchain/bin/../lib/gcc/arm-none-eabi/14.2.1/thumb/v7e-m+dp/hard/crtend.o
 .ARM.attributes
                0x00000820       0x20 D:/tool/cmake/cmake_zip/arm-gnu-toolchain/bin/../lib/gcc/arm-none-eabi/14.2.1/thumb/v7e-m+dp/hard/crtn.o

.comment        0x00000000       0x45
 .comment       0x00000000       0x45 CMakeFiles/TEST_ADC_1.dir/Core/Src/main.c.obj
                                 0x46 (size before relaxing)
 .comment       0x00000045       0x46 CMakeFiles/TEST_ADC_1.dir/Core/Src/stm32h7xx_it.c.obj
 .comment       0x00000045       0x46 CMakeFiles/TEST_ADC_1.dir/Core/Src/stm32h7xx_hal_msp.c.obj
 .comment       0x00000045       0x46 CMakeFiles/TEST_ADC_1.dir/Drivers/STM32H7xx_HAL_Driver/Src/stm32h7xx_hal_adc.c.obj
 .comment       0x00000045       0x46 CMakeFiles/TEST_ADC_1.dir/Drivers/STM32H7xx_HAL_Driver/Src/stm32h7xx_hal_adc_ex.c.obj
 .comment       0x00000045       0x46 CMakeFiles/TEST_ADC_1.dir/Drivers/STM32H7xx_HAL_Driver/Src/stm32h7xx_hal_rcc.c.obj
 .comment       0x00000045       0x46 CMakeFiles/TEST_ADC_1.dir/Drivers/STM32H7xx_HAL_Driver/Src/stm32h7xx_hal_rcc_ex.c.obj
 .comment       0x00000045       0x46 CMakeFiles/TEST_ADC_1.dir/Drivers/STM32H7xx_HAL_Driver/Src/stm32h7xx_hal_gpio.c.obj
 .comment       0x00000045       0x46 CMakeFiles/TEST_ADC_1.dir/Drivers/STM32H7xx_HAL_Driver/Src/stm32h7xx_hal_pwr_ex.c.obj
 .comment       0x00000045       0x46 CMakeFiles/TEST_ADC_1.dir/Drivers/STM32H7xx_HAL_Driver/Src/stm32h7xx_hal_cortex.c.obj
 .comment       0x00000045       0x46 CMakeFiles/TEST_ADC_1.dir/Drivers/STM32H7xx_HAL_Driver/Src/stm32h7xx_hal.c.obj
 .comment       0x00000045       0x46 CMakeFiles/TEST_ADC_1.dir/Drivers/STM32H7xx_HAL_Driver/Src/stm32h7xx_hal_i2c.c.obj
 .comment       0x00000045       0x46 CMakeFiles/TEST_ADC_1.dir/Drivers/STM32H7xx_HAL_Driver/Src/stm32h7xx_hal_i2c_ex.c.obj
 .comment       0x00000045       0x46 CMakeFiles/TEST_ADC_1.dir/Drivers/STM32H7xx_HAL_Driver/Src/stm32h7xx_hal_uart.c.obj
 .comment       0x00000045       0x46 CMakeFiles/TEST_ADC_1.dir/Drivers/STM32H7xx_HAL_Driver/Src/stm32h7xx_hal_uart_ex.c.obj
 .comment       0x00000045       0x46 CMakeFiles/TEST_ADC_1.dir/Core/Src/system_stm32h7xx.c.obj
 .comment       0x00000045       0x46 CMakeFiles/TEST_ADC_1.dir/Core/Src/sysmem.c.obj

.debug_frame    0x00000000     0x5040
 .debug_frame   0x00000000      0x144 D:/tool/cmake/cmake_zip/arm-gnu-toolchain/bin/../lib/gcc/arm-none-eabi/14.2.1/thumb/v7e-m+dp/hard\libc_nano.a(libc_a-findfp.o)
 .debug_frame   0x00000144       0x20 D:/tool/cmake/cmake_zip/arm-gnu-toolchain/bin/../lib/gcc/arm-none-eabi/14.2.1/thumb/v7e-m+dp/hard\libc_nano.a(libc_a-memset.o)
 .debug_frame   0x00000164       0x38 D:/tool/cmake/cmake_zip/arm-gnu-toolchain/bin/../lib/gcc/arm-none-eabi/14.2.1/thumb/v7e-m+dp/hard\libc_nano.a(libc_a-reent.o)
 .debug_frame   0x0000019c       0x2c D:/tool/cmake/cmake_zip/arm-gnu-toolchain/bin/../lib/gcc/arm-none-eabi/14.2.1/thumb/v7e-m+dp/hard\libc_nano.a(libc_a-init.o)
 .debug_frame   0x000001c8       0xb0 D:/tool/cmake/cmake_zip/arm-gnu-toolchain/bin/../lib/gcc/arm-none-eabi/14.2.1/thumb/v7e-m+dp/hard\libc_nano.a(libc_a-lock.o)
 .debug_frame   0x00000278       0x38 D:/tool/cmake/cmake_zip/arm-gnu-toolchain/bin/../lib/gcc/arm-none-eabi/14.2.1/thumb/v7e-m+dp/hard\libc_nano.a(libc_a-freer.o)
 .debug_frame   0x000002b0       0x50 D:/tool/cmake/cmake_zip/arm-gnu-toolchain/bin/../lib/gcc/arm-none-eabi/14.2.1/thumb/v7e-m+dp/hard\libc_nano.a(libc_a-mallocr.o)
 .debug_frame   0x00000300       0x30 D:/tool/cmake/cmake_zip/arm-gnu-toolchain/bin/../lib/gcc/arm-none-eabi/14.2.1/thumb/v7e-m+dp/hard\libc_nano.a(libc_a-mlock.o)
 .debug_frame   0x00000330       0x2c D:/tool/cmake/cmake_zip/arm-gnu-toolchain/bin/../lib/gcc/arm-none-eabi/14.2.1/thumb/v7e-m+dp/hard\libc_nano.a(libc_a-sbrkr.o)
 .debug_frame   0x0000035c      0x114 CMakeFiles/TEST_ADC_1.dir/Core/Src/main.c.obj
 .debug_frame   0x00000470      0x104 CMakeFiles/TEST_ADC_1.dir/Core/Src/stm32h7xx_it.c.obj
 .debug_frame   0x00000574      0x11c CMakeFiles/TEST_ADC_1.dir/Core/Src/stm32h7xx_hal_msp.c.obj
 .debug_frame   0x00000690      0xa50 CMakeFiles/TEST_ADC_1.dir/Drivers/STM32H7xx_HAL_Driver/Src/stm32h7xx_hal_adc.c.obj
 .debug_frame   0x000010e0      0x8b4 CMakeFiles/TEST_ADC_1.dir/Drivers/STM32H7xx_HAL_Driver/Src/stm32h7xx_hal_adc_ex.c.obj
 .debug_frame   0x00001994      0x1f8 CMakeFiles/TEST_ADC_1.dir/Drivers/STM32H7xx_HAL_Driver/Src/stm32h7xx_hal_rcc.c.obj
 .debug_frame   0x00001b8c      0x414 CMakeFiles/TEST_ADC_1.dir/Drivers/STM32H7xx_HAL_Driver/Src/stm32h7xx_hal_rcc_ex.c.obj
 .debug_frame   0x00001fa0      0x14c CMakeFiles/TEST_ADC_1.dir/Drivers/STM32H7xx_HAL_Driver/Src/stm32h7xx_hal_gpio.c.obj
 .debug_frame   0x000020ec      0x580 CMakeFiles/TEST_ADC_1.dir/Drivers/STM32H7xx_HAL_Driver/Src/stm32h7xx_hal_pwr_ex.c.obj
 .debug_frame   0x0000266c      0x508 CMakeFiles/TEST_ADC_1.dir/Drivers/STM32H7xx_HAL_Driver/Src/stm32h7xx_hal_cortex.c.obj
 .debug_frame   0x00002b74      0x690 CMakeFiles/TEST_ADC_1.dir/Drivers/STM32H7xx_HAL_Driver/Src/stm32h7xx_hal.c.obj
 .debug_frame   0x00003204      0xc40 CMakeFiles/TEST_ADC_1.dir/Drivers/STM32H7xx_HAL_Driver/Src/stm32h7xx_hal_i2c.c.obj
 .debug_frame   0x00003e44      0x100 CMakeFiles/TEST_ADC_1.dir/Drivers/STM32H7xx_HAL_Driver/Src/stm32h7xx_hal_i2c_ex.c.obj
 .debug_frame   0x00003f44      0xa94 CMakeFiles/TEST_ADC_1.dir/Drivers/STM32H7xx_HAL_Driver/Src/stm32h7xx_hal_uart.c.obj
 .debug_frame   0x000049d8      0x2c0 CMakeFiles/TEST_ADC_1.dir/Drivers/STM32H7xx_HAL_Driver/Src/stm32h7xx_hal_uart_ex.c.obj
 .debug_frame   0x00004c98       0x78 CMakeFiles/TEST_ADC_1.dir/Core/Src/system_stm32h7xx.c.obj
 .debug_frame   0x00004d10       0x34 CMakeFiles/TEST_ADC_1.dir/Core/Src/sysmem.c.obj
 .debug_frame   0x00004d44       0x2c D:/tool/cmake/cmake_zip/arm-gnu-toolchain/bin/../lib/gcc/arm-none-eabi/14.2.1/thumb/v7e-m+dp/hard\libgcc.a(_aeabi_uldivmod.o)
 .debug_frame   0x00004d70       0x34 D:/tool/cmake/cmake_zip/arm-gnu-toolchain/bin/../lib/gcc/arm-none-eabi/14.2.1/thumb/v7e-m+dp/hard\libgcc.a(_udivmoddi4.o)
 .debug_frame   0x00004da4       0x74 D:/tool/cmake/cmake_zip/arm-gnu-toolchain/bin/../lib/gcc/arm-none-eabi/14.2.1/thumb/v7e-m+dp/hard\libg_nano.a(libc_a-sprintf.o)
 .debug_frame   0x00004e18       0x20 D:/tool/cmake/cmake_zip/arm-gnu-toolchain/bin/../lib/gcc/arm-none-eabi/14.2.1/thumb/v7e-m+dp/hard\libg_nano.a(libc_a-errno.o)
 .debug_frame   0x00004e38       0x20 D:/tool/cmake/cmake_zip/arm-gnu-toolchain/bin/../lib/gcc/arm-none-eabi/14.2.1/thumb/v7e-m+dp/hard\libg_nano.a(libc_a-strlen.o)
 .debug_frame   0x00004e58       0x90 D:/tool/cmake/cmake_zip/arm-gnu-toolchain/bin/../lib/gcc/arm-none-eabi/14.2.1/thumb/v7e-m+dp/hard\libg_nano.a(libc_a-nano-svfprintf.o)
 .debug_frame   0x00004ee8       0x60 D:/tool/cmake/cmake_zip/arm-gnu-toolchain/bin/../lib/gcc/arm-none-eabi/14.2.1/thumb/v7e-m+dp/hard\libg_nano.a(libc_a-nano-vfprintf_i.o)
 .debug_frame   0x00004f48       0x28 D:/tool/cmake/cmake_zip/arm-gnu-toolchain/bin/../lib/gcc/arm-none-eabi/14.2.1/thumb/v7e-m+dp/hard\libg_nano.a(libc_a-memmove.o)
 .debug_frame   0x00004f70       0x4c D:/tool/cmake/cmake_zip/arm-gnu-toolchain/bin/../lib/gcc/arm-none-eabi/14.2.1/thumb/v7e-m+dp/hard\libg_nano.a(libc_a-memchr.o)
 .debug_frame   0x00004fbc       0x28 D:/tool/cmake/cmake_zip/arm-gnu-toolchain/bin/../lib/gcc/arm-none-eabi/14.2.1/thumb/v7e-m+dp/hard\libg_nano.a(libc_a-memcpy-stub.o)
 .debug_frame   0x00004fe4       0x3c D:/tool/cmake/cmake_zip/arm-gnu-toolchain/bin/../lib/gcc/arm-none-eabi/14.2.1/thumb/v7e-m+dp/hard\libg_nano.a(libc_a-reallocr.o)
 .debug_frame   0x00005020       0x20 D:/tool/cmake/cmake_zip/arm-gnu-toolchain/bin/../lib/gcc/arm-none-eabi/14.2.1/thumb/v7e-m+dp/hard\libg_nano.a(libc_a-msizer.o)

.debug_info     0x00000000    0x17066
 .debug_info    0x00000000     0x1ce4 CMakeFiles/TEST_ADC_1.dir/Core/Src/main.c.obj
 .debug_info    0x00001ce4      0x128 CMakeFiles/TEST_ADC_1.dir/Core/Src/stm32h7xx_it.c.obj
 .debug_info    0x00001e0c     0x18c9 CMakeFiles/TEST_ADC_1.dir/Core/Src/stm32h7xx_hal_msp.c.obj
 .debug_info    0x000036d5     0x1d85 CMakeFiles/TEST_ADC_1.dir/Drivers/STM32H7xx_HAL_Driver/Src/stm32h7xx_hal_adc.c.obj
 .debug_info    0x0000545a     0x1ea6 CMakeFiles/TEST_ADC_1.dir/Drivers/STM32H7xx_HAL_Driver/Src/stm32h7xx_hal_adc_ex.c.obj
 .debug_info    0x00007300      0xe6a CMakeFiles/TEST_ADC_1.dir/Drivers/STM32H7xx_HAL_Driver/Src/stm32h7xx_hal_rcc.c.obj
 .debug_info    0x0000816a     0x1225 CMakeFiles/TEST_ADC_1.dir/Drivers/STM32H7xx_HAL_Driver/Src/stm32h7xx_hal_rcc_ex.c.obj
 .debug_info    0x0000938f      0xc5a CMakeFiles/TEST_ADC_1.dir/Drivers/STM32H7xx_HAL_Driver/Src/stm32h7xx_hal_gpio.c.obj
 .debug_info    0x00009fe9     0x1012 CMakeFiles/TEST_ADC_1.dir/Drivers/STM32H7xx_HAL_Driver/Src/stm32h7xx_hal_pwr_ex.c.obj
 .debug_info    0x0000affb     0x10b7 CMakeFiles/TEST_ADC_1.dir/Drivers/STM32H7xx_HAL_Driver/Src/stm32h7xx_hal_cortex.c.obj
 .debug_info    0x0000c0b2     0x1541 CMakeFiles/TEST_ADC_1.dir/Drivers/STM32H7xx_HAL_Driver/Src/stm32h7xx_hal.c.obj
 .debug_info    0x0000d5f3     0x22c9 CMakeFiles/TEST_ADC_1.dir/Drivers/STM32H7xx_HAL_Driver/Src/stm32h7xx_hal_i2c.c.obj
 .debug_info    0x0000f8bc      0xd84 CMakeFiles/TEST_ADC_1.dir/Drivers/STM32H7xx_HAL_Driver/Src/stm32h7xx_hal_i2c_ex.c.obj
 .debug_info    0x00010640     0x4b1d CMakeFiles/TEST_ADC_1.dir/Drivers/STM32H7xx_HAL_Driver/Src/stm32h7xx_hal_uart.c.obj
 .debug_info    0x0001515d      0xfbf CMakeFiles/TEST_ADC_1.dir/Drivers/STM32H7xx_HAL_Driver/Src/stm32h7xx_hal_uart_ex.c.obj
 .debug_info    0x0001611c      0xdb2 CMakeFiles/TEST_ADC_1.dir/Core/Src/system_stm32h7xx.c.obj
 .debug_info    0x00016ece      0x168 CMakeFiles/TEST_ADC_1.dir/Core/Src/sysmem.c.obj
 .debug_info    0x00017036       0x30 CMakeFiles/TEST_ADC_1.dir/startup_stm32h750xx.s.obj

.debug_abbrev   0x00000000     0x27f5
 .debug_abbrev  0x00000000      0x2f8 CMakeFiles/TEST_ADC_1.dir/Core/Src/main.c.obj
 .debug_abbrev  0x000002f8       0x73 CMakeFiles/TEST_ADC_1.dir/Core/Src/stm32h7xx_it.c.obj
 .debug_abbrev  0x0000036b      0x24e CMakeFiles/TEST_ADC_1.dir/Core/Src/stm32h7xx_hal_msp.c.obj
 .debug_abbrev  0x000005b9      0x2d1 CMakeFiles/TEST_ADC_1.dir/Drivers/STM32H7xx_HAL_Driver/Src/stm32h7xx_hal_adc.c.obj
 .debug_abbrev  0x0000088a      0x31a CMakeFiles/TEST_ADC_1.dir/Drivers/STM32H7xx_HAL_Driver/Src/stm32h7xx_hal_adc_ex.c.obj
 .debug_abbrev  0x00000ba4      0x2c8 CMakeFiles/TEST_ADC_1.dir/Drivers/STM32H7xx_HAL_Driver/Src/stm32h7xx_hal_rcc.c.obj
 .debug_abbrev  0x00000e6c      0x269 CMakeFiles/TEST_ADC_1.dir/Drivers/STM32H7xx_HAL_Driver/Src/stm32h7xx_hal_rcc_ex.c.obj
 .debug_abbrev  0x000010d5      0x205 CMakeFiles/TEST_ADC_1.dir/Drivers/STM32H7xx_HAL_Driver/Src/stm32h7xx_hal_gpio.c.obj
 .debug_abbrev  0x000012da      0x2a7 CMakeFiles/TEST_ADC_1.dir/Drivers/STM32H7xx_HAL_Driver/Src/stm32h7xx_hal_pwr_ex.c.obj
 .debug_abbrev  0x00001581      0x339 CMakeFiles/TEST_ADC_1.dir/Drivers/STM32H7xx_HAL_Driver/Src/stm32h7xx_hal_cortex.c.obj
 .debug_abbrev  0x000018ba      0x295 CMakeFiles/TEST_ADC_1.dir/Drivers/STM32H7xx_HAL_Driver/Src/stm32h7xx_hal.c.obj
 .debug_abbrev  0x00001b4f      0x25d CMakeFiles/TEST_ADC_1.dir/Drivers/STM32H7xx_HAL_Driver/Src/stm32h7xx_hal_i2c.c.obj
 .debug_abbrev  0x00001dac      0x1f5 CMakeFiles/TEST_ADC_1.dir/Drivers/STM32H7xx_HAL_Driver/Src/stm32h7xx_hal_i2c_ex.c.obj
 .debug_abbrev  0x00001fa1      0x33d CMakeFiles/TEST_ADC_1.dir/Drivers/STM32H7xx_HAL_Driver/Src/stm32h7xx_hal_uart.c.obj
 .debug_abbrev  0x000022de      0x2d2 CMakeFiles/TEST_ADC_1.dir/Drivers/STM32H7xx_HAL_Driver/Src/stm32h7xx_hal_uart_ex.c.obj
 .debug_abbrev  0x000025b0      0x165 CMakeFiles/TEST_ADC_1.dir/Core/Src/system_stm32h7xx.c.obj
 .debug_abbrev  0x00002715       0xbc CMakeFiles/TEST_ADC_1.dir/Core/Src/sysmem.c.obj
 .debug_abbrev  0x000027d1       0x24 CMakeFiles/TEST_ADC_1.dir/startup_stm32h750xx.s.obj

.debug_aranges  0x00000000     0x1160
 .debug_aranges
                0x00000000       0x58 CMakeFiles/TEST_ADC_1.dir/Core/Src/main.c.obj
 .debug_aranges
                0x00000058       0x60 CMakeFiles/TEST_ADC_1.dir/Core/Src/stm32h7xx_it.c.obj
 .debug_aranges
                0x000000b8       0x50 CMakeFiles/TEST_ADC_1.dir/Core/Src/stm32h7xx_hal_msp.c.obj
 .debug_aranges
                0x00000108      0x230 CMakeFiles/TEST_ADC_1.dir/Drivers/STM32H7xx_HAL_Driver/Src/stm32h7xx_hal_adc.c.obj
 .debug_aranges
                0x00000338      0x1e0 CMakeFiles/TEST_ADC_1.dir/Drivers/STM32H7xx_HAL_Driver/Src/stm32h7xx_hal_adc_ex.c.obj
 .debug_aranges
                0x00000518       0x88 CMakeFiles/TEST_ADC_1.dir/Drivers/STM32H7xx_HAL_Driver/Src/stm32h7xx_hal_rcc.c.obj
 .debug_aranges
                0x000005a0       0xf8 CMakeFiles/TEST_ADC_1.dir/Drivers/STM32H7xx_HAL_Driver/Src/stm32h7xx_hal_rcc_ex.c.obj
 .debug_aranges
                0x00000698       0x58 CMakeFiles/TEST_ADC_1.dir/Drivers/STM32H7xx_HAL_Driver/Src/stm32h7xx_hal_gpio.c.obj
 .debug_aranges
                0x000006f0      0x158 CMakeFiles/TEST_ADC_1.dir/Drivers/STM32H7xx_HAL_Driver/Src/stm32h7xx_hal_pwr_ex.c.obj
 .debug_aranges
                0x00000848      0x130 CMakeFiles/TEST_ADC_1.dir/Drivers/STM32H7xx_HAL_Driver/Src/stm32h7xx_hal_cortex.c.obj
 .debug_aranges
                0x00000978      0x198 CMakeFiles/TEST_ADC_1.dir/Drivers/STM32H7xx_HAL_Driver/Src/stm32h7xx_hal.c.obj
 .debug_aranges
                0x00000b10      0x2a0 CMakeFiles/TEST_ADC_1.dir/Drivers/STM32H7xx_HAL_Driver/Src/stm32h7xx_hal_i2c.c.obj
 .debug_aranges
                0x00000db0       0x48 CMakeFiles/TEST_ADC_1.dir/Drivers/STM32H7xx_HAL_Driver/Src/stm32h7xx_hal_i2c_ex.c.obj
 .debug_aranges
                0x00000df8      0x248 CMakeFiles/TEST_ADC_1.dir/Drivers/STM32H7xx_HAL_Driver/Src/stm32h7xx_hal_uart.c.obj
 .debug_aranges
                0x00001040       0xa8 CMakeFiles/TEST_ADC_1.dir/Drivers/STM32H7xx_HAL_Driver/Src/stm32h7xx_hal_uart_ex.c.obj
 .debug_aranges
                0x000010e8       0x30 CMakeFiles/TEST_ADC_1.dir/Core/Src/system_stm32h7xx.c.obj
 .debug_aranges
                0x00001118       0x20 CMakeFiles/TEST_ADC_1.dir/Core/Src/sysmem.c.obj
 .debug_aranges
                0x00001138       0x28 CMakeFiles/TEST_ADC_1.dir/startup_stm32h750xx.s.obj

.debug_rnglists
                0x00000000      0xd83
 .debug_rnglists
                0x00000000       0x42 CMakeFiles/TEST_ADC_1.dir/Core/Src/main.c.obj
 .debug_rnglists
                0x00000042       0x43 CMakeFiles/TEST_ADC_1.dir/Core/Src/stm32h7xx_it.c.obj
 .debug_rnglists
                0x00000085       0x3a CMakeFiles/TEST_ADC_1.dir/Core/Src/stm32h7xx_hal_msp.c.obj
 .debug_rnglists
                0x000000bf      0x1af CMakeFiles/TEST_ADC_1.dir/Drivers/STM32H7xx_HAL_Driver/Src/stm32h7xx_hal_adc.c.obj
 .debug_rnglists
                0x0000026e      0x175 CMakeFiles/TEST_ADC_1.dir/Drivers/STM32H7xx_HAL_Driver/Src/stm32h7xx_hal_adc_ex.c.obj
 .debug_rnglists
                0x000003e3       0x68 CMakeFiles/TEST_ADC_1.dir/Drivers/STM32H7xx_HAL_Driver/Src/stm32h7xx_hal_rcc.c.obj
 .debug_rnglists
                0x0000044b       0xc0 CMakeFiles/TEST_ADC_1.dir/Drivers/STM32H7xx_HAL_Driver/Src/stm32h7xx_hal_rcc_ex.c.obj
 .debug_rnglists
                0x0000050b       0x3f CMakeFiles/TEST_ADC_1.dir/Drivers/STM32H7xx_HAL_Driver/Src/stm32h7xx_hal_gpio.c.obj
 .debug_rnglists
                0x0000054a      0x103 CMakeFiles/TEST_ADC_1.dir/Drivers/STM32H7xx_HAL_Driver/Src/stm32h7xx_hal_pwr_ex.c.obj
 .debug_rnglists
                0x0000064d       0xe0 CMakeFiles/TEST_ADC_1.dir/Drivers/STM32H7xx_HAL_Driver/Src/stm32h7xx_hal_cortex.c.obj
 .debug_rnglists
                0x0000072d      0x131 CMakeFiles/TEST_ADC_1.dir/Drivers/STM32H7xx_HAL_Driver/Src/stm32h7xx_hal.c.obj
 .debug_rnglists
                0x0000085e      0x22a CMakeFiles/TEST_ADC_1.dir/Drivers/STM32H7xx_HAL_Driver/Src/stm32h7xx_hal_i2c.c.obj
 .debug_rnglists
                0x00000a88       0x35 CMakeFiles/TEST_ADC_1.dir/Drivers/STM32H7xx_HAL_Driver/Src/stm32h7xx_hal_i2c_ex.c.obj
 .debug_rnglists
                0x00000abd      0x1fa CMakeFiles/TEST_ADC_1.dir/Drivers/STM32H7xx_HAL_Driver/Src/stm32h7xx_hal_uart.c.obj
 .debug_rnglists
                0x00000cb7       0x7f CMakeFiles/TEST_ADC_1.dir/Drivers/STM32H7xx_HAL_Driver/Src/stm32h7xx_hal_uart_ex.c.obj
 .debug_rnglists
                0x00000d36       0x21 CMakeFiles/TEST_ADC_1.dir/Core/Src/system_stm32h7xx.c.obj
 .debug_rnglists
                0x00000d57       0x13 CMakeFiles/TEST_ADC_1.dir/Core/Src/sysmem.c.obj
 .debug_rnglists
                0x00000d6a       0x19 CMakeFiles/TEST_ADC_1.dir/startup_stm32h750xx.s.obj

.debug_macro    0x00000000    0x38b7f
 .debug_macro   0x00000000      0x311 CMakeFiles/TEST_ADC_1.dir/Core/Src/main.c.obj
 .debug_macro   0x00000311      0xaf6 CMakeFiles/TEST_ADC_1.dir/Core/Src/main.c.obj
 .debug_macro   0x00000e07      0x238 CMakeFiles/TEST_ADC_1.dir/Core/Src/main.c.obj
 .debug_macro   0x0000103f       0x2e CMakeFiles/TEST_ADC_1.dir/Core/Src/main.c.obj
 .debug_macro   0x0000106d       0x3b CMakeFiles/TEST_ADC_1.dir/Core/Src/main.c.obj
 .debug_macro   0x000010a8       0x22 CMakeFiles/TEST_ADC_1.dir/Core/Src/main.c.obj
 .debug_macro   0x000010ca       0x8e CMakeFiles/TEST_ADC_1.dir/Core/Src/main.c.obj
 .debug_macro   0x00001158       0x51 CMakeFiles/TEST_ADC_1.dir/Core/Src/main.c.obj
 .debug_macro   0x000011a9      0x103 CMakeFiles/TEST_ADC_1.dir/Core/Src/main.c.obj
 .debug_macro   0x000012ac       0x6a CMakeFiles/TEST_ADC_1.dir/Core/Src/main.c.obj
 .debug_macro   0x00001316      0x1df CMakeFiles/TEST_ADC_1.dir/Core/Src/main.c.obj
 .debug_macro   0x000014f5       0x1c CMakeFiles/TEST_ADC_1.dir/Core/Src/main.c.obj
 .debug_macro   0x00001511       0x22 CMakeFiles/TEST_ADC_1.dir/Core/Src/main.c.obj
 .debug_macro   0x00001533       0xfb CMakeFiles/TEST_ADC_1.dir/Core/Src/main.c.obj
 .debug_macro   0x0000162e     0x1305 CMakeFiles/TEST_ADC_1.dir/Core/Src/main.c.obj
 .debug_macro   0x00002933      0x11f CMakeFiles/TEST_ADC_1.dir/Core/Src/main.c.obj
 .debug_macro   0x00002a52       0x27 CMakeFiles/TEST_ADC_1.dir/Core/Src/main.c.obj
 .debug_macro   0x00002a79    0x26197 CMakeFiles/TEST_ADC_1.dir/Core/Src/main.c.obj
 .debug_macro   0x00028c10       0x6d CMakeFiles/TEST_ADC_1.dir/Core/Src/main.c.obj
 .debug_macro   0x00028c7d     0x3d79 CMakeFiles/TEST_ADC_1.dir/Core/Src/main.c.obj
 .debug_macro   0x0002c9f6      0x190 CMakeFiles/TEST_ADC_1.dir/Core/Src/main.c.obj
 .debug_macro   0x0002cb86       0x7b CMakeFiles/TEST_ADC_1.dir/Core/Src/main.c.obj
 .debug_macro   0x0002cc01       0x29 CMakeFiles/TEST_ADC_1.dir/Core/Src/main.c.obj
 .debug_macro   0x0002cc2a       0x3c CMakeFiles/TEST_ADC_1.dir/Core/Src/main.c.obj
 .debug_macro   0x0002cc66       0x34 CMakeFiles/TEST_ADC_1.dir/Core/Src/main.c.obj
 .debug_macro   0x0002cc9a      0x364 CMakeFiles/TEST_ADC_1.dir/Core/Src/main.c.obj
 .debug_macro   0x0002cffe       0x16 CMakeFiles/TEST_ADC_1.dir/Core/Src/main.c.obj
 .debug_macro   0x0002d014       0x4a CMakeFiles/TEST_ADC_1.dir/Core/Src/main.c.obj
 .debug_macro   0x0002d05e       0x34 CMakeFiles/TEST_ADC_1.dir/Core/Src/main.c.obj
 .debug_macro   0x0002d092       0x10 CMakeFiles/TEST_ADC_1.dir/Core/Src/main.c.obj
 .debug_macro   0x0002d0a2       0x58 CMakeFiles/TEST_ADC_1.dir/Core/Src/main.c.obj
 .debug_macro   0x0002d0fa      0x1e5 CMakeFiles/TEST_ADC_1.dir/Core/Src/main.c.obj
 .debug_macro   0x0002d2df      0x19b CMakeFiles/TEST_ADC_1.dir/Core/Src/main.c.obj
 .debug_macro   0x0002d47a       0x5d CMakeFiles/TEST_ADC_1.dir/Core/Src/main.c.obj
 .debug_macro   0x0002d4d7     0x240e CMakeFiles/TEST_ADC_1.dir/Core/Src/main.c.obj
 .debug_macro   0x0002f8e5     0x102c CMakeFiles/TEST_ADC_1.dir/Core/Src/main.c.obj
 .debug_macro   0x00030911      0x154 CMakeFiles/TEST_ADC_1.dir/Core/Src/main.c.obj
 .debug_macro   0x00030a65      0x114 CMakeFiles/TEST_ADC_1.dir/Core/Src/main.c.obj
 .debug_macro   0x00030b79      0x3b6 CMakeFiles/TEST_ADC_1.dir/Core/Src/main.c.obj
 .debug_macro   0x00030f2f       0xac CMakeFiles/TEST_ADC_1.dir/Core/Src/main.c.obj
 .debug_macro   0x00030fdb      0x72d CMakeFiles/TEST_ADC_1.dir/Core/Src/main.c.obj
 .debug_macro   0x00031708      0x228 CMakeFiles/TEST_ADC_1.dir/Core/Src/main.c.obj
 .debug_macro   0x00031930       0x66 CMakeFiles/TEST_ADC_1.dir/Core/Src/main.c.obj
 .debug_macro   0x00031996      0x3bb CMakeFiles/TEST_ADC_1.dir/Core/Src/main.c.obj
 .debug_macro   0x00031d51      0x3e4 CMakeFiles/TEST_ADC_1.dir/Core/Src/main.c.obj
 .debug_macro   0x00032135      0x275 CMakeFiles/TEST_ADC_1.dir/Core/Src/main.c.obj
 .debug_macro   0x000323aa     0x1044 CMakeFiles/TEST_ADC_1.dir/Core/Src/main.c.obj
 .debug_macro   0x000333ee      0x6cc CMakeFiles/TEST_ADC_1.dir/Core/Src/main.c.obj
 .debug_macro   0x00033aba      0x383 CMakeFiles/TEST_ADC_1.dir/Core/Src/main.c.obj
 .debug_macro   0x00033e3d      0x3ca CMakeFiles/TEST_ADC_1.dir/Core/Src/main.c.obj
 .debug_macro   0x00034207      0x3de CMakeFiles/TEST_ADC_1.dir/Core/Src/main.c.obj
 .debug_macro   0x000345e5       0x3c CMakeFiles/TEST_ADC_1.dir/Core/Src/main.c.obj
 .debug_macro   0x00034621       0x4a CMakeFiles/TEST_ADC_1.dir/Core/Src/main.c.obj
 .debug_macro   0x0003466b      0x22c CMakeFiles/TEST_ADC_1.dir/Core/Src/main.c.obj
 .debug_macro   0x00034897       0x67 CMakeFiles/TEST_ADC_1.dir/Core/Src/main.c.obj
 .debug_macro   0x000348fe       0xa5 CMakeFiles/TEST_ADC_1.dir/Core/Src/main.c.obj
 .debug_macro   0x000349a3      0x1c4 CMakeFiles/TEST_ADC_1.dir/Core/Src/main.c.obj
 .debug_macro   0x00034b67      0x25e CMakeFiles/TEST_ADC_1.dir/Core/Src/main.c.obj
 .debug_macro   0x00034dc5       0x35 CMakeFiles/TEST_ADC_1.dir/Core/Src/main.c.obj
 .debug_macro   0x00034dfa      0x693 CMakeFiles/TEST_ADC_1.dir/Core/Src/main.c.obj
 .debug_macro   0x0003548d       0xa6 CMakeFiles/TEST_ADC_1.dir/Core/Src/main.c.obj
 .debug_macro   0x00035533      0x5ac CMakeFiles/TEST_ADC_1.dir/Core/Src/main.c.obj
 .debug_macro   0x00035adf       0x1c CMakeFiles/TEST_ADC_1.dir/Core/Src/main.c.obj
 .debug_macro   0x00035afb       0x3c CMakeFiles/TEST_ADC_1.dir/Core/Src/main.c.obj
 .debug_macro   0x00035b37       0x10 CMakeFiles/TEST_ADC_1.dir/Core/Src/main.c.obj
 .debug_macro   0x00035b47       0x1c CMakeFiles/TEST_ADC_1.dir/Core/Src/main.c.obj
 .debug_macro   0x00035b63       0x16 CMakeFiles/TEST_ADC_1.dir/Core/Src/main.c.obj
 .debug_macro   0x00035b79      0x170 CMakeFiles/TEST_ADC_1.dir/Core/Src/main.c.obj
 .debug_macro   0x00035ce9       0x16 CMakeFiles/TEST_ADC_1.dir/Core/Src/main.c.obj
 .debug_macro   0x00035cff      0x2bc CMakeFiles/TEST_ADC_1.dir/Core/Src/stm32h7xx_it.c.obj
 .debug_macro   0x00035fbb      0x2b2 CMakeFiles/TEST_ADC_1.dir/Core/Src/stm32h7xx_hal_msp.c.obj
 .debug_macro   0x0003626d      0x2cc CMakeFiles/TEST_ADC_1.dir/Drivers/STM32H7xx_HAL_Driver/Src/stm32h7xx_hal_adc.c.obj
 .debug_macro   0x00036539      0x2b4 CMakeFiles/TEST_ADC_1.dir/Drivers/STM32H7xx_HAL_Driver/Src/stm32h7xx_hal_adc_ex.c.obj
 .debug_macro   0x000367ed      0x2cc CMakeFiles/TEST_ADC_1.dir/Drivers/STM32H7xx_HAL_Driver/Src/stm32h7xx_hal_rcc.c.obj
 .debug_macro   0x00036ab9      0x2c6 CMakeFiles/TEST_ADC_1.dir/Drivers/STM32H7xx_HAL_Driver/Src/stm32h7xx_hal_rcc_ex.c.obj
 .debug_macro   0x00036d7f      0x2af CMakeFiles/TEST_ADC_1.dir/Drivers/STM32H7xx_HAL_Driver/Src/stm32h7xx_hal_gpio.c.obj
 .debug_macro   0x0003702e      0x2e1 CMakeFiles/TEST_ADC_1.dir/Drivers/STM32H7xx_HAL_Driver/Src/stm32h7xx_hal_pwr_ex.c.obj
 .debug_macro   0x0003730f      0x2a8 CMakeFiles/TEST_ADC_1.dir/Drivers/STM32H7xx_HAL_Driver/Src/stm32h7xx_hal_cortex.c.obj
 .debug_macro   0x000375b7      0x2d2 CMakeFiles/TEST_ADC_1.dir/Drivers/STM32H7xx_HAL_Driver/Src/stm32h7xx_hal.c.obj
 .debug_macro   0x00037889      0x374 CMakeFiles/TEST_ADC_1.dir/Drivers/STM32H7xx_HAL_Driver/Src/stm32h7xx_hal_i2c.c.obj
 .debug_macro   0x00037bfd      0x2a8 CMakeFiles/TEST_ADC_1.dir/Drivers/STM32H7xx_HAL_Driver/Src/stm32h7xx_hal_i2c_ex.c.obj
 .debug_macro   0x00037ea5      0x2d3 CMakeFiles/TEST_ADC_1.dir/Drivers/STM32H7xx_HAL_Driver/Src/stm32h7xx_hal_uart.c.obj
 .debug_macro   0x00038178      0x2b4 CMakeFiles/TEST_ADC_1.dir/Drivers/STM32H7xx_HAL_Driver/Src/stm32h7xx_hal_uart_ex.c.obj
 .debug_macro   0x0003842c      0x2a8 CMakeFiles/TEST_ADC_1.dir/Core/Src/system_stm32h7xx.c.obj
 .debug_macro   0x000386d4       0xff CMakeFiles/TEST_ADC_1.dir/Core/Src/sysmem.c.obj
 .debug_macro   0x000387d3       0x10 CMakeFiles/TEST_ADC_1.dir/Core/Src/sysmem.c.obj
 .debug_macro   0x000387e3       0x75 CMakeFiles/TEST_ADC_1.dir/Core/Src/sysmem.c.obj
 .debug_macro   0x00038858       0x94 CMakeFiles/TEST_ADC_1.dir/Core/Src/sysmem.c.obj
 .debug_macro   0x000388ec       0x57 CMakeFiles/TEST_ADC_1.dir/Core/Src/sysmem.c.obj
 .debug_macro   0x00038943      0x23c CMakeFiles/TEST_ADC_1.dir/Core/Src/sysmem.c.obj

.debug_line     0x00000000    0x147c8
 .debug_line    0x00000000      0x96d CMakeFiles/TEST_ADC_1.dir/Core/Src/main.c.obj
 .debug_line    0x0000096d      0x73e CMakeFiles/TEST_ADC_1.dir/Core/Src/stm32h7xx_it.c.obj
 .debug_line    0x000010ab      0x7c6 CMakeFiles/TEST_ADC_1.dir/Core/Src/stm32h7xx_hal_msp.c.obj
 .debug_line    0x00001871     0x2134 CMakeFiles/TEST_ADC_1.dir/Drivers/STM32H7xx_HAL_Driver/Src/stm32h7xx_hal_adc.c.obj
 .debug_line    0x000039a5     0x1d01 CMakeFiles/TEST_ADC_1.dir/Drivers/STM32H7xx_HAL_Driver/Src/stm32h7xx_hal_adc_ex.c.obj
 .debug_line    0x000056a6     0x130e CMakeFiles/TEST_ADC_1.dir/Drivers/STM32H7xx_HAL_Driver/Src/stm32h7xx_hal_rcc.c.obj
 .debug_line    0x000069b4     0x1c1a CMakeFiles/TEST_ADC_1.dir/Drivers/STM32H7xx_HAL_Driver/Src/stm32h7xx_hal_rcc_ex.c.obj
 .debug_line    0x000085ce      0xaf0 CMakeFiles/TEST_ADC_1.dir/Drivers/STM32H7xx_HAL_Driver/Src/stm32h7xx_hal_gpio.c.obj
 .debug_line    0x000090be      0xdeb CMakeFiles/TEST_ADC_1.dir/Drivers/STM32H7xx_HAL_Driver/Src/stm32h7xx_hal_pwr_ex.c.obj
 .debug_line    0x00009ea9      0xc51 CMakeFiles/TEST_ADC_1.dir/Drivers/STM32H7xx_HAL_Driver/Src/stm32h7xx_hal_cortex.c.obj
 .debug_line    0x0000aafa      0xc67 CMakeFiles/TEST_ADC_1.dir/Drivers/STM32H7xx_HAL_Driver/Src/stm32h7xx_hal.c.obj
 .debug_line    0x0000b761     0x39de CMakeFiles/TEST_ADC_1.dir/Drivers/STM32H7xx_HAL_Driver/Src/stm32h7xx_hal_i2c.c.obj
 .debug_line    0x0000f13f      0x7f5 CMakeFiles/TEST_ADC_1.dir/Drivers/STM32H7xx_HAL_Driver/Src/stm32h7xx_hal_i2c_ex.c.obj
 .debug_line    0x0000f934     0x36ee CMakeFiles/TEST_ADC_1.dir/Drivers/STM32H7xx_HAL_Driver/Src/stm32h7xx_hal_uart.c.obj
 .debug_line    0x00013022      0xbfd CMakeFiles/TEST_ADC_1.dir/Drivers/STM32H7xx_HAL_Driver/Src/stm32h7xx_hal_uart_ex.c.obj
 .debug_line    0x00013c1f      0x88e CMakeFiles/TEST_ADC_1.dir/Core/Src/system_stm32h7xx.c.obj
 .debug_line    0x000144ad      0x2a0 CMakeFiles/TEST_ADC_1.dir/Core/Src/sysmem.c.obj
 .debug_line    0x0001474d       0x7b CMakeFiles/TEST_ADC_1.dir/startup_stm32h750xx.s.obj

.debug_str      0x00000000   0x16ea02
 .debug_str     0x00000000   0x16ea02 CMakeFiles/TEST_ADC_1.dir/Core/Src/main.c.obj
                             0x16934b (size before relaxing)
 .debug_str     0x0016ea02   0x1679c1 CMakeFiles/TEST_ADC_1.dir/Core/Src/stm32h7xx_it.c.obj
 .debug_str     0x0016ea02   0x168ac5 CMakeFiles/TEST_ADC_1.dir/Core/Src/stm32h7xx_hal_msp.c.obj
 .debug_str     0x0016ea02   0x168c52 CMakeFiles/TEST_ADC_1.dir/Drivers/STM32H7xx_HAL_Driver/Src/stm32h7xx_hal_adc.c.obj
 .debug_str     0x0016ea02   0x168c91 CMakeFiles/TEST_ADC_1.dir/Drivers/STM32H7xx_HAL_Driver/Src/stm32h7xx_hal_adc_ex.c.obj
 .debug_str     0x0016ea02   0x168230 CMakeFiles/TEST_ADC_1.dir/Drivers/STM32H7xx_HAL_Driver/Src/stm32h7xx_hal_rcc.c.obj
 .debug_str     0x0016ea02   0x168711 CMakeFiles/TEST_ADC_1.dir/Drivers/STM32H7xx_HAL_Driver/Src/stm32h7xx_hal_rcc_ex.c.obj
 .debug_str     0x0016ea02   0x167e4c CMakeFiles/TEST_ADC_1.dir/Drivers/STM32H7xx_HAL_Driver/Src/stm32h7xx_hal_gpio.c.obj
 .debug_str     0x0016ea02   0x16830d CMakeFiles/TEST_ADC_1.dir/Drivers/STM32H7xx_HAL_Driver/Src/stm32h7xx_hal_pwr_ex.c.obj
 .debug_str     0x0016ea02   0x1687f5 CMakeFiles/TEST_ADC_1.dir/Drivers/STM32H7xx_HAL_Driver/Src/stm32h7xx_hal_cortex.c.obj
 .debug_str     0x0016ea02   0x168dba CMakeFiles/TEST_ADC_1.dir/Drivers/STM32H7xx_HAL_Driver/Src/stm32h7xx_hal.c.obj
 .debug_str     0x0016ea02   0x168eed CMakeFiles/TEST_ADC_1.dir/Drivers/STM32H7xx_HAL_Driver/Src/stm32h7xx_hal_i2c.c.obj
 .debug_str     0x0016ea02   0x168291 CMakeFiles/TEST_ADC_1.dir/Drivers/STM32H7xx_HAL_Driver/Src/stm32h7xx_hal_i2c_ex.c.obj
 .debug_str     0x0016ea02   0x168d71 CMakeFiles/TEST_ADC_1.dir/Drivers/STM32H7xx_HAL_Driver/Src/stm32h7xx_hal_uart.c.obj
 .debug_str     0x0016ea02   0x168331 CMakeFiles/TEST_ADC_1.dir/Drivers/STM32H7xx_HAL_Driver/Src/stm32h7xx_hal_uart_ex.c.obj
 .debug_str     0x0016ea02   0x167ed4 CMakeFiles/TEST_ADC_1.dir/Core/Src/system_stm32h7xx.c.obj
 .debug_str     0x0016ea02     0x7166 CMakeFiles/TEST_ADC_1.dir/Core/Src/sysmem.c.obj
 .debug_str     0x0016ea02       0x74 CMakeFiles/TEST_ADC_1.dir/startup_stm32h750xx.s.obj

.debug_line_str
                0x00000000      0x221
 .debug_line_str
                0x00000000      0x221 CMakeFiles/TEST_ADC_1.dir/startup_stm32h750xx.s.obj
                                 0x58 (size before relaxing)
 .debug_line_str
                0x00000221       0xc9 D:/tool/cmake/cmake_zip/arm-gnu-toolchain/bin/../lib/gcc/arm-none-eabi/14.2.1/thumb/v7e-m+dp/hard\libgcc.a(_aeabi_uldivmod.o)
 .debug_line_str
                0x00000221       0xcd D:/tool/cmake/cmake_zip/arm-gnu-toolchain/bin/../lib/gcc/arm-none-eabi/14.2.1/thumb/v7e-m+dp/hard\libgcc.a(_dvmd_tls.o)
 .debug_line_str
                0x00000221       0xeb D:/tool/cmake/cmake_zip/arm-gnu-toolchain/bin/../lib/gcc/arm-none-eabi/14.2.1/thumb/v7e-m+dp/hard\libg_nano.a(libc_a-strlen.o)
 .debug_line_str
                0x00000221       0xe1 D:/tool/cmake/cmake_zip/arm-gnu-toolchain/bin/../lib/gcc/arm-none-eabi/14.2.1/thumb/v7e-m+dp/hard\libg_nano.a(libc_a-memchr.o)
